============================= test session starts =============================
platform win32 -- Python 3.13.3, pytest-8.4.0, pluggy-1.6.0
rootdir: C:\Users\flavi\Eterna-Home
configfile: pytest.ini
testpaths: tests
plugins: anyio-4.9.0, Faker-37.3.0, alembic-0.12.1, asyncio-1.0.0
asyncio: mode=Mode.STRICT, asyncio_default_fixture_loop_scope=None, asyncio_default_test_loop_scope=function
collected 143 items

tests\api\test_auth.py ....                                              [  2%]
tests\api\test_documents.py EEEEEE                                       [  6%]
tests\api\test_documents_download.py EEE                                 [  9%]
tests\api\test_documents_upload.py EEEEE                                 [ 12%]
tests\api\test_house_api.py EEEEEFE                                      [ 17%]
tests\api\test_user_api.py FFFFFFF                                       [ 22%]
