============================= test session starts =============================
platform win32 -- Python 3.13.3, pytest-8.4.0, pluggy-1.6.0 -- C:\Users\flavi\Eterna-Home\venv\Scripts\python.exe
cachedir: .pytest_cache
rootdir: C:\Users\flavi\Eterna-Home
configfile: pytest.ini
plugins: anyio-4.9.0, Faker-37.3.0, alembic-0.12.1, asyncio-1.0.0, timeout-2.4.0
asyncio: mode=Mode.STRICT, asyncio_default_fixture_loop_scope=None, asyncio_default_test_loop_scope=function
collecting ... collected 1 item

tests/api/test_documents.py::test_upload_document_file 
------------------------------- live log setup --------------------------------
2025-07-06 18:05:48 [   DEBUG] Looking for locale `en_US` in provider `faker.providers.address`. (factory.py:78)
2025-07-06 18:05:48 [   DEBUG] Provider `faker.providers.address` has been localized to `en_US`. (factory.py:97)
2025-07-06 18:05:48 [   DEBUG] Looking for locale `en_US` in provider `faker.providers.automotive`. (factory.py:78)
2025-07-06 18:05:48 [   DEBUG] Provider `faker.providers.automotive` has been localized to `en_US`. (factory.py:97)
2025-07-06 18:05:48 [   DEBUG] Looking for locale `en_US` in provider `faker.providers.bank`. (factory.py:78)
2025-07-06 18:05:48 [   DEBUG] Specified locale `en_US` is not available for provider `faker.providers.bank`. Locale reset to `en_GB` for this provider. (factory.py:88)
2025-07-06 18:05:49 [   DEBUG] Looking for locale `en_US` in provider `faker.providers.barcode`. (factory.py:78)
2025-07-06 18:05:49 [   DEBUG] Provider `faker.providers.barcode` has been localized to `en_US`. (factory.py:97)
2025-07-06 18:05:49 [   DEBUG] Looking for locale `en_US` in provider `faker.providers.color`. (factory.py:78)
2025-07-06 18:05:49 [   DEBUG] Provider `faker.providers.color` has been localized to `en_US`. (factory.py:97)
2025-07-06 18:05:49 [   DEBUG] Looking for locale `en_US` in provider `faker.providers.company`. (factory.py:78)
2025-07-06 18:05:49 [   DEBUG] Provider `faker.providers.company` has been localized to `en_US`. (factory.py:97)
2025-07-06 18:05:49 [   DEBUG] Looking for locale `en_US` in provider `faker.providers.credit_card`. (factory.py:78)
2025-07-06 18:05:49 [   DEBUG] Provider `faker.providers.credit_card` has been localized to `en_US`. (factory.py:97)
2025-07-06 18:05:49 [   DEBUG] Looking for locale `en_US` in provider `faker.providers.currency`. (factory.py:78)
2025-07-06 18:05:49 [   DEBUG] Provider `faker.providers.currency` has been localized to `en_US`. (factory.py:97)
2025-07-06 18:05:49 [   DEBUG] Looking for locale `en_US` in provider `faker.providers.date_time`. (factory.py:78)
2025-07-06 18:05:49 [   DEBUG] Provider `faker.providers.date_time` has been localized to `en_US`. (factory.py:97)
2025-07-06 18:05:49 [   DEBUG] Provider `faker.providers.doi` does not feature localization. Specified locale `en_US` is not utilized for this provider. (factory.py:108)
2025-07-06 18:05:49 [   DEBUG] Provider `faker.providers.emoji` does not feature localization. Specified locale `en_US` is not utilized for this provider. (factory.py:108)
2025-07-06 18:05:49 [   DEBUG] Provider `faker.providers.file` does not feature localization. Specified locale `en_US` is not utilized for this provider. (factory.py:108)
2025-07-06 18:05:49 [   DEBUG] Looking for locale `en_US` in provider `faker.providers.geo`. (factory.py:78)
2025-07-06 18:05:49 [   DEBUG] Provider `faker.providers.geo` has been localized to `en_US`. (factory.py:97)
2025-07-06 18:05:49 [   DEBUG] Looking for locale `en_US` in provider `faker.providers.internet`. (factory.py:78)
2025-07-06 18:05:49 [   DEBUG] Provider `faker.providers.internet` has been localized to `en_US`. (factory.py:97)
2025-07-06 18:05:49 [   DEBUG] Looking for locale `en_US` in provider `faker.providers.isbn`. (factory.py:78)
2025-07-06 18:05:49 [   DEBUG] Provider `faker.providers.isbn` has been localized to `en_US`. (factory.py:97)
2025-07-06 18:05:49 [   DEBUG] Looking for locale `en_US` in provider `faker.providers.job`. (factory.py:78)
2025-07-06 18:05:49 [   DEBUG] Provider `faker.providers.job` has been localized to `en_US`. (factory.py:97)
2025-07-06 18:05:49 [   DEBUG] Looking for locale `en_US` in provider `faker.providers.lorem`. (factory.py:78)
2025-07-06 18:05:49 [   DEBUG] Provider `faker.providers.lorem` has been localized to `en_US`. (factory.py:97)
2025-07-06 18:05:49 [   DEBUG] Looking for locale `en_US` in provider `faker.providers.misc`. (factory.py:78)
2025-07-06 18:05:49 [   DEBUG] Provider `faker.providers.misc` has been localized to `en_US`. (factory.py:97)
2025-07-06 18:05:49 [   DEBUG] Looking for locale `en_US` in provider `faker.providers.passport`. (factory.py:78)
2025-07-06 18:05:49 [   DEBUG] Provider `faker.providers.passport` has been localized to `en_US`. (factory.py:97)
2025-07-06 18:05:49 [   DEBUG] Looking for locale `en_US` in provider `faker.providers.person`. (factory.py:78)
2025-07-06 18:05:49 [   DEBUG] Provider `faker.providers.person` has been localized to `en_US`. (factory.py:97)
2025-07-06 18:05:49 [   DEBUG] Looking for locale `en_US` in provider `faker.providers.phone_number`. (factory.py:78)
2025-07-06 18:05:49 [   DEBUG] Provider `faker.providers.phone_number` has been localized to `en_US`. (factory.py:97)
2025-07-06 18:05:49 [   DEBUG] Provider `faker.providers.profile` does not feature localization. Specified locale `en_US` is not utilized for this provider. (factory.py:108)
2025-07-06 18:05:49 [   DEBUG] Provider `faker.providers.python` does not feature localization. Specified locale `en_US` is not utilized for this provider. (factory.py:108)
2025-07-06 18:05:49 [   DEBUG] Provider `faker.providers.sbn` does not feature localization. Specified locale `en_US` is not utilized for this provider. (factory.py:108)
2025-07-06 18:05:49 [   DEBUG] Looking for locale `en_US` in provider `faker.providers.ssn`. (factory.py:78)
2025-07-06 18:05:49 [   DEBUG] Provider `faker.providers.ssn` has been localized to `en_US`. (factory.py:97)
2025-07-06 18:05:49 [   DEBUG] Provider `faker.providers.user_agent` does not feature localization. Specified locale `en_US` is not utilized for this provider. (factory.py:108)
2025-07-06 18:05:49 [   DEBUG] [TEST] Creazione automatica delle tabelle per i test... (conftest.py:89)
2025-07-06 18:05:49 [    INFO] select pg_catalog.version() (base.py:1842)
2025-07-06 18:05:49 [    INFO] [raw sql] {} (base.py:1842)
2025-07-06 18:05:49 [    INFO] select current_schema() (base.py:1842)
2025-07-06 18:05:49 [    INFO] [raw sql] {} (base.py:1842)
2025-07-06 18:05:49 [    INFO] show standard_conforming_strings (base.py:1842)
2025-07-06 18:05:49 [    INFO] [raw sql] {} (base.py:1842)
2025-07-06 18:05:49 [    INFO] BEGIN (implicit) (base.py:2698)
2025-07-06 18:05:49 [    INFO] SELECT pg_catalog.pg_class.relname 
FROM pg_catalog.pg_class JOIN pg_catalog.pg_namespace ON pg_catalog.pg_namespace.oid = pg_catalog.pg_class.relnamespace 
WHERE pg_catalog.pg_class.relname = %(table_name)s AND pg_catalog.pg_class.relkind = ANY (ARRAY[%(param_1)s, %(param_2)s, %(param_3)s, %(param_4)s, %(param_5)s]) AND pg_catalog.pg_table_is_visible(pg_catalog.pg_class.oid) AND pg_catalog.pg_namespace.nspname != %(nspname_1)s (base.py:1842)
2025-07-06 18:05:49 [    INFO] [generated in 0.00213s] {'table_name': 'user_roles', 'param_1': 'r', 'param_2': 'p', 'param_3': 'f', 'param_4': 'v', 'param_5': 'm', 'nspname_1': 'pg_catalog'} (base.py:1842)
2025-07-06 18:05:49 [   DEBUG] Query eseguita in 0.01 secondi: SELECT pg_catalog.pg_class.relname 
FROM pg_catalog.pg_class JOIN pg_catalog.pg_namespace ON pg_catalog.pg_namespace.oid = pg_catalog.pg_class.relnamespace 
WHERE pg_catalog.pg_class.relname = %(table_name)s AND pg_catalog.pg_class.relkind = ANY (ARRAY[%(param_1)s, %(param_2)s, %(param_3)s, %(param_4)s, %(param_5)s]) AND pg_catalog.pg_table_is_visible(pg_catalog.pg_class.oid) AND pg_catalog.pg_namespace.nspname != %(nspname_1)s (session.py:34)
2025-07-06 18:05:49 [    INFO] SELECT pg_catalog.pg_class.relname 
FROM pg_catalog.pg_class JOIN pg_catalog.pg_namespace ON pg_catalog.pg_namespace.oid = pg_catalog.pg_class.relnamespace 
WHERE pg_catalog.pg_class.relname = %(table_name)s AND pg_catalog.pg_class.relkind = ANY (ARRAY[%(param_1)s, %(param_2)s, %(param_3)s, %(param_4)s, %(param_5)s]) AND pg_catalog.pg_table_is_visible(pg_catalog.pg_class.oid) AND pg_catalog.pg_namespace.nspname != %(nspname_1)s (base.py:1842)
2025-07-06 18:05:49 [    INFO] [cached since 0.01535s ago] {'table_name': 'role_permissions', 'param_1': 'r', 'param_2': 'p', 'param_3': 'f', 'param_4': 'v', 'param_5': 'm', 'nspname_1': 'pg_catalog'} (base.py:1842)
2025-07-06 18:05:49 [   DEBUG] Query eseguita in 0.00 secondi: SELECT pg_catalog.pg_class.relname 
FROM pg_catalog.pg_class JOIN pg_catalog.pg_namespace ON pg_catalog.pg_namespace.oid = pg_catalog.pg_class.relnamespace 
WHERE pg_catalog.pg_class.relname = %(table_name)s AND pg_catalog.pg_class.relkind = ANY (ARRAY[%(param_1)s, %(param_2)s, %(param_3)s, %(param_4)s, %(param_5)s]) AND pg_catalog.pg_table_is_visible(pg_catalog.pg_class.oid) AND pg_catalog.pg_namespace.nspname != %(nspname_1)s (session.py:34)
2025-07-06 18:05:49 [    INFO] SELECT pg_catalog.pg_class.relname 
FROM pg_catalog.pg_class JOIN pg_catalog.pg_namespace ON pg_catalog.pg_namespace.oid = pg_catalog.pg_class.relnamespace 
WHERE pg_catalog.pg_class.relname = %(table_name)s AND pg_catalog.pg_class.relkind = ANY (ARRAY[%(param_1)s, %(param_2)s, %(param_3)s, %(param_4)s, %(param_5)s]) AND pg_catalog.pg_table_is_visible(pg_catalog.pg_class.oid) AND pg_catalog.pg_namespace.nspname != %(nspname_1)s (base.py:1842)
2025-07-06 18:05:49 [    INFO] [cached since 0.01971s ago] {'table_name': 'roles', 'param_1': 'r', 'param_2': 'p', 'param_3': 'f', 'param_4': 'v', 'param_5': 'm', 'nspname_1': 'pg_catalog'} (base.py:1842)
2025-07-06 18:05:49 [   DEBUG] Query eseguita in 0.00 secondi: SELECT pg_catalog.pg_class.relname 
FROM pg_catalog.pg_class JOIN pg_catalog.pg_namespace ON pg_catalog.pg_namespace.oid = pg_catalog.pg_class.relnamespace 
WHERE pg_catalog.pg_class.relname = %(table_name)s AND pg_catalog.pg_class.relkind = ANY (ARRAY[%(param_1)s, %(param_2)s, %(param_3)s, %(param_4)s, %(param_5)s]) AND pg_catalog.pg_table_is_visible(pg_catalog.pg_class.oid) AND pg_catalog.pg_namespace.nspname != %(nspname_1)s (session.py:34)
2025-07-06 18:05:49 [    INFO] SELECT pg_catalog.pg_class.relname 
FROM pg_catalog.pg_class JOIN pg_catalog.pg_namespace ON pg_catalog.pg_namespace.oid = pg_catalog.pg_class.relnamespace 
WHERE pg_catalog.pg_class.relname = %(table_name)s AND pg_catalog.pg_class.relkind = ANY (ARRAY[%(param_1)s, %(param_2)s, %(param_3)s, %(param_4)s, %(param_5)s]) AND pg_catalog.pg_table_is_visible(pg_catalog.pg_class.oid) AND pg_catalog.pg_namespace.nspname != %(nspname_1)s (base.py:1842)
2025-07-06 18:05:49 [    INFO] [cached since 0.02652s ago] {'table_name': 'user_tenant_roles', 'param_1': 'r', 'param_2': 'p', 'param_3': 'f', 'param_4': 'v', 'param_5': 'm', 'nspname_1': 'pg_catalog'} (base.py:1842)
2025-07-06 18:05:49 [   DEBUG] Query eseguita in 0.01 secondi: SELECT pg_catalog.pg_class.relname 
FROM pg_catalog.pg_class JOIN pg_catalog.pg_namespace ON pg_catalog.pg_namespace.oid = pg_catalog.pg_class.relnamespace 
WHERE pg_catalog.pg_class.relname = %(table_name)s AND pg_catalog.pg_class.relkind = ANY (ARRAY[%(param_1)s, %(param_2)s, %(param_3)s, %(param_4)s, %(param_5)s]) AND pg_catalog.pg_table_is_visible(pg_catalog.pg_class.oid) AND pg_catalog.pg_namespace.nspname != %(nspname_1)s (session.py:34)
2025-07-06 18:05:49 [    INFO] SELECT pg_catalog.pg_class.relname 
FROM pg_catalog.pg_class JOIN pg_catalog.pg_namespace ON pg_catalog.pg_namespace.oid = pg_catalog.pg_class.relnamespace 
WHERE pg_catalog.pg_class.relname = %(table_name)s AND pg_catalog.pg_class.relkind = ANY (ARRAY[%(param_1)s, %(param_2)s, %(param_3)s, %(param_4)s, %(param_5)s]) AND pg_catalog.pg_table_is_visible(pg_catalog.pg_class.oid) AND pg_catalog.pg_namespace.nspname != %(nspname_1)s (base.py:1842)
2025-07-06 18:05:49 [    INFO] [cached since 0.03142s ago] {'table_name': 'user_houses', 'param_1': 'r', 'param_2': 'p', 'param_3': 'f', 'param_4': 'v', 'param_5': 'm', 'nspname_1': 'pg_catalog'} (base.py:1842)
2025-07-06 18:05:49 [   DEBUG] Query eseguita in 0.00 secondi: SELECT pg_catalog.pg_class.relname 
FROM pg_catalog.pg_class JOIN pg_catalog.pg_namespace ON pg_catalog.pg_namespace.oid = pg_catalog.pg_class.relnamespace 
WHERE pg_catalog.pg_class.relname = %(table_name)s AND pg_catalog.pg_class.relkind = ANY (ARRAY[%(param_1)s, %(param_2)s, %(param_3)s, %(param_4)s, %(param_5)s]) AND pg_catalog.pg_table_is_visible(pg_catalog.pg_class.oid) AND pg_catalog.pg_namespace.nspname != %(nspname_1)s (session.py:34)
2025-07-06 18:05:49 [    INFO] SELECT pg_catalog.pg_class.relname 
FROM pg_catalog.pg_class JOIN pg_catalog.pg_namespace ON pg_catalog.pg_namespace.oid = pg_catalog.pg_class.relnamespace 
WHERE pg_catalog.pg_class.relname = %(table_name)s AND pg_catalog.pg_class.relkind = ANY (ARRAY[%(param_1)s, %(param_2)s, %(param_3)s, %(param_4)s, %(param_5)s]) AND pg_catalog.pg_table_is_visible(pg_catalog.pg_class.oid) AND pg_catalog.pg_namespace.nspname != %(nspname_1)s (base.py:1842)
2025-07-06 18:05:49 [    INFO] [cached since 0.0369s ago] {'table_name': 'user_permissions', 'param_1': 'r', 'param_2': 'p', 'param_3': 'f', 'param_4': 'v', 'param_5': 'm', 'nspname_1': 'pg_catalog'} (base.py:1842)
2025-07-06 18:05:49 [   DEBUG] Query eseguita in 0.01 secondi: SELECT pg_catalog.pg_class.relname 
FROM pg_catalog.pg_class JOIN pg_catalog.pg_namespace ON pg_catalog.pg_namespace.oid = pg_catalog.pg_class.relnamespace 
WHERE pg_catalog.pg_class.relname = %(table_name)s AND pg_catalog.pg_class.relkind = ANY (ARRAY[%(param_1)s, %(param_2)s, %(param_3)s, %(param_4)s, %(param_5)s]) AND pg_catalog.pg_table_is_visible(pg_catalog.pg_class.oid) AND pg_catalog.pg_namespace.nspname != %(nspname_1)s (session.py:34)
2025-07-06 18:05:49 [    INFO] SELECT pg_catalog.pg_class.relname 
FROM pg_catalog.pg_class JOIN pg_catalog.pg_namespace ON pg_catalog.pg_namespace.oid = pg_catalog.pg_class.relnamespace 
WHERE pg_catalog.pg_class.relname = %(table_name)s AND pg_catalog.pg_class.relkind = ANY (ARRAY[%(param_1)s, %(param_2)s, %(param_3)s, %(param_4)s, %(param_5)s]) AND pg_catalog.pg_table_is_visible(pg_catalog.pg_class.oid) AND pg_catalog.pg_namespace.nspname != %(nspname_1)s (base.py:1842)
2025-07-06 18:05:49 [    INFO] [cached since 0.04709s ago] {'table_name': 'permissions', 'param_1': 'r', 'param_2': 'p', 'param_3': 'f', 'param_4': 'v', 'param_5': 'm', 'nspname_1': 'pg_catalog'} (base.py:1842)
2025-07-06 18:05:49 [   DEBUG] Query eseguita in 0.01 secondi: SELECT pg_catalog.pg_class.relname 
FROM pg_catalog.pg_class JOIN pg_catalog.pg_namespace ON pg_catalog.pg_namespace.oid = pg_catalog.pg_class.relnamespace 
WHERE pg_catalog.pg_class.relname = %(table_name)s AND pg_catalog.pg_class.relkind = ANY (ARRAY[%(param_1)s, %(param_2)s, %(param_3)s, %(param_4)s, %(param_5)s]) AND pg_catalog.pg_table_is_visible(pg_catalog.pg_class.oid) AND pg_catalog.pg_namespace.nspname != %(nspname_1)s (session.py:34)
2025-07-06 18:05:49 [    INFO] SELECT pg_catalog.pg_class.relname 
FROM pg_catalog.pg_class JOIN pg_catalog.pg_namespace ON pg_catalog.pg_namespace.oid = pg_catalog.pg_class.relnamespace 
WHERE pg_catalog.pg_class.relname = %(table_name)s AND pg_catalog.pg_class.relkind = ANY (ARRAY[%(param_1)s, %(param_2)s, %(param_3)s, %(param_4)s, %(param_5)s]) AND pg_catalog.pg_table_is_visible(pg_catalog.pg_class.oid) AND pg_catalog.pg_namespace.nspname != %(nspname_1)s (base.py:1842)
2025-07-06 18:05:49 [    INFO] [cached since 0.05259s ago] {'table_name': 'users', 'param_1': 'r', 'param_2': 'p', 'param_3': 'f', 'param_4': 'v', 'param_5': 'm', 'nspname_1': 'pg_catalog'} (base.py:1842)
2025-07-06 18:05:49 [   DEBUG] Query eseguita in 0.00 secondi: SELECT pg_catalog.pg_class.relname 
FROM pg_catalog.pg_class JOIN pg_catalog.pg_namespace ON pg_catalog.pg_namespace.oid = pg_catalog.pg_class.relnamespace 
WHERE pg_catalog.pg_class.relname = %(table_name)s AND pg_catalog.pg_class.relkind = ANY (ARRAY[%(param_1)s, %(param_2)s, %(param_3)s, %(param_4)s, %(param_5)s]) AND pg_catalog.pg_table_is_visible(pg_catalog.pg_class.oid) AND pg_catalog.pg_namespace.nspname != %(nspname_1)s (session.py:34)
2025-07-06 18:05:49 [    INFO] SELECT pg_catalog.pg_class.relname 
FROM pg_catalog.pg_class JOIN pg_catalog.pg_namespace ON pg_catalog.pg_namespace.oid = pg_catalog.pg_class.relnamespace 
WHERE pg_catalog.pg_class.relname = %(table_name)s AND pg_catalog.pg_class.relkind = ANY (ARRAY[%(param_1)s, %(param_2)s, %(param_3)s, %(param_4)s, %(param_5)s]) AND pg_catalog.pg_table_is_visible(pg_catalog.pg_class.oid) AND pg_catalog.pg_namespace.nspname != %(nspname_1)s (base.py:1842)
2025-07-06 18:05:49 [    INFO] [cached since 0.05945s ago] {'table_name': 'documents', 'param_1': 'r', 'param_2': 'p', 'param_3': 'f', 'param_4': 'v', 'param_5': 'm', 'nspname_1': 'pg_catalog'} (base.py:1842)
2025-07-06 18:05:49 [   DEBUG] Query eseguita in 0.01 secondi: SELECT pg_catalog.pg_class.relname 
FROM pg_catalog.pg_class JOIN pg_catalog.pg_namespace ON pg_catalog.pg_namespace.oid = pg_catalog.pg_class.relnamespace 
WHERE pg_catalog.pg_class.relname = %(table_name)s AND pg_catalog.pg_class.relkind = ANY (ARRAY[%(param_1)s, %(param_2)s, %(param_3)s, %(param_4)s, %(param_5)s]) AND pg_catalog.pg_table_is_visible(pg_catalog.pg_class.oid) AND pg_catalog.pg_namespace.nspname != %(nspname_1)s (session.py:34)
2025-07-06 18:05:49 [    INFO] SELECT pg_catalog.pg_class.relname 
FROM pg_catalog.pg_class JOIN pg_catalog.pg_namespace ON pg_catalog.pg_namespace.oid = pg_catalog.pg_class.relnamespace 
WHERE pg_catalog.pg_class.relname = %(table_name)s AND pg_catalog.pg_class.relkind = ANY (ARRAY[%(param_1)s, %(param_2)s, %(param_3)s, %(param_4)s, %(param_5)s]) AND pg_catalog.pg_table_is_visible(pg_catalog.pg_class.oid) AND pg_catalog.pg_namespace.nspname != %(nspname_1)s (base.py:1842)
2025-07-06 18:05:49 [    INFO] [cached since 0.07096s ago] {'table_name': 'document_versions', 'param_1': 'r', 'param_2': 'p', 'param_3': 'f', 'param_4': 'v', 'param_5': 'm', 'nspname_1': 'pg_catalog'} (base.py:1842)
2025-07-06 18:05:49 [   DEBUG] Query eseguita in 0.01 secondi: SELECT pg_catalog.pg_class.relname 
FROM pg_catalog.pg_class JOIN pg_catalog.pg_namespace ON pg_catalog.pg_namespace.oid = pg_catalog.pg_class.relnamespace 
WHERE pg_catalog.pg_class.relname = %(table_name)s AND pg_catalog.pg_class.relkind = ANY (ARRAY[%(param_1)s, %(param_2)s, %(param_3)s, %(param_4)s, %(param_5)s]) AND pg_catalog.pg_table_is_visible(pg_catalog.pg_class.oid) AND pg_catalog.pg_namespace.nspname != %(nspname_1)s (session.py:34)
2025-07-06 18:05:49 [    INFO] SELECT pg_catalog.pg_class.relname 
FROM pg_catalog.pg_class JOIN pg_catalog.pg_namespace ON pg_catalog.pg_namespace.oid = pg_catalog.pg_class.relnamespace 
WHERE pg_catalog.pg_class.relname = %(table_name)s AND pg_catalog.pg_class.relkind = ANY (ARRAY[%(param_1)s, %(param_2)s, %(param_3)s, %(param_4)s, %(param_5)s]) AND pg_catalog.pg_table_is_visible(pg_catalog.pg_class.oid) AND pg_catalog.pg_namespace.nspname != %(nspname_1)s (base.py:1842)
2025-07-06 18:05:49 [    INFO] [cached since 0.08745s ago] {'table_name': 'houses', 'param_1': 'r', 'param_2': 'p', 'param_3': 'f', 'param_4': 'v', 'param_5': 'm', 'nspname_1': 'pg_catalog'} (base.py:1842)
2025-07-06 18:05:49 [   DEBUG] Query eseguita in 0.00 secondi: SELECT pg_catalog.pg_class.relname 
FROM pg_catalog.pg_class JOIN pg_catalog.pg_namespace ON pg_catalog.pg_namespace.oid = pg_catalog.pg_class.relnamespace 
WHERE pg_catalog.pg_class.relname = %(table_name)s AND pg_catalog.pg_class.relkind = ANY (ARRAY[%(param_1)s, %(param_2)s, %(param_3)s, %(param_4)s, %(param_5)s]) AND pg_catalog.pg_table_is_visible(pg_catalog.pg_class.oid) AND pg_catalog.pg_namespace.nspname != %(nspname_1)s (session.py:34)
2025-07-06 18:05:49 [    INFO] SELECT pg_catalog.pg_class.relname 
FROM pg_catalog.pg_class JOIN pg_catalog.pg_namespace ON pg_catalog.pg_namespace.oid = pg_catalog.pg_class.relnamespace 
WHERE pg_catalog.pg_class.relname = %(table_name)s AND pg_catalog.pg_class.relkind = ANY (ARRAY[%(param_1)s, %(param_2)s, %(param_3)s, %(param_4)s, %(param_5)s]) AND pg_catalog.pg_table_is_visible(pg_catalog.pg_class.oid) AND pg_catalog.pg_namespace.nspname != %(nspname_1)s (base.py:1842)
2025-07-06 18:05:49 [    INFO] [cached since 0.0946s ago] {'table_name': 'node_areas', 'param_1': 'r', 'param_2': 'p', 'param_3': 'f', 'param_4': 'v', 'param_5': 'm', 'nspname_1': 'pg_catalog'} (base.py:1842)
2025-07-06 18:05:49 [   DEBUG] Query eseguita in 0.01 secondi: SELECT pg_catalog.pg_class.relname 
FROM pg_catalog.pg_class JOIN pg_catalog.pg_namespace ON pg_catalog.pg_namespace.oid = pg_catalog.pg_class.relnamespace 
WHERE pg_catalog.pg_class.relname = %(table_name)s AND pg_catalog.pg_class.relkind = ANY (ARRAY[%(param_1)s, %(param_2)s, %(param_3)s, %(param_4)s, %(param_5)s]) AND pg_catalog.pg_table_is_visible(pg_catalog.pg_class.oid) AND pg_catalog.pg_namespace.nspname != %(nspname_1)s (session.py:34)
2025-07-06 18:05:49 [    INFO] SELECT pg_catalog.pg_class.relname 
FROM pg_catalog.pg_class JOIN pg_catalog.pg_namespace ON pg_catalog.pg_namespace.oid = pg_catalog.pg_class.relnamespace 
WHERE pg_catalog.pg_class.relname = %(table_name)s AND pg_catalog.pg_class.relkind = ANY (ARRAY[%(param_1)s, %(param_2)s, %(param_3)s, %(param_4)s, %(param_5)s]) AND pg_catalog.pg_table_is_visible(pg_catalog.pg_class.oid) AND pg_catalog.pg_namespace.nspname != %(nspname_1)s (base.py:1842)
2025-07-06 18:05:49 [    INFO] [cached since 0.1002s ago] {'table_name': 'main_areas', 'param_1': 'r', 'param_2': 'p', 'param_3': 'f', 'param_4': 'v', 'param_5': 'm', 'nspname_1': 'pg_catalog'} (base.py:1842)
2025-07-06 18:05:49 [   DEBUG] Query eseguita in 0.00 secondi: SELECT pg_catalog.pg_class.relname 
FROM pg_catalog.pg_class JOIN pg_catalog.pg_namespace ON pg_catalog.pg_namespace.oid = pg_catalog.pg_class.relnamespace 
WHERE pg_catalog.pg_class.relname = %(table_name)s AND pg_catalog.pg_class.relkind = ANY (ARRAY[%(param_1)s, %(param_2)s, %(param_3)s, %(param_4)s, %(param_5)s]) AND pg_catalog.pg_table_is_visible(pg_catalog.pg_class.oid) AND pg_catalog.pg_namespace.nspname != %(nspname_1)s (session.py:34)
2025-07-06 18:05:49 [    INFO] SELECT pg_catalog.pg_class.relname 
FROM pg_catalog.pg_class JOIN pg_catalog.pg_namespace ON pg_catalog.pg_namespace.oid = pg_catalog.pg_class.relnamespace 
WHERE pg_catalog.pg_class.relname = %(table_name)s AND pg_catalog.pg_class.relkind = ANY (ARRAY[%(param_1)s, %(param_2)s, %(param_3)s, %(param_4)s, %(param_5)s]) AND pg_catalog.pg_table_is_visible(pg_catalog.pg_class.oid) AND pg_catalog.pg_namespace.nspname != %(nspname_1)s (base.py:1842)
2025-07-06 18:05:49 [    INFO] [cached since 0.1056s ago] {'table_name': 'nodes', 'param_1': 'r', 'param_2': 'p', 'param_3': 'f', 'param_4': 'v', 'param_5': 'm', 'nspname_1': 'pg_catalog'} (base.py:1842)
2025-07-06 18:05:49 [   DEBUG] Query eseguita in 0.00 secondi: SELECT pg_catalog.pg_class.relname 
FROM pg_catalog.pg_class JOIN pg_catalog.pg_namespace ON pg_catalog.pg_namespace.oid = pg_catalog.pg_class.relnamespace 
WHERE pg_catalog.pg_class.relname = %(table_name)s AND pg_catalog.pg_class.relkind = ANY (ARRAY[%(param_1)s, %(param_2)s, %(param_3)s, %(param_4)s, %(param_5)s]) AND pg_catalog.pg_table_is_visible(pg_catalog.pg_class.oid) AND pg_catalog.pg_namespace.nspname != %(nspname_1)s (session.py:34)
2025-07-06 18:05:49 [    INFO] SELECT pg_catalog.pg_class.relname 
FROM pg_catalog.pg_class JOIN pg_catalog.pg_namespace ON pg_catalog.pg_namespace.oid = pg_catalog.pg_class.relnamespace 
WHERE pg_catalog.pg_class.relname = %(table_name)s AND pg_catalog.pg_class.relkind = ANY (ARRAY[%(param_1)s, %(param_2)s, %(param_3)s, %(param_4)s, %(param_5)s]) AND pg_catalog.pg_table_is_visible(pg_catalog.pg_class.oid) AND pg_catalog.pg_namespace.nspname != %(nspname_1)s (base.py:1842)
2025-07-06 18:05:49 [    INFO] [cached since 0.1101s ago] {'table_name': 'rooms', 'param_1': 'r', 'param_2': 'p', 'param_3': 'f', 'param_4': 'v', 'param_5': 'm', 'nspname_1': 'pg_catalog'} (base.py:1842)
2025-07-06 18:05:49 [   DEBUG] Query eseguita in 0.00 secondi: SELECT pg_catalog.pg_class.relname 
FROM pg_catalog.pg_class JOIN pg_catalog.pg_namespace ON pg_catalog.pg_namespace.oid = pg_catalog.pg_class.relnamespace 
WHERE pg_catalog.pg_class.relname = %(table_name)s AND pg_catalog.pg_class.relkind = ANY (ARRAY[%(param_1)s, %(param_2)s, %(param_3)s, %(param_4)s, %(param_5)s]) AND pg_catalog.pg_table_is_visible(pg_catalog.pg_class.oid) AND pg_catalog.pg_namespace.nspname != %(nspname_1)s (session.py:34)
2025-07-06 18:05:49 [    INFO] SELECT pg_catalog.pg_class.relname 
FROM pg_catalog.pg_class JOIN pg_catalog.pg_namespace ON pg_catalog.pg_namespace.oid = pg_catalog.pg_class.relnamespace 
WHERE pg_catalog.pg_class.relname = %(table_name)s AND pg_catalog.pg_class.relkind = ANY (ARRAY[%(param_1)s, %(param_2)s, %(param_3)s, %(param_4)s, %(param_5)s]) AND pg_catalog.pg_table_is_visible(pg_catalog.pg_class.oid) AND pg_catalog.pg_namespace.nspname != %(nspname_1)s (base.py:1842)
2025-07-06 18:05:49 [    INFO] [cached since 0.1145s ago] {'table_name': 'bookings', 'param_1': 'r', 'param_2': 'p', 'param_3': 'f', 'param_4': 'v', 'param_5': 'm', 'nspname_1': 'pg_catalog'} (base.py:1842)
2025-07-06 18:05:49 [   DEBUG] Query eseguita in 0.00 secondi: SELECT pg_catalog.pg_class.relname 
FROM pg_catalog.pg_class JOIN pg_catalog.pg_namespace ON pg_catalog.pg_namespace.oid = pg_catalog.pg_class.relnamespace 
WHERE pg_catalog.pg_class.relname = %(table_name)s AND pg_catalog.pg_class.relkind = ANY (ARRAY[%(param_1)s, %(param_2)s, %(param_3)s, %(param_4)s, %(param_5)s]) AND pg_catalog.pg_table_is_visible(pg_catalog.pg_class.oid) AND pg_catalog.pg_namespace.nspname != %(nspname_1)s (session.py:34)
2025-07-06 18:05:49 [    INFO] SELECT pg_catalog.pg_class.relname 
FROM pg_catalog.pg_class JOIN pg_catalog.pg_namespace ON pg_catalog.pg_namespace.oid = pg_catalog.pg_class.relnamespace 
WHERE pg_catalog.pg_class.relname = %(table_name)s AND pg_catalog.pg_class.relkind = ANY (ARRAY[%(param_1)s, %(param_2)s, %(param_3)s, %(param_4)s, %(param_5)s]) AND pg_catalog.pg_table_is_visible(pg_catalog.pg_class.oid) AND pg_catalog.pg_namespace.nspname != %(nspname_1)s (base.py:1842)
2025-07-06 18:05:49 [    INFO] [cached since 0.1196s ago] {'table_name': 'maintenance_records', 'param_1': 'r', 'param_2': 'p', 'param_3': 'f', 'param_4': 'v', 'param_5': 'm', 'nspname_1': 'pg_catalog'} (base.py:1842)
2025-07-06 18:05:49 [   DEBUG] Query eseguita in 0.01 secondi: SELECT pg_catalog.pg_class.relname 
FROM pg_catalog.pg_class JOIN pg_catalog.pg_namespace ON pg_catalog.pg_namespace.oid = pg_catalog.pg_class.relnamespace 
WHERE pg_catalog.pg_class.relname = %(table_name)s AND pg_catalog.pg_class.relkind = ANY (ARRAY[%(param_1)s, %(param_2)s, %(param_3)s, %(param_4)s, %(param_5)s]) AND pg_catalog.pg_table_is_visible(pg_catalog.pg_class.oid) AND pg_catalog.pg_namespace.nspname != %(nspname_1)s (session.py:34)
2025-07-06 18:05:49 [    INFO] SELECT pg_catalog.pg_class.relname 
FROM pg_catalog.pg_class JOIN pg_catalog.pg_namespace ON pg_catalog.pg_namespace.oid = pg_catalog.pg_class.relnamespace 
WHERE pg_catalog.pg_class.relname = %(table_name)s AND pg_catalog.pg_class.relkind = ANY (ARRAY[%(param_1)s, %(param_2)s, %(param_3)s, %(param_4)s, %(param_5)s]) AND pg_catalog.pg_table_is_visible(pg_catalog.pg_class.oid) AND pg_catalog.pg_namespace.nspname != %(nspname_1)s (base.py:1842)
2025-07-06 18:05:49 [    INFO] [cached since 0.1276s ago] {'table_name': 'bim_model_versions', 'param_1': 'r', 'param_2': 'p', 'param_3': 'f', 'param_4': 'v', 'param_5': 'm', 'nspname_1': 'pg_catalog'} (base.py:1842)
2025-07-06 18:05:49 [   DEBUG] Query eseguita in 0.01 secondi: SELECT pg_catalog.pg_class.relname 
FROM pg_catalog.pg_class JOIN pg_catalog.pg_namespace ON pg_catalog.pg_namespace.oid = pg_catalog.pg_class.relnamespace 
WHERE pg_catalog.pg_class.relname = %(table_name)s AND pg_catalog.pg_class.relkind = ANY (ARRAY[%(param_1)s, %(param_2)s, %(param_3)s, %(param_4)s, %(param_5)s]) AND pg_catalog.pg_table_is_visible(pg_catalog.pg_class.oid) AND pg_catalog.pg_namespace.nspname != %(nspname_1)s (session.py:34)
2025-07-06 18:05:49 [    INFO] SELECT pg_catalog.pg_class.relname 
FROM pg_catalog.pg_class JOIN pg_catalog.pg_namespace ON pg_catalog.pg_namespace.oid = pg_catalog.pg_class.relnamespace 
WHERE pg_catalog.pg_class.relname = %(table_name)s AND pg_catalog.pg_class.relkind = ANY (ARRAY[%(param_1)s, %(param_2)s, %(param_3)s, %(param_4)s, %(param_5)s]) AND pg_catalog.pg_table_is_visible(pg_catalog.pg_class.oid) AND pg_catalog.pg_namespace.nspname != %(nspname_1)s (base.py:1842)
2025-07-06 18:05:49 [    INFO] [cached since 0.1355s ago] {'table_name': 'bim_models', 'param_1': 'r', 'param_2': 'p', 'param_3': 'f', 'param_4': 'v', 'param_5': 'm', 'nspname_1': 'pg_catalog'} (base.py:1842)
2025-07-06 18:05:49 [   DEBUG] Query eseguita in 0.00 secondi: SELECT pg_catalog.pg_class.relname 
FROM pg_catalog.pg_class JOIN pg_catalog.pg_namespace ON pg_catalog.pg_namespace.oid = pg_catalog.pg_class.relnamespace 
WHERE pg_catalog.pg_class.relname = %(table_name)s AND pg_catalog.pg_class.relkind = ANY (ARRAY[%(param_1)s, %(param_2)s, %(param_3)s, %(param_4)s, %(param_5)s]) AND pg_catalog.pg_table_is_visible(pg_catalog.pg_class.oid) AND pg_catalog.pg_namespace.nspname != %(nspname_1)s (session.py:34)
2025-07-06 18:05:49 [    INFO] SELECT pg_catalog.pg_class.relname 
FROM pg_catalog.pg_class JOIN pg_catalog.pg_namespace ON pg_catalog.pg_namespace.oid = pg_catalog.pg_class.relnamespace 
WHERE pg_catalog.pg_class.relname = %(table_name)s AND pg_catalog.pg_class.relkind = ANY (ARRAY[%(param_1)s, %(param_2)s, %(param_3)s, %(param_4)s, %(param_5)s]) AND pg_catalog.pg_table_is_visible(pg_catalog.pg_class.oid) AND pg_catalog.pg_namespace.nspname != %(nspname_1)s (base.py:1842)
2025-07-06 18:05:49 [    INFO] [cached since 0.141s ago] {'table_name': 'audio_logs', 'param_1': 'r', 'param_2': 'p', 'param_3': 'f', 'param_4': 'v', 'param_5': 'm', 'nspname_1': 'pg_catalog'} (base.py:1842)
2025-07-06 18:05:49 [   DEBUG] Query eseguita in 0.01 secondi: SELECT pg_catalog.pg_class.relname 
FROM pg_catalog.pg_class JOIN pg_catalog.pg_namespace ON pg_catalog.pg_namespace.oid = pg_catalog.pg_class.relnamespace 
WHERE pg_catalog.pg_class.relname = %(table_name)s AND pg_catalog.pg_class.relkind = ANY (ARRAY[%(param_1)s, %(param_2)s, %(param_3)s, %(param_4)s, %(param_5)s]) AND pg_catalog.pg_table_is_visible(pg_catalog.pg_class.oid) AND pg_catalog.pg_namespace.nspname != %(nspname_1)s (session.py:34)
2025-07-06 18:05:49 [    INFO] SELECT pg_catalog.pg_class.relname 
FROM pg_catalog.pg_class JOIN pg_catalog.pg_namespace ON pg_catalog.pg_namespace.oid = pg_catalog.pg_class.relnamespace 
WHERE pg_catalog.pg_class.relname = %(table_name)s AND pg_catalog.pg_class.relkind = ANY (ARRAY[%(param_1)s, %(param_2)s, %(param_3)s, %(param_4)s, %(param_5)s]) AND pg_catalog.pg_table_is_visible(pg_catalog.pg_class.oid) AND pg_catalog.pg_namespace.nspname != %(nspname_1)s (base.py:1842)
2025-07-06 18:05:49 [    INFO] [cached since 0.1474s ago] {'table_name': 'ai_interactions', 'param_1': 'r', 'param_2': 'p', 'param_3': 'f', 'param_4': 'v', 'param_5': 'm', 'nspname_1': 'pg_catalog'} (base.py:1842)
2025-07-06 18:05:49 [   DEBUG] Query eseguita in 0.00 secondi: SELECT pg_catalog.pg_class.relname 
FROM pg_catalog.pg_class JOIN pg_catalog.pg_namespace ON pg_catalog.pg_namespace.oid = pg_catalog.pg_class.relnamespace 
WHERE pg_catalog.pg_class.relname = %(table_name)s AND pg_catalog.pg_class.relkind = ANY (ARRAY[%(param_1)s, %(param_2)s, %(param_3)s, %(param_4)s, %(param_5)s]) AND pg_catalog.pg_table_is_visible(pg_catalog.pg_class.oid) AND pg_catalog.pg_namespace.nspname != %(nspname_1)s (session.py:34)
2025-07-06 18:05:49 [    INFO] SELECT pg_catalog.pg_class.relname 
FROM pg_catalog.pg_class JOIN pg_catalog.pg_namespace ON pg_catalog.pg_namespace.oid = pg_catalog.pg_class.relnamespace 
WHERE pg_catalog.pg_class.relname = %(table_name)s AND pg_catalog.pg_class.relkind = ANY (ARRAY[%(param_1)s, %(param_2)s, %(param_3)s, %(param_4)s, %(param_5)s]) AND pg_catalog.pg_table_is_visible(pg_catalog.pg_class.oid) AND pg_catalog.pg_namespace.nspname != %(nspname_1)s (base.py:1842)
2025-07-06 18:05:49 [    INFO] [cached since 0.1512s ago] {'table_name': 'physical_activators', 'param_1': 'r', 'param_2': 'p', 'param_3': 'f', 'param_4': 'v', 'param_5': 'm', 'nspname_1': 'pg_catalog'} (base.py:1842)
2025-07-06 18:05:49 [   DEBUG] Query eseguita in 0.00 secondi: SELECT pg_catalog.pg_class.relname 
FROM pg_catalog.pg_class JOIN pg_catalog.pg_namespace ON pg_catalog.pg_namespace.oid = pg_catalog.pg_class.relnamespace 
WHERE pg_catalog.pg_class.relname = %(table_name)s AND pg_catalog.pg_class.relkind = ANY (ARRAY[%(param_1)s, %(param_2)s, %(param_3)s, %(param_4)s, %(param_5)s]) AND pg_catalog.pg_table_is_visible(pg_catalog.pg_class.oid) AND pg_catalog.pg_namespace.nspname != %(nspname_1)s (session.py:34)
2025-07-06 18:05:49 [    INFO] SELECT pg_catalog.pg_type.typname 
FROM pg_catalog.pg_type JOIN pg_catalog.pg_namespace ON pg_catalog.pg_namespace.oid = pg_catalog.pg_type.typnamespace 
WHERE pg_catalog.pg_type.typname = %(typname_1)s AND pg_catalog.pg_type_is_visible(pg_catalog.pg_type.oid) AND pg_catalog.pg_namespace.nspname != %(nspname_1)s (base.py:1842)
2025-07-06 18:05:49 [    INFO] [generated in 0.00148s] {'typname_1': 'bimformat', 'nspname_1': 'pg_catalog'} (base.py:1842)
2025-07-06 18:05:49 [   DEBUG] Query eseguita in 0.02 secondi: SELECT pg_catalog.pg_type.typname 
FROM pg_catalog.pg_type JOIN pg_catalog.pg_namespace ON pg_catalog.pg_namespace.oid = pg_catalog.pg_type.typnamespace 
WHERE pg_catalog.pg_type.typname = %(typname_1)s AND pg_catalog.pg_type_is_visible(pg_catalog.pg_type.oid) AND pg_catalog.pg_namespace.nspname != %(nspname_1)s (session.py:34)
2025-07-06 18:05:49 [    INFO] SELECT pg_catalog.pg_type.typname 
FROM pg_catalog.pg_type JOIN pg_catalog.pg_namespace ON pg_catalog.pg_namespace.oid = pg_catalog.pg_type.typnamespace 
WHERE pg_catalog.pg_type.typname = %(typname_1)s AND pg_catalog.pg_type_is_visible(pg_catalog.pg_type.oid) AND pg_catalog.pg_namespace.nspname != %(nspname_1)s (base.py:1842)
2025-07-06 18:05:49 [    INFO] [cached since 0.02724s ago] {'typname_1': 'bimsoftware', 'nspname_1': 'pg_catalog'} (base.py:1842)
2025-07-06 18:05:49 [   DEBUG] Query eseguita in 0.00 secondi: SELECT pg_catalog.pg_type.typname 
FROM pg_catalog.pg_type JOIN pg_catalog.pg_namespace ON pg_catalog.pg_namespace.oid = pg_catalog.pg_type.typnamespace 
WHERE pg_catalog.pg_type.typname = %(typname_1)s AND pg_catalog.pg_type_is_visible(pg_catalog.pg_type.oid) AND pg_catalog.pg_namespace.nspname != %(nspname_1)s (session.py:34)
2025-07-06 18:05:49 [    INFO] SELECT pg_catalog.pg_type.typname 
FROM pg_catalog.pg_type JOIN pg_catalog.pg_namespace ON pg_catalog.pg_namespace.oid = pg_catalog.pg_type.typnamespace 
WHERE pg_catalog.pg_type.typname = %(typname_1)s AND pg_catalog.pg_type_is_visible(pg_catalog.pg_type.oid) AND pg_catalog.pg_namespace.nspname != %(nspname_1)s (base.py:1842)
2025-07-06 18:05:49 [    INFO] [cached since 0.03735s ago] {'typname_1': 'bimlevelofdetail', 'nspname_1': 'pg_catalog'} (base.py:1842)
2025-07-06 18:05:49 [   DEBUG] Query eseguita in 0.00 secondi: SELECT pg_catalog.pg_type.typname 
FROM pg_catalog.pg_type JOIN pg_catalog.pg_namespace ON pg_catalog.pg_namespace.oid = pg_catalog.pg_type.typnamespace 
WHERE pg_catalog.pg_type.typname = %(typname_1)s AND pg_catalog.pg_type_is_visible(pg_catalog.pg_type.oid) AND pg_catalog.pg_namespace.nspname != %(nspname_1)s (session.py:34)
2025-07-06 18:05:49 [    INFO] SELECT pg_catalog.pg_type.typname 
FROM pg_catalog.pg_type JOIN pg_catalog.pg_namespace ON pg_catalog.pg_namespace.oid = pg_catalog.pg_type.typnamespace 
WHERE pg_catalog.pg_type.typname = %(typname_1)s AND pg_catalog.pg_type_is_visible(pg_catalog.pg_type.oid) AND pg_catalog.pg_namespace.nspname != %(nspname_1)s (base.py:1842)
2025-07-06 18:05:49 [    INFO] [cached since 0.05083s ago] {'typname_1': 'bimconversionstatus', 'nspname_1': 'pg_catalog'} (base.py:1842)
2025-07-06 18:05:49 [   DEBUG] Query eseguita in 0.01 secondi: SELECT pg_catalog.pg_type.typname 
FROM pg_catalog.pg_type JOIN pg_catalog.pg_namespace ON pg_catalog.pg_namespace.oid = pg_catalog.pg_type.typnamespace 
WHERE pg_catalog.pg_type.typname = %(typname_1)s AND pg_catalog.pg_type_is_visible(pg_catalog.pg_type.oid) AND pg_catalog.pg_namespace.nspname != %(nspname_1)s (session.py:34)
2025-07-06 18:05:49 [    INFO] SELECT pg_catalog.pg_type.typname 
FROM pg_catalog.pg_type JOIN pg_catalog.pg_namespace ON pg_catalog.pg_namespace.oid = pg_catalog.pg_type.typnamespace 
WHERE pg_catalog.pg_type.typname = %(typname_1)s AND pg_catalog.pg_type_is_visible(pg_catalog.pg_type.oid) AND pg_catalog.pg_namespace.nspname != %(nspname_1)s (base.py:1842)
2025-07-06 18:05:49 [    INFO] [cached since 0.05837s ago] {'typname_1': 'activatortype', 'nspname_1': 'pg_catalog'} (base.py:1842)
2025-07-06 18:05:49 [   DEBUG] Query eseguita in 0.01 secondi: SELECT pg_catalog.pg_type.typname 
FROM pg_catalog.pg_type JOIN pg_catalog.pg_namespace ON pg_catalog.pg_namespace.oid = pg_catalog.pg_type.typnamespace 
WHERE pg_catalog.pg_type.typname = %(typname_1)s AND pg_catalog.pg_type_is_visible(pg_catalog.pg_type.oid) AND pg_catalog.pg_namespace.nspname != %(nspname_1)s (session.py:34)
2025-07-06 18:05:49 [    INFO] COMMIT (base.py:2704)
2025-07-06 18:05:49 [   DEBUG] [TEST] Tabelle create con successo (conftest.py:93)
2025-07-06 18:05:50 [   DEBUG] [TEST] Assicurazione esistenza test DB: nessun drop/creazione/migrazione, demandato a script esterno. (conftest.py:73)
2025-07-06 18:05:50 [   DEBUG] Setting up FakeRedis for tests... (conftest_redis.py:18)
2025-07-06 18:05:50 [   DEBUG] Connessione Redis stabilita con successo (redis.py:35)
2025-07-06 18:05:50 [   DEBUG] Creating test client... (conftest.py:192)
2025-07-06 18:05:50 [   DEBUG] Using proactor: IocpProactor (proactor_events.py:631)
2025-07-06 18:05:50 [    INFO] {"event_name": "application_startup", "status": "started", "service": "eterna-home-api", "version": "1.0.0", "environment": "test", "event": "Starting up Eterna-Home API", "level": "info", "timestamp": "2025-07-06T16:05:50.448766+00:00", "trace_id": "ea245455-8e72-4214-b4b3-9e329cbe0439", "request_id": "6b015486-2336-4e9b-a07d-d823fab83f0d", "event_type": "general"} (main.py:49)
2025-07-06 18:05:50 [ WARNING] {"event_name": "redis_connection", "status": "failed", "component": "redis", "error": "Redis client not initialized", "event": "Redis connection failed", "level": "warning", "timestamp": "2025-07-06T16:05:50.450058+00:00", "trace_id": "ea245455-8e72-4214-b4b3-9e329cbe0439", "request_id": "6b015486-2336-4e9b-a07d-d823fab83f0d", "service": "eterna-home-api", "version": "1.0.0", "environment": "test", "event_type": "ai_interaction"} (main.py:69)
2025-07-06 18:05:50 [    INFO] BEGIN (implicit) (base.py:2698)
2025-07-06 18:05:50 [    INFO] SELECT 1 (base.py:1842)
2025-07-06 18:05:50 [    INFO] [generated in 0.00442s] {} (base.py:1842)
2025-07-06 18:05:50 [   DEBUG] Query eseguita in 0.00 secondi: SELECT 1 (session.py:34)
2025-07-06 18:05:50 [    INFO] ROLLBACK (base.py:2701)
2025-07-06 18:05:50 [    INFO] {"event_name": "database_connection", "status": "success", "component": "database", "event": "Database connection successful", "level": "info", "timestamp": "2025-07-06T16:05:50.467577+00:00", "trace_id": "ea245455-8e72-4214-b4b3-9e329cbe0439", "request_id": "6b015486-2336-4e9b-a07d-d823fab83f0d", "service": "eterna-home-api", "version": "1.0.0", "environment": "test", "event_type": "general"} (main.py:89)
-------------------------------- live log call --------------------------------
2025-07-06 18:05:50 [    INFO] BEGIN (implicit) (base.py:2698)
2025-07-06 18:05:50 [    INFO] INSERT INTO users (email, username, hashed_password, is_active, is_superuser, tenant_id, role, is_verified, mfa_enabled, mfa_secret, created_at, updated_at, last_login, full_name, phone_number) VALUES (%(email)s, %(username)s, %(hashed_password)s, %(is_active)s, %(is_superuser)s, %(tenant_id)s::UUID, %(role)s, %(is_verified)s, %(mfa_enabled)s, %(mfa_secret)s, %(created_at)s, %(updated_at)s, %(last_login)s, %(full_name)s, %(phone_number)s) RETURNING users.id (base.py:1842)
2025-07-06 18:05:50 [    INFO] [generated in 0.00177s] {'email': 'testuser_2a7e05c0@example.com', 'username': 'testuser_078091dc', 'hashed_password': '$2b$12$ZYbqEQzza.6PGxVXY84hIO7LdE9BQ8NhbSuy6ILhNBHyEZ5.AJx6.', 'is_active': True, 'is_superuser': False, 'tenant_id': UUID('8f8edc0d-d289-4bd6-aa58-51623945c53e'), 'role': 'user', 'is_verified': True, 'mfa_enabled': False, 'mfa_secret': None, 'created_at': datetime.datetime(2025, 7, 6, 16, 5, 50, 728889, tzinfo=datetime.timezone.utc), 'updated_at': datetime.datetime(2025, 7, 6, 16, 5, 50, 729022, tzinfo=datetime.timezone.utc), 'last_login': None, 'full_name': 'Test User', 'phone_number': None} (base.py:1842)
2025-07-06 18:05:50 [   DEBUG] Query eseguita in 0.01 secondi: INSERT INTO users (email, username, hashed_password, is_active, is_superuser, tenant_id, role, is_verified, mfa_enabled, mfa_secret, created_at, updated_at, last_login, full_name, phone_number) VALUES (%(email)s, %(username)s, %(hashed_password)s, %(is_active)s, %(is_superuser)s, %(tenant_id)s::UUID, %(role)s, %(is_verified)s, %(mfa_enabled)s, %(mfa_secret)s, %(created_at)s, %(updated_at)s, %(last_login)s, %(full_name)s, %(phone_number)s) RETURNING users.id (session.py:34)
2025-07-06 18:05:50 [    INFO] COMMIT (base.py:2704)
2025-07-06 18:05:50 [    INFO] BEGIN (implicit) (base.py:2698)
2025-07-06 18:05:50 [    INFO] SELECT users.id, users.email, users.username, users.hashed_password, users.is_active, users.is_superuser, users.tenant_id, users.role, users.is_verified, users.mfa_enabled, users.mfa_secret, users.created_at, users.updated_at, users.last_login, users.full_name, users.phone_number 
FROM users 
WHERE users.id = %(pk_1)s (base.py:1842)
2025-07-06 18:05:50 [    INFO] [generated in 0.00130s] {'pk_1': 244} (base.py:1842)
2025-07-06 18:05:50 [   DEBUG] Query eseguita in 0.01 secondi: SELECT users.id, users.email, users.username, users.hashed_password, users.is_active, users.is_superuser, users.tenant_id, users.role, users.is_verified, users.mfa_enabled, users.mfa_secret, users.created_at, users.updated_at, users.last_login, users.full_name, users.phone_number 
FROM users 
WHERE users.id = %(pk_1)s (session.py:34)
2025-07-06 18:05:50 [    INFO] INSERT INTO user_tenant_roles (user_id, tenant_id, role, is_active, created_at, updated_at) VALUES (%(user_id)s, %(tenant_id)s::UUID, %(role)s, %(is_active)s, %(created_at)s, %(updated_at)s) RETURNING user_tenant_roles.id (base.py:1842)
2025-07-06 18:05:50 [    INFO] [generated in 0.00157s] {'user_id': 244, 'tenant_id': UUID('8f8edc0d-d289-4bd6-aa58-51623945c53e'), 'role': 'admin', 'is_active': True, 'created_at': datetime.datetime(2025, 7, 6, 16, 5, 50, 782967, tzinfo=datetime.timezone.utc), 'updated_at': datetime.datetime(2025, 7, 6, 16, 5, 50, 783021, tzinfo=datetime.timezone.utc)} (base.py:1842)
2025-07-06 18:05:50 [   DEBUG] Query eseguita in 0.01 secondi: INSERT INTO user_tenant_roles (user_id, tenant_id, role, is_active, created_at, updated_at) VALUES (%(user_id)s, %(tenant_id)s::UUID, %(role)s, %(is_active)s, %(created_at)s, %(updated_at)s) RETURNING user_tenant_roles.id (session.py:34)
2025-07-06 18:05:50 [    INFO] COMMIT (base.py:2704)
2025-07-06 18:05:50 [    INFO] BEGIN (implicit) (base.py:2698)
2025-07-06 18:05:50 [    INFO] SELECT users.id AS users_id, users.email AS users_email, users.username AS users_username, users.hashed_password AS users_hashed_password, users.is_active AS users_is_active, users.is_superuser AS users_is_superuser, users.tenant_id AS users_tenant_id, users.role AS users_role, users.is_verified AS users_is_verified, users.mfa_enabled AS users_mfa_enabled, users.mfa_secret AS users_mfa_secret, users.created_at AS users_created_at, users.updated_at AS users_updated_at, users.last_login AS users_last_login, users.full_name AS users_full_name, users.phone_number AS users_phone_number 
FROM users 
WHERE users.id = %(pk_1)s (base.py:1842)
2025-07-06 18:05:50 [    INFO] [generated in 0.00152s] {'pk_1': 244} (base.py:1842)
2025-07-06 18:05:50 [   DEBUG] Query eseguita in 0.00 secondi: SELECT users.id AS users_id, users.email AS users_email, users.username AS users_username, users.hashed_password AS users_hashed_password, users.is_active AS users_is_active, users.is_superuser AS users_is_superuser, users.tenant_id AS users_tenant_id, users.role AS users_role, users.is_verified AS users_is_verified, users.mfa_enabled AS users_mfa_enabled, users.mfa_secret AS users_mfa_secret, users.created_at AS users_created_at, users.updated_at AS users_updated_at, users.last_login AS users_last_login, users.full_name AS users_full_name, users.phone_number AS users_phone_number 
FROM users 
WHERE users.id = %(pk_1)s (session.py:34)
2025-07-06 18:05:50 [    INFO] INSERT INTO houses (name, address, owner_id, tenant_id, created_at, updated_at) VALUES (%(name)s, %(address)s, %(owner_id)s, %(tenant_id)s::UUID, %(created_at)s, %(updated_at)s) RETURNING houses.id (base.py:1842)
2025-07-06 18:05:50 [    INFO] [generated in 0.00119s] {'name': 'Test House', 'address': '123 Test Street', 'owner_id': 244, 'tenant_id': UUID('8f8edc0d-d289-4bd6-aa58-51623945c53e'), 'created_at': datetime.datetime(2025, 7, 6, 16, 5, 50, 814471, tzinfo=datetime.timezone.utc), 'updated_at': datetime.datetime(2025, 7, 6, 16, 5, 50, 814516, tzinfo=datetime.timezone.utc)} (base.py:1842)
2025-07-06 18:05:50 [   DEBUG] Query eseguita in 0.01 secondi: INSERT INTO houses (name, address, owner_id, tenant_id, created_at, updated_at) VALUES (%(name)s, %(address)s, %(owner_id)s, %(tenant_id)s::UUID, %(created_at)s, %(updated_at)s) RETURNING houses.id (session.py:34)
2025-07-06 18:05:50 [    INFO] COMMIT (base.py:2704)
2025-07-06 18:05:50 [    INFO] BEGIN (implicit) (base.py:2698)
2025-07-06 18:05:50 [    INFO] SELECT houses.id, houses.name, houses.address, houses.owner_id, houses.tenant_id, houses.created_at, houses.updated_at 
FROM houses 
WHERE houses.id = %(pk_1)s (base.py:1842)
2025-07-06 18:05:50 [    INFO] [generated in 0.00179s] {'pk_1': 121} (base.py:1842)
2025-07-06 18:05:50 [   DEBUG] Query eseguita in 0.00 secondi: SELECT houses.id, houses.name, houses.address, houses.owner_id, houses.tenant_id, houses.created_at, houses.updated_at 
FROM houses 
WHERE houses.id = %(pk_1)s (session.py:34)
2025-07-06 18:05:50 [    INFO] SELECT users.id AS users_id, users.email AS users_email, users.username AS users_username, users.hashed_password AS users_hashed_password, users.is_active AS users_is_active, users.is_superuser AS users_is_superuser, users.tenant_id AS users_tenant_id, users.role AS users_role, users.is_verified AS users_is_verified, users.mfa_enabled AS users_mfa_enabled, users.mfa_secret AS users_mfa_secret, users.created_at AS users_created_at, users.updated_at AS users_updated_at, users.last_login AS users_last_login, users.full_name AS users_full_name, users.phone_number AS users_phone_number 
FROM users 
WHERE users.id = %(pk_1)s (base.py:1842)
2025-07-06 18:05:50 [    INFO] [cached since 0.04282s ago] {'pk_1': 244} (base.py:1842)
2025-07-06 18:05:50 [   DEBUG] Query eseguita in 0.00 secondi: SELECT users.id AS users_id, users.email AS users_email, users.username AS users_username, users.hashed_password AS users_hashed_password, users.is_active AS users_is_active, users.is_superuser AS users_is_superuser, users.tenant_id AS users_tenant_id, users.role AS users_role, users.is_verified AS users_is_verified, users.mfa_enabled AS users_mfa_enabled, users.mfa_secret AS users_mfa_secret, users.created_at AS users_created_at, users.updated_at AS users_updated_at, users.last_login AS users_last_login, users.full_name AS users_full_name, users.phone_number AS users_phone_number 
FROM users 
WHERE users.id = %(pk_1)s (session.py:34)
2025-07-06 18:05:50 [    INFO] {"method": "POST", "url": "http://testserver/api/v1/auth/token", "client_ip": "testclient", "user_agent": "testclient", "event_name": "request_started", "status": "started", "event": "Request started", "level": "info", "timestamp": "2025-07-06T16:05:50.853306+00:00", "trace_id": "4964da18-fc8c-4de9-93b4-e30b2d723f6d", "request_id": "a1562039-ef60-44f2-bf5c-b1fd13855c5f", "service": "eterna-home-api", "version": "1.0.0", "environment": "test", "event_type": "general"} (middleware.py:54)
2025-07-06 18:05:50 [   DEBUG] Calling on_field_start with no data (multipart.py:628)
2025-07-06 18:05:50 [   DEBUG] Calling on_field_name with data[0:8] (multipart.py:625)
2025-07-06 18:05:50 [   DEBUG] Calling on_field_data with data[9:40] (multipart.py:625)
2025-07-06 18:05:50 [   DEBUG] Calling on_field_end with no data (multipart.py:628)
2025-07-06 18:05:50 [   DEBUG] Calling on_field_start with no data (multipart.py:628)
2025-07-06 18:05:50 [   DEBUG] Calling on_field_name with data[41:49] (multipart.py:625)
2025-07-06 18:05:50 [   DEBUG] Calling on_field_data with data[50:68] (multipart.py:625)
2025-07-06 18:05:50 [   DEBUG] Calling on_field_end with no data (multipart.py:628)
2025-07-06 18:05:50 [   DEBUG] Calling on_end with no data (multipart.py:628)
2025-07-06 18:05:50 [   DEBUG] Sessione creata in 0.00 secondi (session.py:41)
2025-07-06 18:05:50 [   DEBUG] Session type in get_session: <class 'sqlmodel.orm.session.Session'> (session.py:42)
2025-07-06 18:05:50 [   DEBUG] Yielding session from get_session (session.py:44)
2025-07-06 18:05:50 [    INFO] {"username": "testuser_2a7e05c0@example.com", "client_ip": "testclient", "event": "Login attempt", "level": "info", "timestamp": "2025-07-06T16:05:50.891076+00:00", "trace_id": "4964da18-fc8c-4de9-93b4-e30b2d723f6d", "request_id": "a1562039-ef60-44f2-bf5c-b1fd13855c5f", "service": "eterna-home-api", "version": "1.0.0", "environment": "test", "event_type": "authentication"} (auth.py:77)
2025-07-06 18:05:51 [    INFO] select pg_catalog.version() (base.py:1842)
2025-07-06 18:05:51 [    INFO] [raw sql] {} (base.py:1842)
2025-07-06 18:05:51 [    INFO] select current_schema() (base.py:1842)
2025-07-06 18:05:51 [    INFO] [raw sql] {} (base.py:1842)
2025-07-06 18:05:51 [    INFO] show standard_conforming_strings (base.py:1842)
2025-07-06 18:05:51 [    INFO] [raw sql] {} (base.py:1842)
2025-07-06 18:05:51 [    INFO] BEGIN (implicit) (base.py:2698)
2025-07-06 18:05:51 [    INFO] SELECT users.id, users.email, users.username, users.hashed_password, users.is_active, users.is_superuser, users.tenant_id, users.role, users.is_verified, users.mfa_enabled, users.mfa_secret, users.created_at, users.updated_at, users.last_login, users.full_name, users.phone_number 
FROM users 
WHERE users.email = %(email_1)s (base.py:1842)
2025-07-06 18:05:51 [    INFO] [generated in 0.00184s] {'email_1': 'testuser_2a7e05c0@example.com'} (base.py:1842)
2025-07-06 18:05:51 [   DEBUG] Query eseguita in 0.01 secondi: SELECT users.id, users.email, users.username, users.hashed_password, users.is_active, users.is_superuser, users.tenant_id, users.role, users.is_verified, users.mfa_enabled, users.mfa_secret, users.created_at, users.updated_at, users.last_login, users.full_name, users.phone_number 
FROM users 
WHERE users.email = %(email_1)s (session.py:34)
2025-07-06 18:05:51 [    INFO] SELECT users.id, users.email, users.username, users.hashed_password, users.is_active, users.is_superuser, users.tenant_id, users.role, users.is_verified, users.mfa_enabled, users.mfa_secret, users.created_at, users.updated_at, users.last_login, users.full_name, users.phone_number 
FROM users 
WHERE users.email = %(email_1)s (base.py:1842)
2025-07-06 18:05:51 [    INFO] [cached since 0.01524s ago] {'email_1': 'testuser_2a7e05c0@example.com'} (base.py:1842)
2025-07-06 18:05:51 [   DEBUG] Query eseguita in 0.00 secondi: SELECT users.id, users.email, users.username, users.hashed_password, users.is_active, users.is_superuser, users.tenant_id, users.role, users.is_verified, users.mfa_enabled, users.mfa_secret, users.created_at, users.updated_at, users.last_login, users.full_name, users.phone_number 
FROM users 
WHERE users.email = %(email_1)s (session.py:34)
2025-07-06 18:05:51 [ WARNING] (trapped) error reading bcrypt version (bcrypt.py:622)
Traceback (most recent call last):
  File "C:\Users\flavi\Eterna-Home\venv\Lib\site-packages\passlib\handlers\bcrypt.py", line 620, in _load_backend_mixin
    version = _bcrypt.__about__.__version__
              ^^^^^^^^^^^^^^^^^
AttributeError: module 'bcrypt' has no attribute '__about__'
2025-07-06 18:05:51 [   DEBUG] detected 'bcrypt' backend, version '<unknown>' (bcrypt.py:625)
2025-07-06 18:05:51 [   DEBUG] 'bcrypt' backend lacks $2$ support, enabling workaround (bcrypt.py:406)
2025-07-06 18:05:52 [    INFO] {"user_id": 244, "email": "testuser_2a7e05c0@example.com", "username": "testuser_078091dc", "event": "Login successful", "level": "info", "timestamp": "2025-07-06T16:05:52.083323+00:00", "trace_id": "4964da18-fc8c-4de9-93b4-e30b2d723f6d", "request_id": "a1562039-ef60-44f2-bf5c-b1fd13855c5f", "service": "eterna-home-api", "version": "1.0.0", "environment": "test", "event_type": "authentication"} (auth.py:117)
2025-07-06 18:05:52 [    INFO] ROLLBACK (base.py:2701)
2025-07-06 18:05:52 [   DEBUG] Sessione chiusa in 1.20 secondi (session.py:48)
2025-07-06 18:05:52 [    INFO] {"method": "POST", "url": "http://testserver/api/v1/auth/token", "status_code": 200, "duration": 1.234302043914795, "event_name": "request_completed", "status": "success", "event": "Request completed", "level": "info", "timestamp": "2025-07-06T16:05:52.087496+00:00", "trace_id": "4964da18-fc8c-4de9-93b4-e30b2d723f6d", "request_id": "a1562039-ef60-44f2-bf5c-b1fd13855c5f", "service": "eterna-home-api", "version": "1.0.0", "environment": "test", "event_type": "general"} (middleware.py:72)
2025-07-06 18:05:52 [    INFO] HTTP Request: POST http://testserver/api/v1/auth/token "HTTP/1.1 200 OK" (_client.py:1025)
2025-07-06 18:05:52 [    INFO] {"method": "POST", "url": "http://testserver/api/v1/documents/upload", "client_ip": "testclient", "user_agent": "testclient", "event_name": "request_started", "status": "started", "event": "Request started", "level": "info", "timestamp": "2025-07-06T16:05:52.094148+00:00", "trace_id": "c2cf4ccf-78ab-42fe-9c5a-405c2b3be00e", "request_id": "9fa42eea-a8cd-4afc-aa1b-61f98479e90e", "service": "eterna-home-api", "version": "1.0.0", "environment": "test", "event_type": "general"} (middleware.py:54)
2025-07-06 18:05:52 [   DEBUG] Calling on_part_begin with no data (multipart.py:628)
2025-07-06 18:05:52 [   DEBUG] Calling on_header_field with data[36:55] (multipart.py:625)
2025-07-06 18:05:52 [   DEBUG] Calling on_header_value with data[57:80] (multipart.py:625)
2025-07-06 18:05:52 [   DEBUG] Calling on_header_end with no data (multipart.py:628)
2025-07-06 18:05:52 [   DEBUG] Calling on_headers_finished with no data (multipart.py:628)
2025-07-06 18:05:52 [   DEBUG] Calling on_part_data with data[84:97] (multipart.py:625)
2025-07-06 18:05:52 [   DEBUG] Calling on_part_end with no data (multipart.py:628)
2025-07-06 18:05:52 [   DEBUG] Calling on_part_begin with no data (multipart.py:628)
2025-07-06 18:05:52 [   DEBUG] Calling on_header_field with data[135:154] (multipart.py:625)
2025-07-06 18:05:52 [   DEBUG] Calling on_header_value with data[156:185] (multipart.py:625)
2025-07-06 18:05:52 [   DEBUG] Calling on_header_end with no data (multipart.py:628)
2025-07-06 18:05:52 [   DEBUG] Calling on_headers_finished with no data (multipart.py:628)
2025-07-06 18:05:52 [   DEBUG] Calling on_part_data with data[189:214] (multipart.py:625)
2025-07-06 18:05:52 [   DEBUG] Calling on_part_end with no data (multipart.py:628)
2025-07-06 18:05:52 [   DEBUG] Calling on_part_begin with no data (multipart.py:628)
2025-07-06 18:05:52 [   DEBUG] Calling on_header_field with data[252:271] (multipart.py:625)
2025-07-06 18:05:52 [   DEBUG] Calling on_header_value with data[273:304] (multipart.py:625)
2025-07-06 18:05:52 [   DEBUG] Calling on_header_end with no data (multipart.py:628)
2025-07-06 18:05:52 [   DEBUG] Calling on_headers_finished with no data (multipart.py:628)
2025-07-06 18:05:52 [   DEBUG] Calling on_part_data with data[308:315] (multipart.py:625)
2025-07-06 18:05:52 [   DEBUG] Calling on_part_end with no data (multipart.py:628)
2025-07-06 18:05:52 [   DEBUG] Calling on_part_begin with no data (multipart.py:628)
2025-07-06 18:05:52 [   DEBUG] Calling on_header_field with data[353:372] (multipart.py:625)
2025-07-06 18:05:52 [   DEBUG] Calling on_header_value with data[374:400] (multipart.py:625)
2025-07-06 18:05:52 [   DEBUG] Calling on_header_end with no data (multipart.py:628)
2025-07-06 18:05:52 [   DEBUG] Calling on_headers_finished with no data (multipart.py:628)
2025-07-06 18:05:52 [   DEBUG] Calling on_part_data with data[404:407] (multipart.py:625)
2025-07-06 18:05:52 [   DEBUG] Calling on_part_end with no data (multipart.py:628)
2025-07-06 18:05:52 [   DEBUG] Calling on_part_begin with no data (multipart.py:628)
2025-07-06 18:05:52 [   DEBUG] Calling on_header_field with data[445:464] (multipart.py:625)
2025-07-06 18:05:52 [   DEBUG] Calling on_header_value with data[466:518] (multipart.py:625)
2025-07-06 18:05:52 [   DEBUG] Calling on_header_end with no data (multipart.py:628)
2025-07-06 18:05:52 [   DEBUG] Calling on_header_field with data[520:532] (multipart.py:625)
2025-07-06 18:05:52 [   DEBUG] Calling on_header_value with data[534:549] (multipart.py:625)
2025-07-06 18:05:52 [   DEBUG] Calling on_header_end with no data (multipart.py:628)
2025-07-06 18:05:52 [   DEBUG] Calling on_headers_finished with no data (multipart.py:628)
2025-07-06 18:05:52 [   DEBUG] Calling on_part_data with data[553:570] (multipart.py:625)
2025-07-06 18:05:52 [   DEBUG] Calling on_part_end with no data (multipart.py:628)
2025-07-06 18:05:52 [   DEBUG] Calling on_end with no data (multipart.py:628)
2025-07-06 18:05:52 [   DEBUG] Sessione creata in 0.00 secondi (session.py:41)
2025-07-06 18:05:52 [   DEBUG] Session type in get_session: <class 'sqlmodel.orm.session.Session'> (session.py:42)
2025-07-06 18:05:52 [   DEBUG] Yielding session from get_session (session.py:44)
2025-07-06 18:05:52 [    INFO] BEGIN (implicit) (base.py:2698)
2025-07-06 18:05:52 [    INFO] SELECT users.id, users.email, users.username, users.hashed_password, users.is_active, users.is_superuser, users.tenant_id, users.role, users.is_verified, users.mfa_enabled, users.mfa_secret, users.created_at, users.updated_at, users.last_login, users.full_name, users.phone_number 
FROM users 
WHERE users.email = %(email_1)s (base.py:1842)
2025-07-06 18:05:52 [    INFO] [generated in 0.00116s] {'email_1': 'testuser_2a7e05c0@example.com'} (base.py:1842)
2025-07-06 18:05:52 [   DEBUG] Query eseguita in 0.00 secondi: SELECT users.id, users.email, users.username, users.hashed_password, users.is_active, users.is_superuser, users.tenant_id, users.role, users.is_verified, users.mfa_enabled, users.mfa_secret, users.created_at, users.updated_at, users.last_login, users.full_name, users.phone_number 
FROM users 
WHERE users.email = %(email_1)s (session.py:34)
2025-07-06 18:05:52 [   DEBUG] Sessione creata in 0.00 secondi (session.py:41)
2025-07-06 18:05:52 [   DEBUG] Session type in get_session: <class 'sqlmodel.orm.session.Session'> (session.py:42)
2025-07-06 18:05:52 [   DEBUG] Yielding session from get_session (session.py:44)
2025-07-06 18:05:52 [   DEBUG] Sessione chiusa in 0.00 secondi (session.py:48)
2025-07-06 18:05:52 [    INFO] BEGIN (implicit) (base.py:2698)
2025-07-06 18:05:52 [    INFO] SELECT user_tenant_roles.id, user_tenant_roles.user_id, user_tenant_roles.tenant_id, user_tenant_roles.role, user_tenant_roles.is_active, user_tenant_roles.created_at, user_tenant_roles.updated_at 
FROM user_tenant_roles 
WHERE user_tenant_roles.user_id = %(user_id_1)s AND user_tenant_roles.tenant_id = %(tenant_id_1)s::UUID AND user_tenant_roles.role IN (%(role_1_1)s, %(role_1_2)s, %(role_1_3)s) AND user_tenant_roles.is_active = true (base.py:1842)
2025-07-06 18:05:52 [    INFO] [generated in 0.00266s] {'user_id_1': 244, 'tenant_id_1': UUID('8f8edc0d-d289-4bd6-aa58-51623945c53e'), 'role_1_1': 'editor', 'role_1_2': 'admin', 'role_1_3': 'super_admin'} (base.py:1842)
2025-07-06 18:05:52 [   DEBUG] Query eseguita in 0.01 secondi: SELECT user_tenant_roles.id, user_tenant_roles.user_id, user_tenant_roles.tenant_id, user_tenant_roles.role, user_tenant_roles.is_active, user_tenant_roles.created_at, user_tenant_roles.updated_at 
FROM user_tenant_roles 
WHERE user_tenant_roles.user_id = %(user_id_1)s AND user_tenant_roles.tenant_id = %(tenant_id_1)s::UUID AND user_tenant_roles.role IN (%(role_1_1)s, %(role_1_2)s, %(role_1_3)s) AND user_tenant_roles.is_active = true (session.py:34)
2025-07-06 18:05:52 [    INFO] ROLLBACK (base.py:2701)
2025-07-06 18:05:52 [   DEBUG] Sessione creata in 0.00 secondi (session.py:41)
2025-07-06 18:05:52 [   DEBUG] Session type in get_session: <class 'sqlmodel.orm.session.Session'> (session.py:42)
2025-07-06 18:05:52 [   DEBUG] Yielding session from get_session (session.py:44)
2025-07-06 18:05:52 [   DEBUG] Sessione chiusa in 0.00 secondi (session.py:48)
2025-07-06 18:05:52 [    INFO] BEGIN (implicit) (base.py:2698)
2025-07-06 18:05:52 [    INFO] SELECT houses.id 
FROM houses 
WHERE houses.id = %(id_1)s AND houses.owner_id = %(owner_id_1)s AND houses.tenant_id = %(tenant_id_1)s::UUID (base.py:1842)
2025-07-06 18:05:52 [    INFO] [generated in 0.00109s] {'id_1': 121, 'owner_id_1': 244, 'tenant_id_1': UUID('8f8edc0d-d289-4bd6-aa58-51623945c53e')} (base.py:1842)
2025-07-06 18:05:52 [   DEBUG] Query eseguita in 0.00 secondi: SELECT houses.id 
FROM houses 
WHERE houses.id = %(id_1)s AND houses.owner_id = %(owner_id_1)s AND houses.tenant_id = %(tenant_id_1)s::UUID (session.py:34)
2025-07-06 18:05:52 [    INFO] ROLLBACK (base.py:2701)
2025-07-06 18:05:52 [    INFO] {"extra": {"user_id": 244, "house_id": 121, "tenant_id": "UUID('8f8edc0d-d289-4bd6-aa58-51623945c53e')", "endpoint": "upload_document"}, "event": "Accesso a casa verificato", "level": "info", "timestamp": "2025-07-06T16:05:52.383648+00:00", "trace_id": "c2cf4ccf-78ab-42fe-9c5a-405c2b3be00e", "request_id": "9fa42eea-a8cd-4afc-aa1b-61f98479e90e", "service": "eterna-home-api", "version": "1.0.0", "environment": "test", "event_type": "general"} (rbac.py:351)
2025-07-06 18:05:52 [    INFO] SELECT houses.id AS houses_id, houses.name AS houses_name, houses.address AS houses_address, houses.owner_id AS houses_owner_id, houses.tenant_id AS houses_tenant_id, houses.created_at AS houses_created_at, houses.updated_at AS houses_updated_at 
FROM houses 
WHERE houses.id = %(pk_1)s (base.py:1842)
2025-07-06 18:05:52 [    INFO] [generated in 0.00107s] {'pk_1': 121} (base.py:1842)
2025-07-06 18:05:52 [   DEBUG] Query eseguita in 0.00 secondi: SELECT houses.id AS houses_id, houses.name AS houses_name, houses.address AS houses_address, houses.owner_id AS houses_owner_id, houses.tenant_id AS houses_tenant_id, houses.created_at AS houses_created_at, houses.updated_at AS houses_updated_at 
FROM houses 
WHERE houses.id = %(pk_1)s (session.py:34)
2025-07-06 18:05:52 [   ERROR] {"user_id": 244, "house_id": 121, "tenant_id": "UUID('8f8edc0d-d289-4bd6-aa58-51623945c53e')", "error": "'coroutine' object is not subscriptable", "event": "Errore durante upload documento", "level": "error", "timestamp": "2025-07-06T16:05:52.396579+00:00", "trace_id": "c2cf4ccf-78ab-42fe-9c5a-405c2b3be00e", "request_id": "9fa42eea-a8cd-4afc-aa1b-61f98479e90e", "service": "eterna-home-api", "version": "1.0.0", "environment": "test", "event_type": "file_operation"} (document.py:123)
2025-07-06 18:05:52 [    INFO] ROLLBACK (base.py:2701)
2025-07-06 18:05:52 [   DEBUG] Sessione chiusa in 0.28 secondi (session.py:48)
2025-07-06 18:05:52 [   ERROR] Errore durante la creazione della sessione dopo 0.28 secondi: 500: Errore durante il caricamento del documento (session.py:52)
2025-07-06 18:05:52 [    INFO] {"method": "POST", "url": "http://testserver/api/v1/documents/upload", "status_code": 500, "duration": 0.31409406661987305, "event_name": "request_completed", "status": "failed", "event": "Request completed", "level": "info", "timestamp": "2025-07-06T16:05:52.408198+00:00", "trace_id": "c2cf4ccf-78ab-42fe-9c5a-405c2b3be00e", "request_id": "9fa42eea-a8cd-4afc-aa1b-61f98479e90e", "service": "eterna-home-api", "version": "1.0.0", "environment": "test", "event_type": "general"} (middleware.py:72)
2025-07-06 18:05:52 [ WARNING] {"operation_type": "document_upload", "status": "failed", "event_type": "file_operation", "metadata": {"endpoint": "/api/v1/documents/upload"}, "event": "Operation Failed: document_upload", "level": "warning", "timestamp": "2025-07-06T16:05:52.409343+00:00", "trace_id": "c2cf4ccf-78ab-42fe-9c5a-405c2b3be00e", "request_id": "9fa42eea-a8cd-4afc-aa1b-61f98479e90e", "service": "eterna-home-api", "version": "1.0.0", "environment": "test"} (logging_config.py:321)
2025-07-06 18:05:52 [    INFO] HTTP Request: POST http://testserver/api/v1/documents/upload "HTTP/1.1 500 Internal Server Error" (_client.py:1025)
FAILED                                                                   [100%]
------------------------------ live log teardown ------------------------------
2025-07-06 18:05:53 [    INFO] ROLLBACK (base.py:2701)
2025-07-06 18:05:53 [   DEBUG] Test client closed (conftest.py:197)
2025-07-06 18:05:53 [    INFO] {"event_name": "application_shutdown", "status": "shutdown", "service": "eterna-home-api", "event": "Shutting down Eterna-Home API", "level": "info", "timestamp": "2025-07-06T16:05:53.208433+00:00", "trace_id": "ea245455-8e72-4214-b4b3-9e329cbe0439", "request_id": "6b015486-2336-4e9b-a07d-d823fab83f0d", "version": "1.0.0", "environment": "test", "event_type": "general"} (main.py:107)
2025-07-06 18:05:53 [   DEBUG] Restored original Redis client (conftest_redis.py:29)
2025-07-06 18:05:53 [    INFO] BEGIN (implicit) (base.py:2698)
2025-07-06 18:05:53 [    INFO] DELETE FROM user_roles (base.py:1842)
2025-07-06 18:05:53 [    INFO] [generated in 0.00101s] {} (base.py:1842)
2025-07-06 18:05:53 [   DEBUG] Query eseguita in 0.00 secondi: DELETE FROM user_roles (session.py:34)
2025-07-06 18:05:53 [    INFO] DELETE FROM user_tenant_roles (base.py:1842)
2025-07-06 18:05:53 [    INFO] [generated in 0.00106s] {} (base.py:1842)
2025-07-06 18:05:53 [   DEBUG] Query eseguita in 0.00 secondi: DELETE FROM user_tenant_roles (session.py:34)
2025-07-06 18:05:53 [    INFO] DELETE FROM role_permissions (base.py:1842)
2025-07-06 18:05:53 [    INFO] [generated in 0.00120s] {} (base.py:1842)
2025-07-06 18:05:53 [   DEBUG] Query eseguita in 0.00 secondi: DELETE FROM role_permissions (session.py:34)
2025-07-06 18:05:53 [    INFO] DELETE FROM roles (base.py:1842)
2025-07-06 18:05:53 [    INFO] [generated in 0.00354s] {} (base.py:1842)
2025-07-06 18:05:53 [   DEBUG] Query eseguita in 0.01 secondi: DELETE FROM roles (session.py:34)
2025-07-06 18:05:53 [    INFO] DELETE FROM maintenance_records (base.py:1842)
2025-07-06 18:05:53 [    INFO] [generated in 0.00311s] {} (base.py:1842)
2025-07-06 18:05:53 [   DEBUG] Query eseguita in 0.01 secondi: DELETE FROM maintenance_records (session.py:34)
2025-07-06 18:05:53 [    INFO] DELETE FROM bookings (base.py:1842)
2025-07-06 18:05:53 [    INFO] [generated in 0.00107s] {} (base.py:1842)
2025-07-06 18:05:53 [   DEBUG] Query eseguita in 0.00 secondi: DELETE FROM bookings (session.py:34)
2025-07-06 18:05:53 [    INFO] DELETE FROM rooms (base.py:1842)
2025-07-06 18:05:53 [    INFO] [generated in 0.00095s] {} (base.py:1842)
2025-07-06 18:05:53 [   DEBUG] Query eseguita in 0.00 secondi: DELETE FROM rooms (session.py:34)
2025-07-06 18:05:53 [    INFO] DELETE FROM nodes (base.py:1842)
2025-07-06 18:05:53 [    INFO] [generated in 0.00098s] {} (base.py:1842)
2025-07-06 18:05:53 [   DEBUG] Query eseguita in 0.00 secondi: DELETE FROM nodes (session.py:34)
2025-07-06 18:05:53 [    INFO] DELETE FROM documents (base.py:1842)
2025-07-06 18:05:53 [    INFO] [generated in 0.00248s] {} (base.py:1842)
2025-07-06 18:05:53 [   DEBUG] Query eseguita in 0.01 secondi: DELETE FROM documents (session.py:34)
2025-07-06 18:05:53 [    INFO] DELETE FROM document_versions (base.py:1842)
2025-07-06 18:05:53 [    INFO] [generated in 0.00156s] {} (base.py:1842)
2025-07-06 18:05:53 [   DEBUG] Query eseguita in 0.01 secondi: DELETE FROM document_versions (session.py:34)
2025-07-06 18:05:53 [    INFO] DELETE FROM user_houses (base.py:1842)
2025-07-06 18:05:53 [    INFO] [generated in 0.00366s] {} (base.py:1842)
2025-07-06 18:05:53 [   DEBUG] Query eseguita in 0.01 secondi: DELETE FROM user_houses (session.py:34)
2025-07-06 18:05:53 [    INFO] DELETE FROM user_tenant_roles (base.py:1842)
2025-07-06 18:05:53 [    INFO] [cached since 0.0871s ago] {} (base.py:1842)
2025-07-06 18:05:53 [   DEBUG] Query eseguita in 0.01 secondi: DELETE FROM user_tenant_roles (session.py:34)
2025-07-06 18:05:53 [    INFO] DELETE FROM houses (base.py:1842)
2025-07-06 18:05:53 [    INFO] [generated in 0.00132s] {} (base.py:1842)
2025-07-06 18:05:53 [    INFO] ROLLBACK (base.py:2701)
2025-07-06 18:05:53 [   ERROR] [TEST] Errore durante la pulizia del database: (psycopg2.errors.ForeignKeyViolation) ERRORE:  l'istruzione UPDATE o DELETE sulla tabella "houses" viola il vincolo di chiave esterna "bim_models_house_id_fkey" sulla tabella "bim_models"
DETAIL:  La chiave (id)=(4) Þ ancora referenziata dalla tabella "bim_models".

[SQL: DELETE FROM houses]
(Background on this error at: https://sqlalche.me/e/20/gkpj) (conftest.py:123)


================================== FAILURES ===================================
__________________________ test_upload_document_file __________________________
tests\api\test_documents.py:147: in test_upload_document_file
    assert create_response.status_code == 200, f"Errore creazione documento: {create_response.text}"
E   AssertionError: Errore creazione documento: {"detail":"Errore durante il caricamento del documento"}
E   assert 500 == 200
E    +  where 500 = <Response [500 Internal Server Error]>.status_code
---------------------------- Captured stdout setup ----------------------------
2025-07-06 18:05:49,739 INFO sqlalchemy.engine.Engine select pg_catalog.version()
2025-07-06 18:05:49,741 INFO sqlalchemy.engine.Engine [raw sql] {}
2025-07-06 18:05:49,744 INFO sqlalchemy.engine.Engine select current_schema()
2025-07-06 18:05:49,745 INFO sqlalchemy.engine.Engine [raw sql] {}
2025-07-06 18:05:49,747 INFO sqlalchemy.engine.Engine show standard_conforming_strings
2025-07-06 18:05:49,748 INFO sqlalchemy.engine.Engine [raw sql] {}
2025-07-06 18:05:49,750 INFO sqlalchemy.engine.Engine BEGIN (implicit)
2025-07-06 18:05:49,764 INFO sqlalchemy.engine.Engine SELECT pg_catalog.pg_class.relname 
FROM pg_catalog.pg_class JOIN pg_catalog.pg_namespace ON pg_catalog.pg_namespace.oid = pg_catalog.pg_class.relnamespace 
WHERE pg_catalog.pg_class.relname = %(table_name)s AND pg_catalog.pg_class.relkind = ANY (ARRAY[%(param_1)s, %(param_2)s, %(param_3)s, %(param_4)s, %(param_5)s]) AND pg_catalog.pg_table_is_visible(pg_catalog.pg_class.oid) AND pg_catalog.pg_namespace.nspname != %(nspname_1)s
2025-07-06 18:05:49,765 INFO sqlalchemy.engine.Engine [generated in 0.00213s] {'table_name': 'user_roles', 'param_1': 'r', 'param_2': 'p', 'param_3': 'f', 'param_4': 'v', 'param_5': 'm', 'nspname_1': 'pg_catalog'}
2025-07-06 18:05:49,778 INFO sqlalchemy.engine.Engine SELECT pg_catalog.pg_class.relname 
FROM pg_catalog.pg_class JOIN pg_catalog.pg_namespace ON pg_catalog.pg_namespace.oid = pg_catalog.pg_class.relnamespace 
WHERE pg_catalog.pg_class.relname = %(table_name)s AND pg_catalog.pg_class.relkind = ANY (ARRAY[%(param_1)s, %(param_2)s, %(param_3)s, %(param_4)s, %(param_5)s]) AND pg_catalog.pg_table_is_visible(pg_catalog.pg_class.oid) AND pg_catalog.pg_namespace.nspname != %(nspname_1)s
2025-07-06 18:05:49,779 INFO sqlalchemy.engine.Engine [cached since 0.01535s ago] {'table_name': 'role_permissions', 'param_1': 'r', 'param_2': 'p', 'param_3': 'f', 'param_4': 'v', 'param_5': 'm', 'nspname_1': 'pg_catalog'}
2025-07-06 18:05:49,782 INFO sqlalchemy.engine.Engine SELECT pg_catalog.pg_class.relname 
FROM pg_catalog.pg_class JOIN pg_catalog.pg_namespace ON pg_catalog.pg_namespace.oid = pg_catalog.pg_class.relnamespace 
WHERE pg_catalog.pg_class.relname = %(table_name)s AND pg_catalog.pg_class.relkind = ANY (ARRAY[%(param_1)s, %(param_2)s, %(param_3)s, %(param_4)s, %(param_5)s]) AND pg_catalog.pg_table_is_visible(pg_catalog.pg_class.oid) AND pg_catalog.pg_namespace.nspname != %(nspname_1)s
2025-07-06 18:05:49,783 INFO sqlalchemy.engine.Engine [cached since 0.01971s ago] {'table_name': 'roles', 'param_1': 'r', 'param_2': 'p', 'param_3': 'f', 'param_4': 'v', 'param_5': 'm', 'nspname_1': 'pg_catalog'}
2025-07-06 18:05:49,787 INFO sqlalchemy.engine.Engine SELECT pg_catalog.pg_class.relname 
FROM pg_catalog.pg_class JOIN pg_catalog.pg_namespace ON pg_catalog.pg_namespace.oid = pg_catalog.pg_class.relnamespace 
WHERE pg_catalog.pg_class.relname = %(table_name)s AND pg_catalog.pg_class.relkind = ANY (ARRAY[%(param_1)s, %(param_2)s, %(param_3)s, %(param_4)s, %(param_5)s]) AND pg_catalog.pg_table_is_visible(pg_catalog.pg_class.oid) AND pg_catalog.pg_namespace.nspname != %(nspname_1)s
2025-07-06 18:05:49,790 INFO sqlalchemy.engine.Engine [cached since 0.02652s ago] {'table_name': 'user_tenant_roles', 'param_1': 'r', 'param_2': 'p', 'param_3': 'f', 'param_4': 'v', 'param_5': 'm', 'nspname_1': 'pg_catalog'}
2025-07-06 18:05:49,794 INFO sqlalchemy.engine.Engine SELECT pg_catalog.pg_class.relname 
FROM pg_catalog.pg_class JOIN pg_catalog.pg_namespace ON pg_catalog.pg_namespace.oid = pg_catalog.pg_class.relnamespace 
WHERE pg_catalog.pg_class.relname = %(table_name)s AND pg_catalog.pg_class.relkind = ANY (ARRAY[%(param_1)s, %(param_2)s, %(param_3)s, %(param_4)s, %(param_5)s]) AND pg_catalog.pg_table_is_visible(pg_catalog.pg_class.oid) AND pg_catalog.pg_namespace.nspname != %(nspname_1)s
2025-07-06 18:05:49,795 INFO sqlalchemy.engine.Engine [cached since 0.03142s ago] {'table_name': 'user_houses', 'param_1': 'r', 'param_2': 'p', 'param_3': 'f', 'param_4': 'v', 'param_5': 'm', 'nspname_1': 'pg_catalog'}
2025-07-06 18:05:49,799 INFO sqlalchemy.engine.Engine SELECT pg_catalog.pg_class.relname 
FROM pg_catalog.pg_class JOIN pg_catalog.pg_namespace ON pg_catalog.pg_namespace.oid = pg_catalog.pg_class.relnamespace 
WHERE pg_catalog.pg_class.relname = %(table_name)s AND pg_catalog.pg_class.relkind = ANY (ARRAY[%(param_1)s, %(param_2)s, %(param_3)s, %(param_4)s, %(param_5)s]) AND pg_catalog.pg_table_is_visible(pg_catalog.pg_class.oid) AND pg_catalog.pg_namespace.nspname != %(nspname_1)s
2025-07-06 18:05:49,800 INFO sqlalchemy.engine.Engine [cached since 0.0369s ago] {'table_name': 'user_permissions', 'param_1': 'r', 'param_2': 'p', 'param_3': 'f', 'param_4': 'v', 'param_5': 'm', 'nspname_1': 'pg_catalog'}
2025-07-06 18:05:49,808 INFO sqlalchemy.engine.Engine SELECT pg_catalog.pg_class.relname 
FROM pg_catalog.pg_class JOIN pg_catalog.pg_namespace ON pg_catalog.pg_namespace.oid = pg_catalog.pg_class.relnamespace 
WHERE pg_catalog.pg_class.relname = %(table_name)s AND pg_catalog.pg_class.relkind = ANY (ARRAY[%(param_1)s, %(param_2)s, %(param_3)s, %(param_4)s, %(param_5)s]) AND pg_catalog.pg_table_is_visible(pg_catalog.pg_class.oid) AND pg_catalog.pg_namespace.nspname != %(nspname_1)s
2025-07-06 18:05:49,810 INFO sqlalchemy.engine.Engine [cached since 0.04709s ago] {'table_name': 'permissions', 'param_1': 'r', 'param_2': 'p', 'param_3': 'f', 'param_4': 'v', 'param_5': 'm', 'nspname_1': 'pg_catalog'}
2025-07-06 18:05:49,815 INFO sqlalchemy.engine.Engine SELECT pg_catalog.pg_class.relname 
FROM pg_catalog.pg_class JOIN pg_catalog.pg_namespace ON pg_catalog.pg_namespace.oid = pg_catalog.pg_class.relnamespace 
WHERE pg_catalog.pg_class.relname = %(table_name)s AND pg_catalog.pg_class.relkind = ANY (ARRAY[%(param_1)s, %(param_2)s, %(param_3)s, %(param_4)s, %(param_5)s]) AND pg_catalog.pg_table_is_visible(pg_catalog.pg_class.oid) AND pg_catalog.pg_namespace.nspname != %(nspname_1)s
2025-07-06 18:05:49,816 INFO sqlalchemy.engine.Engine [cached since 0.05259s ago] {'table_name': 'users', 'param_1': 'r', 'param_2': 'p', 'param_3': 'f', 'param_4': 'v', 'param_5': 'm', 'nspname_1': 'pg_catalog'}
2025-07-06 18:05:49,820 INFO sqlalchemy.engine.Engine SELECT pg_catalog.pg_class.relname 
FROM pg_catalog.pg_class JOIN pg_catalog.pg_namespace ON pg_catalog.pg_namespace.oid = pg_catalog.pg_class.relnamespace 
WHERE pg_catalog.pg_class.relname = %(table_name)s AND pg_catalog.pg_class.relkind = ANY (ARRAY[%(param_1)s, %(param_2)s, %(param_3)s, %(param_4)s, %(param_5)s]) AND pg_catalog.pg_table_is_visible(pg_catalog.pg_class.oid) AND pg_catalog.pg_namespace.nspname != %(nspname_1)s
2025-07-06 18:05:49,823 INFO sqlalchemy.engine.Engine [cached since 0.05945s ago] {'table_name': 'documents', 'param_1': 'r', 'param_2': 'p', 'param_3': 'f', 'param_4': 'v', 'param_5': 'm', 'nspname_1': 'pg_catalog'}
2025-07-06 18:05:49,833 INFO sqlalchemy.engine.Engine SELECT pg_catalog.pg_class.relname 
FROM pg_catalog.pg_class JOIN pg_catalog.pg_namespace ON pg_catalog.pg_namespace.oid = pg_catalog.pg_class.relnamespace 
WHERE pg_catalog.pg_class.relname = %(table_name)s AND pg_catalog.pg_class.relkind = ANY (ARRAY[%(param_1)s, %(param_2)s, %(param_3)s, %(param_4)s, %(param_5)s]) AND pg_catalog.pg_table_is_visible(pg_catalog.pg_class.oid) AND pg_catalog.pg_namespace.nspname != %(nspname_1)s
2025-07-06 18:05:49,834 INFO sqlalchemy.engine.Engine [cached since 0.07096s ago] {'table_name': 'document_versions', 'param_1': 'r', 'param_2': 'p', 'param_3': 'f', 'param_4': 'v', 'param_5': 'm', 'nspname_1': 'pg_catalog'}
2025-07-06 18:05:49,849 INFO sqlalchemy.engine.Engine SELECT pg_catalog.pg_class.relname 
FROM pg_catalog.pg_class JOIN pg_catalog.pg_namespace ON pg_catalog.pg_namespace.oid = pg_catalog.pg_class.relnamespace 
WHERE pg_catalog.pg_class.relname = %(table_name)s AND pg_catalog.pg_class.relkind = ANY (ARRAY[%(param_1)s, %(param_2)s, %(param_3)s, %(param_4)s, %(param_5)s]) AND pg_catalog.pg_table_is_visible(pg_catalog.pg_class.oid) AND pg_catalog.pg_namespace.nspname != %(nspname_1)s
2025-07-06 18:05:49,851 INFO sqlalchemy.engine.Engine [cached since 0.08745s ago] {'table_name': 'houses', 'param_1': 'r', 'param_2': 'p', 'param_3': 'f', 'param_4': 'v', 'param_5': 'm', 'nspname_1': 'pg_catalog'}
2025-07-06 18:05:49,856 INFO sqlalchemy.engine.Engine SELECT pg_catalog.pg_class.relname 
FROM pg_catalog.pg_class JOIN pg_catalog.pg_namespace ON pg_catalog.pg_namespace.oid = pg_catalog.pg_class.relnamespace 
WHERE pg_catalog.pg_class.relname = %(table_name)s AND pg_catalog.pg_class.relkind = ANY (ARRAY[%(param_1)s, %(param_2)s, %(param_3)s, %(param_4)s, %(param_5)s]) AND pg_catalog.pg_table_is_visible(pg_catalog.pg_class.oid) AND pg_catalog.pg_namespace.nspname != %(nspname_1)s
2025-07-06 18:05:49,858 INFO sqlalchemy.engine.Engine [cached since 0.0946s ago] {'table_name': 'node_areas', 'param_1': 'r', 'param_2': 'p', 'param_3': 'f', 'param_4': 'v', 'param_5': 'm', 'nspname_1': 'pg_catalog'}
2025-07-06 18:05:49,862 INFO sqlalchemy.engine.Engine SELECT pg_catalog.pg_class.relname 
FROM pg_catalog.pg_class JOIN pg_catalog.pg_namespace ON pg_catalog.pg_namespace.oid = pg_catalog.pg_class.relnamespace 
WHERE pg_catalog.pg_class.relname = %(table_name)s AND pg_catalog.pg_class.relkind = ANY (ARRAY[%(param_1)s, %(param_2)s, %(param_3)s, %(param_4)s, %(param_5)s]) AND pg_catalog.pg_table_is_visible(pg_catalog.pg_class.oid) AND pg_catalog.pg_namespace.nspname != %(nspname_1)s
2025-07-06 18:05:49,864 INFO sqlalchemy.engine.Engine [cached since 0.1002s ago] {'table_name': 'main_areas', 'param_1': 'r', 'param_2': 'p', 'param_3': 'f', 'param_4': 'v', 'param_5': 'm', 'nspname_1': 'pg_catalog'}
2025-07-06 18:05:49,868 INFO sqlalchemy.engine.Engine SELECT pg_catalog.pg_class.relname 
FROM pg_catalog.pg_class JOIN pg_catalog.pg_namespace ON pg_catalog.pg_namespace.oid = pg_catalog.pg_class.relnamespace 
WHERE pg_catalog.pg_class.relname = %(table_name)s AND pg_catalog.pg_class.relkind = ANY (ARRAY[%(param_1)s, %(param_2)s, %(param_3)s, %(param_4)s, %(param_5)s]) AND pg_catalog.pg_table_is_visible(pg_catalog.pg_class.oid) AND pg_catalog.pg_namespace.nspname != %(nspname_1)s
2025-07-06 18:05:49,869 INFO sqlalchemy.engine.Engine [cached since 0.1056s ago] {'table_name': 'nodes', 'param_1': 'r', 'param_2': 'p', 'param_3': 'f', 'param_4': 'v', 'param_5': 'm', 'nspname_1': 'pg_catalog'}
2025-07-06 18:05:49,873 INFO sqlalchemy.engine.Engine SELECT pg_catalog.pg_class.relname 
FROM pg_catalog.pg_class JOIN pg_catalog.pg_namespace ON pg_catalog.pg_namespace.oid = pg_catalog.pg_class.relnamespace 
WHERE pg_catalog.pg_class.relname = %(table_name)s AND pg_catalog.pg_class.relkind = ANY (ARRAY[%(param_1)s, %(param_2)s, %(param_3)s, %(param_4)s, %(param_5)s]) AND pg_catalog.pg_table_is_visible(pg_catalog.pg_class.oid) AND pg_catalog.pg_namespace.nspname != %(nspname_1)s
2025-07-06 18:05:49,873 INFO sqlalchemy.engine.Engine [cached since 0.1101s ago] {'table_name': 'rooms', 'param_1': 'r', 'param_2': 'p', 'param_3': 'f', 'param_4': 'v', 'param_5': 'm', 'nspname_1': 'pg_catalog'}
2025-07-06 18:05:49,877 INFO sqlalchemy.engine.Engine SELECT pg_catalog.pg_class.relname 
FROM pg_catalog.pg_class JOIN pg_catalog.pg_namespace ON pg_catalog.pg_namespace.oid = pg_catalog.pg_class.relnamespace 
WHERE pg_catalog.pg_class.relname = %(table_name)s AND pg_catalog.pg_class.relkind = ANY (ARRAY[%(param_1)s, %(param_2)s, %(param_3)s, %(param_4)s, %(param_5)s]) AND pg_catalog.pg_table_is_visible(pg_catalog.pg_class.oid) AND pg_catalog.pg_namespace.nspname != %(nspname_1)s
2025-07-06 18:05:49,878 INFO sqlalchemy.engine.Engine [cached since 0.1145s ago] {'table_name': 'bookings', 'param_1': 'r', 'param_2': 'p', 'param_3': 'f', 'param_4': 'v', 'param_5': 'm', 'nspname_1': 'pg_catalog'}
2025-07-06 18:05:49,881 INFO sqlalchemy.engine.Engine SELECT pg_catalog.pg_class.relname 
FROM pg_catalog.pg_class JOIN pg_catalog.pg_namespace ON pg_catalog.pg_namespace.oid = pg_catalog.pg_class.relnamespace 
WHERE pg_catalog.pg_class.relname = %(table_name)s AND pg_catalog.pg_class.relkind = ANY (ARRAY[%(param_1)s, %(param_2)s, %(param_3)s, %(param_4)s, %(param_5)s]) AND pg_catalog.pg_table_is_visible(pg_catalog.pg_class.oid) AND pg_catalog.pg_namespace.nspname != %(nspname_1)s
2025-07-06 18:05:49,883 INFO sqlalchemy.engine.Engine [cached since 0.1196s ago] {'table_name': 'maintenance_records', 'param_1': 'r', 'param_2': 'p', 'param_3': 'f', 'param_4': 'v', 'param_5': 'm', 'nspname_1': 'pg_catalog'}
2025-07-06 18:05:49,890 INFO sqlalchemy.engine.Engine SELECT pg_catalog.pg_class.relname 
FROM pg_catalog.pg_class JOIN pg_catalog.pg_namespace ON pg_catalog.pg_namespace.oid = pg_catalog.pg_class.relnamespace 
WHERE pg_catalog.pg_class.relname = %(table_name)s AND pg_catalog.pg_class.relkind = ANY (ARRAY[%(param_1)s, %(param_2)s, %(param_3)s, %(param_4)s, %(param_5)s]) AND pg_catalog.pg_table_is_visible(pg_catalog.pg_class.oid) AND pg_catalog.pg_namespace.nspname != %(nspname_1)s
2025-07-06 18:05:49,891 INFO sqlalchemy.engine.Engine [cached since 0.1276s ago] {'table_name': 'bim_model_versions', 'param_1': 'r', 'param_2': 'p', 'param_3': 'f', 'param_4': 'v', 'param_5': 'm', 'nspname_1': 'pg_catalog'}
2025-07-06 18:05:49,898 INFO sqlalchemy.engine.Engine SELECT pg_catalog.pg_class.relname 
FROM pg_catalog.pg_class JOIN pg_catalog.pg_namespace ON pg_catalog.pg_namespace.oid = pg_catalog.pg_class.relnamespace 
WHERE pg_catalog.pg_class.relname = %(table_name)s AND pg_catalog.pg_class.relkind = ANY (ARRAY[%(param_1)s, %(param_2)s, %(param_3)s, %(param_4)s, %(param_5)s]) AND pg_catalog.pg_table_is_visible(pg_catalog.pg_class.oid) AND pg_catalog.pg_namespace.nspname != %(nspname_1)s
2025-07-06 18:05:49,899 INFO sqlalchemy.engine.Engine [cached since 0.1355s ago] {'table_name': 'bim_models', 'param_1': 'r', 'param_2': 'p', 'param_3': 'f', 'param_4': 'v', 'param_5': 'm', 'nspname_1': 'pg_catalog'}
2025-07-06 18:05:49,903 INFO sqlalchemy.engine.Engine SELECT pg_catalog.pg_class.relname 
FROM pg_catalog.pg_class JOIN pg_catalog.pg_namespace ON pg_catalog.pg_namespace.oid = pg_catalog.pg_class.relnamespace 
WHERE pg_catalog.pg_class.relname = %(table_name)s AND pg_catalog.pg_class.relkind = ANY (ARRAY[%(param_1)s, %(param_2)s, %(param_3)s, %(param_4)s, %(param_5)s]) AND pg_catalog.pg_table_is_visible(pg_catalog.pg_class.oid) AND pg_catalog.pg_namespace.nspname != %(nspname_1)s
2025-07-06 18:05:49,904 INFO sqlalchemy.engine.Engine [cached since 0.141s ago] {'table_name': 'audio_logs', 'param_1': 'r', 'param_2': 'p', 'param_3': 'f', 'param_4': 'v', 'param_5': 'm', 'nspname_1': 'pg_catalog'}
2025-07-06 18:05:49,910 INFO sqlalchemy.engine.Engine SELECT pg_catalog.pg_class.relname 
FROM pg_catalog.pg_class JOIN pg_catalog.pg_namespace ON pg_catalog.pg_namespace.oid = pg_catalog.pg_class.relnamespace 
WHERE pg_catalog.pg_class.relname = %(table_name)s AND pg_catalog.pg_class.relkind = ANY (ARRAY[%(param_1)s, %(param_2)s, %(param_3)s, %(param_4)s, %(param_5)s]) AND pg_catalog.pg_table_is_visible(pg_catalog.pg_class.oid) AND pg_catalog.pg_namespace.nspname != %(nspname_1)s
2025-07-06 18:05:49,911 INFO sqlalchemy.engine.Engine [cached since 0.1474s ago] {'table_name': 'ai_interactions', 'param_1': 'r', 'param_2': 'p', 'param_3': 'f', 'param_4': 'v', 'param_5': 'm', 'nspname_1': 'pg_catalog'}
2025-07-06 18:05:49,914 INFO sqlalchemy.engine.Engine SELECT pg_catalog.pg_class.relname 
FROM pg_catalog.pg_class JOIN pg_catalog.pg_namespace ON pg_catalog.pg_namespace.oid = pg_catalog.pg_class.relnamespace 
WHERE pg_catalog.pg_class.relname = %(table_name)s AND pg_catalog.pg_class.relkind = ANY (ARRAY[%(param_1)s, %(param_2)s, %(param_3)s, %(param_4)s, %(param_5)s]) AND pg_catalog.pg_table_is_visible(pg_catalog.pg_class.oid) AND pg_catalog.pg_namespace.nspname != %(nspname_1)s
2025-07-06 18:05:49,914 INFO sqlalchemy.engine.Engine [cached since 0.1512s ago] {'table_name': 'physical_activators', 'param_1': 'r', 'param_2': 'p', 'param_3': 'f', 'param_4': 'v', 'param_5': 'm', 'nspname_1': 'pg_catalog'}
2025-07-06 18:05:49,923 INFO sqlalchemy.engine.Engine SELECT pg_catalog.pg_type.typname 
FROM pg_catalog.pg_type JOIN pg_catalog.pg_namespace ON pg_catalog.pg_namespace.oid = pg_catalog.pg_type.typnamespace 
WHERE pg_catalog.pg_type.typname = %(typname_1)s AND pg_catalog.pg_type_is_visible(pg_catalog.pg_type.oid) AND pg_catalog.pg_namespace.nspname != %(nspname_1)s
2025-07-06 18:05:49,924 INFO sqlalchemy.engine.Engine [generated in 0.00148s] {'typname_1': 'bimformat', 'nspname_1': 'pg_catalog'}
2025-07-06 18:05:49,949 INFO sqlalchemy.engine.Engine SELECT pg_catalog.pg_type.typname 
FROM pg_catalog.pg_type JOIN pg_catalog.pg_namespace ON pg_catalog.pg_namespace.oid = pg_catalog.pg_type.typnamespace 
WHERE pg_catalog.pg_type.typname = %(typname_1)s AND pg_catalog.pg_type_is_visible(pg_catalog.pg_type.oid) AND pg_catalog.pg_namespace.nspname != %(nspname_1)s
2025-07-06 18:05:49,950 INFO sqlalchemy.engine.Engine [cached since 0.02724s ago] {'typname_1': 'bimsoftware', 'nspname_1': 'pg_catalog'}
2025-07-06 18:05:49,959 INFO sqlalchemy.engine.Engine SELECT pg_catalog.pg_type.typname 
FROM pg_catalog.pg_type JOIN pg_catalog.pg_namespace ON pg_catalog.pg_namespace.oid = pg_catalog.pg_type.typnamespace 
WHERE pg_catalog.pg_type.typname = %(typname_1)s AND pg_catalog.pg_type_is_visible(pg_catalog.pg_type.oid) AND pg_catalog.pg_namespace.nspname != %(nspname_1)s
2025-07-06 18:05:49,960 INFO sqlalchemy.engine.Engine [cached since 0.03735s ago] {'typname_1': 'bimlevelofdetail', 'nspname_1': 'pg_catalog'}
2025-07-06 18:05:49,972 INFO sqlalchemy.engine.Engine SELECT pg_catalog.pg_type.typname 
FROM pg_catalog.pg_type JOIN pg_catalog.pg_namespace ON pg_catalog.pg_namespace.oid = pg_catalog.pg_type.typnamespace 
WHERE pg_catalog.pg_type.typname = %(typname_1)s AND pg_catalog.pg_type_is_visible(pg_catalog.pg_type.oid) AND pg_catalog.pg_namespace.nspname != %(nspname_1)s
2025-07-06 18:05:49,974 INFO sqlalchemy.engine.Engine [cached since 0.05083s ago] {'typname_1': 'bimconversionstatus', 'nspname_1': 'pg_catalog'}
2025-07-06 18:05:49,980 INFO sqlalchemy.engine.Engine SELECT pg_catalog.pg_type.typname 
FROM pg_catalog.pg_type JOIN pg_catalog.pg_namespace ON pg_catalog.pg_namespace.oid = pg_catalog.pg_type.typnamespace 
WHERE pg_catalog.pg_type.typname = %(typname_1)s AND pg_catalog.pg_type_is_visible(pg_catalog.pg_type.oid) AND pg_catalog.pg_namespace.nspname != %(nspname_1)s
2025-07-06 18:05:49,981 INFO sqlalchemy.engine.Engine [cached since 0.05837s ago] {'typname_1': 'activatortype', 'nspname_1': 'pg_catalog'}
2025-07-06 18:05:49,986 INFO sqlalchemy.engine.Engine COMMIT
2025-07-06 18:05:50,458 INFO sqlalchemy.engine.Engine BEGIN (implicit)
2025-07-06 18:05:50,461 INFO sqlalchemy.engine.Engine SELECT 1
2025-07-06 18:05:50,462 INFO sqlalchemy.engine.Engine [generated in 0.00442s] {}
2025-07-06 18:05:50,465 INFO sqlalchemy.engine.Engine ROLLBACK
---------------------------- Captured stderr setup ----------------------------
DEBUG:faker.factory:Looking for locale `en_US` in provider `faker.providers.address`.
DEBUG:faker.factory:Provider `faker.providers.address` has been localized to `en_US`.
DEBUG:faker.factory:Looking for locale `en_US` in provider `faker.providers.automotive`.
DEBUG:faker.factory:Provider `faker.providers.automotive` has been localized to `en_US`.
DEBUG:faker.factory:Looking for locale `en_US` in provider `faker.providers.bank`.
DEBUG:faker.factory:Specified locale `en_US` is not available for provider `faker.providers.bank`. Locale reset to `en_GB` for this provider.
DEBUG:faker.factory:Looking for locale `en_US` in provider `faker.providers.barcode`.
DEBUG:faker.factory:Provider `faker.providers.barcode` has been localized to `en_US`.
DEBUG:faker.factory:Looking for locale `en_US` in provider `faker.providers.color`.
DEBUG:faker.factory:Provider `faker.providers.color` has been localized to `en_US`.
DEBUG:faker.factory:Looking for locale `en_US` in provider `faker.providers.company`.
DEBUG:faker.factory:Provider `faker.providers.company` has been localized to `en_US`.
DEBUG:faker.factory:Looking for locale `en_US` in provider `faker.providers.credit_card`.
DEBUG:faker.factory:Provider `faker.providers.credit_card` has been localized to `en_US`.
DEBUG:faker.factory:Looking for locale `en_US` in provider `faker.providers.currency`.
DEBUG:faker.factory:Provider `faker.providers.currency` has been localized to `en_US`.
DEBUG:faker.factory:Looking for locale `en_US` in provider `faker.providers.date_time`.
DEBUG:faker.factory:Provider `faker.providers.date_time` has been localized to `en_US`.
DEBUG:faker.factory:Provider `faker.providers.doi` does not feature localization. Specified locale `en_US` is not utilized for this provider.
DEBUG:faker.factory:Provider `faker.providers.emoji` does not feature localization. Specified locale `en_US` is not utilized for this provider.
DEBUG:faker.factory:Provider `faker.providers.file` does not feature localization. Specified locale `en_US` is not utilized for this provider.
DEBUG:faker.factory:Looking for locale `en_US` in provider `faker.providers.geo`.
DEBUG:faker.factory:Provider `faker.providers.geo` has been localized to `en_US`.
DEBUG:faker.factory:Looking for locale `en_US` in provider `faker.providers.internet`.
DEBUG:faker.factory:Provider `faker.providers.internet` has been localized to `en_US`.
DEBUG:faker.factory:Looking for locale `en_US` in provider `faker.providers.isbn`.
DEBUG:faker.factory:Provider `faker.providers.isbn` has been localized to `en_US`.
DEBUG:faker.factory:Looking for locale `en_US` in provider `faker.providers.job`.
DEBUG:faker.factory:Provider `faker.providers.job` has been localized to `en_US`.
DEBUG:faker.factory:Looking for locale `en_US` in provider `faker.providers.lorem`.
DEBUG:faker.factory:Provider `faker.providers.lorem` has been localized to `en_US`.
DEBUG:faker.factory:Looking for locale `en_US` in provider `faker.providers.misc`.
DEBUG:faker.factory:Provider `faker.providers.misc` has been localized to `en_US`.
DEBUG:faker.factory:Looking for locale `en_US` in provider `faker.providers.passport`.
DEBUG:faker.factory:Provider `faker.providers.passport` has been localized to `en_US`.
DEBUG:faker.factory:Looking for locale `en_US` in provider `faker.providers.person`.
DEBUG:faker.factory:Provider `faker.providers.person` has been localized to `en_US`.
DEBUG:faker.factory:Looking for locale `en_US` in provider `faker.providers.phone_number`.
DEBUG:faker.factory:Provider `faker.providers.phone_number` has been localized to `en_US`.
DEBUG:faker.factory:Provider `faker.providers.profile` does not feature localization. Specified locale `en_US` is not utilized for this provider.
DEBUG:faker.factory:Provider `faker.providers.python` does not feature localization. Specified locale `en_US` is not utilized for this provider.
DEBUG:faker.factory:Provider `faker.providers.sbn` does not feature localization. Specified locale `en_US` is not utilized for this provider.
DEBUG:faker.factory:Looking for locale `en_US` in provider `faker.providers.ssn`.
DEBUG:faker.factory:Provider `faker.providers.ssn` has been localized to `en_US`.
DEBUG:faker.factory:Provider `faker.providers.user_agent` does not feature localization. Specified locale `en_US` is not utilized for this provider.
DEBUG:conftest:[TEST] Creazione automatica delle tabelle per i test...
INFO:sqlalchemy.engine.Engine:select pg_catalog.version()
INFO:sqlalchemy.engine.Engine:[raw sql] {}
INFO:sqlalchemy.engine.Engine:select current_schema()
INFO:sqlalchemy.engine.Engine:[raw sql] {}
INFO:sqlalchemy.engine.Engine:show standard_conforming_strings
INFO:sqlalchemy.engine.Engine:[raw sql] {}
INFO:sqlalchemy.engine.Engine:BEGIN (implicit)
INFO:sqlalchemy.engine.Engine:SELECT pg_catalog.pg_class.relname 
FROM pg_catalog.pg_class JOIN pg_catalog.pg_namespace ON pg_catalog.pg_namespace.oid = pg_catalog.pg_class.relnamespace 
WHERE pg_catalog.pg_class.relname = %(table_name)s AND pg_catalog.pg_class.relkind = ANY (ARRAY[%(param_1)s, %(param_2)s, %(param_3)s, %(param_4)s, %(param_5)s]) AND pg_catalog.pg_table_is_visible(pg_catalog.pg_class.oid) AND pg_catalog.pg_namespace.nspname != %(nspname_1)s
INFO:sqlalchemy.engine.Engine:[generated in 0.00213s] {'table_name': 'user_roles', 'param_1': 'r', 'param_2': 'p', 'param_3': 'f', 'param_4': 'v', 'param_5': 'm', 'nspname_1': 'pg_catalog'}
DEBUG:app.db.session:Query eseguita in 0.01 secondi: SELECT pg_catalog.pg_class.relname 
FROM pg_catalog.pg_class JOIN pg_catalog.pg_namespace ON pg_catalog.pg_namespace.oid = pg_catalog.pg_class.relnamespace 
WHERE pg_catalog.pg_class.relname = %(table_name)s AND pg_catalog.pg_class.relkind = ANY (ARRAY[%(param_1)s, %(param_2)s, %(param_3)s, %(param_4)s, %(param_5)s]) AND pg_catalog.pg_table_is_visible(pg_catalog.pg_class.oid) AND pg_catalog.pg_namespace.nspname != %(nspname_1)s
INFO:sqlalchemy.engine.Engine:SELECT pg_catalog.pg_class.relname 
FROM pg_catalog.pg_class JOIN pg_catalog.pg_namespace ON pg_catalog.pg_namespace.oid = pg_catalog.pg_class.relnamespace 
WHERE pg_catalog.pg_class.relname = %(table_name)s AND pg_catalog.pg_class.relkind = ANY (ARRAY[%(param_1)s, %(param_2)s, %(param_3)s, %(param_4)s, %(param_5)s]) AND pg_catalog.pg_table_is_visible(pg_catalog.pg_class.oid) AND pg_catalog.pg_namespace.nspname != %(nspname_1)s
INFO:sqlalchemy.engine.Engine:[cached since 0.01535s ago] {'table_name': 'role_permissions', 'param_1': 'r', 'param_2': 'p', 'param_3': 'f', 'param_4': 'v', 'param_5': 'm', 'nspname_1': 'pg_catalog'}
DEBUG:app.db.session:Query eseguita in 0.00 secondi: SELECT pg_catalog.pg_class.relname 
FROM pg_catalog.pg_class JOIN pg_catalog.pg_namespace ON pg_catalog.pg_namespace.oid = pg_catalog.pg_class.relnamespace 
WHERE pg_catalog.pg_class.relname = %(table_name)s AND pg_catalog.pg_class.relkind = ANY (ARRAY[%(param_1)s, %(param_2)s, %(param_3)s, %(param_4)s, %(param_5)s]) AND pg_catalog.pg_table_is_visible(pg_catalog.pg_class.oid) AND pg_catalog.pg_namespace.nspname != %(nspname_1)s
INFO:sqlalchemy.engine.Engine:SELECT pg_catalog.pg_class.relname 
FROM pg_catalog.pg_class JOIN pg_catalog.pg_namespace ON pg_catalog.pg_namespace.oid = pg_catalog.pg_class.relnamespace 
WHERE pg_catalog.pg_class.relname = %(table_name)s AND pg_catalog.pg_class.relkind = ANY (ARRAY[%(param_1)s, %(param_2)s, %(param_3)s, %(param_4)s, %(param_5)s]) AND pg_catalog.pg_table_is_visible(pg_catalog.pg_class.oid) AND pg_catalog.pg_namespace.nspname != %(nspname_1)s
INFO:sqlalchemy.engine.Engine:[cached since 0.01971s ago] {'table_name': 'roles', 'param_1': 'r', 'param_2': 'p', 'param_3': 'f', 'param_4': 'v', 'param_5': 'm', 'nspname_1': 'pg_catalog'}
DEBUG:app.db.session:Query eseguita in 0.00 secondi: SELECT pg_catalog.pg_class.relname 
FROM pg_catalog.pg_class JOIN pg_catalog.pg_namespace ON pg_catalog.pg_namespace.oid = pg_catalog.pg_class.relnamespace 
WHERE pg_catalog.pg_class.relname = %(table_name)s AND pg_catalog.pg_class.relkind = ANY (ARRAY[%(param_1)s, %(param_2)s, %(param_3)s, %(param_4)s, %(param_5)s]) AND pg_catalog.pg_table_is_visible(pg_catalog.pg_class.oid) AND pg_catalog.pg_namespace.nspname != %(nspname_1)s
INFO:sqlalchemy.engine.Engine:SELECT pg_catalog.pg_class.relname 
FROM pg_catalog.pg_class JOIN pg_catalog.pg_namespace ON pg_catalog.pg_namespace.oid = pg_catalog.pg_class.relnamespace 
WHERE pg_catalog.pg_class.relname = %(table_name)s AND pg_catalog.pg_class.relkind = ANY (ARRAY[%(param_1)s, %(param_2)s, %(param_3)s, %(param_4)s, %(param_5)s]) AND pg_catalog.pg_table_is_visible(pg_catalog.pg_class.oid) AND pg_catalog.pg_namespace.nspname != %(nspname_1)s
INFO:sqlalchemy.engine.Engine:[cached since 0.02652s ago] {'table_name': 'user_tenant_roles', 'param_1': 'r', 'param_2': 'p', 'param_3': 'f', 'param_4': 'v', 'param_5': 'm', 'nspname_1': 'pg_catalog'}
DEBUG:app.db.session:Query eseguita in 0.01 secondi: SELECT pg_catalog.pg_class.relname 
FROM pg_catalog.pg_class JOIN pg_catalog.pg_namespace ON pg_catalog.pg_namespace.oid = pg_catalog.pg_class.relnamespace 
WHERE pg_catalog.pg_class.relname = %(table_name)s AND pg_catalog.pg_class.relkind = ANY (ARRAY[%(param_1)s, %(param_2)s, %(param_3)s, %(param_4)s, %(param_5)s]) AND pg_catalog.pg_table_is_visible(pg_catalog.pg_class.oid) AND pg_catalog.pg_namespace.nspname != %(nspname_1)s
INFO:sqlalchemy.engine.Engine:SELECT pg_catalog.pg_class.relname 
FROM pg_catalog.pg_class JOIN pg_catalog.pg_namespace ON pg_catalog.pg_namespace.oid = pg_catalog.pg_class.relnamespace 
WHERE pg_catalog.pg_class.relname = %(table_name)s AND pg_catalog.pg_class.relkind = ANY (ARRAY[%(param_1)s, %(param_2)s, %(param_3)s, %(param_4)s, %(param_5)s]) AND pg_catalog.pg_table_is_visible(pg_catalog.pg_class.oid) AND pg_catalog.pg_namespace.nspname != %(nspname_1)s
INFO:sqlalchemy.engine.Engine:[cached since 0.03142s ago] {'table_name': 'user_houses', 'param_1': 'r', 'param_2': 'p', 'param_3': 'f', 'param_4': 'v', 'param_5': 'm', 'nspname_1': 'pg_catalog'}
DEBUG:app.db.session:Query eseguita in 0.00 secondi: SELECT pg_catalog.pg_class.relname 
FROM pg_catalog.pg_class JOIN pg_catalog.pg_namespace ON pg_catalog.pg_namespace.oid = pg_catalog.pg_class.relnamespace 
WHERE pg_catalog.pg_class.relname = %(table_name)s AND pg_catalog.pg_class.relkind = ANY (ARRAY[%(param_1)s, %(param_2)s, %(param_3)s, %(param_4)s, %(param_5)s]) AND pg_catalog.pg_table_is_visible(pg_catalog.pg_class.oid) AND pg_catalog.pg_namespace.nspname != %(nspname_1)s
INFO:sqlalchemy.engine.Engine:SELECT pg_catalog.pg_class.relname 
FROM pg_catalog.pg_class JOIN pg_catalog.pg_namespace ON pg_catalog.pg_namespace.oid = pg_catalog.pg_class.relnamespace 
WHERE pg_catalog.pg_class.relname = %(table_name)s AND pg_catalog.pg_class.relkind = ANY (ARRAY[%(param_1)s, %(param_2)s, %(param_3)s, %(param_4)s, %(param_5)s]) AND pg_catalog.pg_table_is_visible(pg_catalog.pg_class.oid) AND pg_catalog.pg_namespace.nspname != %(nspname_1)s
INFO:sqlalchemy.engine.Engine:[cached since 0.0369s ago] {'table_name': 'user_permissions', 'param_1': 'r', 'param_2': 'p', 'param_3': 'f', 'param_4': 'v', 'param_5': 'm', 'nspname_1': 'pg_catalog'}
DEBUG:app.db.session:Query eseguita in 0.01 secondi: SELECT pg_catalog.pg_class.relname 
FROM pg_catalog.pg_class JOIN pg_catalog.pg_namespace ON pg_catalog.pg_namespace.oid = pg_catalog.pg_class.relnamespace 
WHERE pg_catalog.pg_class.relname = %(table_name)s AND pg_catalog.pg_class.relkind = ANY (ARRAY[%(param_1)s, %(param_2)s, %(param_3)s, %(param_4)s, %(param_5)s]) AND pg_catalog.pg_table_is_visible(pg_catalog.pg_class.oid) AND pg_catalog.pg_namespace.nspname != %(nspname_1)s
INFO:sqlalchemy.engine.Engine:SELECT pg_catalog.pg_class.relname 
FROM pg_catalog.pg_class JOIN pg_catalog.pg_namespace ON pg_catalog.pg_namespace.oid = pg_catalog.pg_class.relnamespace 
WHERE pg_catalog.pg_class.relname = %(table_name)s AND pg_catalog.pg_class.relkind = ANY (ARRAY[%(param_1)s, %(param_2)s, %(param_3)s, %(param_4)s, %(param_5)s]) AND pg_catalog.pg_table_is_visible(pg_catalog.pg_class.oid) AND pg_catalog.pg_namespace.nspname != %(nspname_1)s
INFO:sqlalchemy.engine.Engine:[cached since 0.04709s ago] {'table_name': 'permissions', 'param_1': 'r', 'param_2': 'p', 'param_3': 'f', 'param_4': 'v', 'param_5': 'm', 'nspname_1': 'pg_catalog'}
DEBUG:app.db.session:Query eseguita in 0.01 secondi: SELECT pg_catalog.pg_class.relname 
FROM pg_catalog.pg_class JOIN pg_catalog.pg_namespace ON pg_catalog.pg_namespace.oid = pg_catalog.pg_class.relnamespace 
WHERE pg_catalog.pg_class.relname = %(table_name)s AND pg_catalog.pg_class.relkind = ANY (ARRAY[%(param_1)s, %(param_2)s, %(param_3)s, %(param_4)s, %(param_5)s]) AND pg_catalog.pg_table_is_visible(pg_catalog.pg_class.oid) AND pg_catalog.pg_namespace.nspname != %(nspname_1)s
INFO:sqlalchemy.engine.Engine:SELECT pg_catalog.pg_class.relname 
FROM pg_catalog.pg_class JOIN pg_catalog.pg_namespace ON pg_catalog.pg_namespace.oid = pg_catalog.pg_class.relnamespace 
WHERE pg_catalog.pg_class.relname = %(table_name)s AND pg_catalog.pg_class.relkind = ANY (ARRAY[%(param_1)s, %(param_2)s, %(param_3)s, %(param_4)s, %(param_5)s]) AND pg_catalog.pg_table_is_visible(pg_catalog.pg_class.oid) AND pg_catalog.pg_namespace.nspname != %(nspname_1)s
INFO:sqlalchemy.engine.Engine:[cached since 0.05259s ago] {'table_name': 'users', 'param_1': 'r', 'param_2': 'p', 'param_3': 'f', 'param_4': 'v', 'param_5': 'm', 'nspname_1': 'pg_catalog'}
DEBUG:app.db.session:Query eseguita in 0.00 secondi: SELECT pg_catalog.pg_class.relname 
FROM pg_catalog.pg_class JOIN pg_catalog.pg_namespace ON pg_catalog.pg_namespace.oid = pg_catalog.pg_class.relnamespace 
WHERE pg_catalog.pg_class.relname = %(table_name)s AND pg_catalog.pg_class.relkind = ANY (ARRAY[%(param_1)s, %(param_2)s, %(param_3)s, %(param_4)s, %(param_5)s]) AND pg_catalog.pg_table_is_visible(pg_catalog.pg_class.oid) AND pg_catalog.pg_namespace.nspname != %(nspname_1)s
INFO:sqlalchemy.engine.Engine:SELECT pg_catalog.pg_class.relname 
FROM pg_catalog.pg_class JOIN pg_catalog.pg_namespace ON pg_catalog.pg_namespace.oid = pg_catalog.pg_class.relnamespace 
WHERE pg_catalog.pg_class.relname = %(table_name)s AND pg_catalog.pg_class.relkind = ANY (ARRAY[%(param_1)s, %(param_2)s, %(param_3)s, %(param_4)s, %(param_5)s]) AND pg_catalog.pg_table_is_visible(pg_catalog.pg_class.oid) AND pg_catalog.pg_namespace.nspname != %(nspname_1)s
INFO:sqlalchemy.engine.Engine:[cached since 0.05945s ago] {'table_name': 'documents', 'param_1': 'r', 'param_2': 'p', 'param_3': 'f', 'param_4': 'v', 'param_5': 'm', 'nspname_1': 'pg_catalog'}
DEBUG:app.db.session:Query eseguita in 0.01 secondi: SELECT pg_catalog.pg_class.relname 
FROM pg_catalog.pg_class JOIN pg_catalog.pg_namespace ON pg_catalog.pg_namespace.oid = pg_catalog.pg_class.relnamespace 
WHERE pg_catalog.pg_class.relname = %(table_name)s AND pg_catalog.pg_class.relkind = ANY (ARRAY[%(param_1)s, %(param_2)s, %(param_3)s, %(param_4)s, %(param_5)s]) AND pg_catalog.pg_table_is_visible(pg_catalog.pg_class.oid) AND pg_catalog.pg_namespace.nspname != %(nspname_1)s
INFO:sqlalchemy.engine.Engine:SELECT pg_catalog.pg_class.relname 
FROM pg_catalog.pg_class JOIN pg_catalog.pg_namespace ON pg_catalog.pg_namespace.oid = pg_catalog.pg_class.relnamespace 
WHERE pg_catalog.pg_class.relname = %(table_name)s AND pg_catalog.pg_class.relkind = ANY (ARRAY[%(param_1)s, %(param_2)s, %(param_3)s, %(param_4)s, %(param_5)s]) AND pg_catalog.pg_table_is_visible(pg_catalog.pg_class.oid) AND pg_catalog.pg_namespace.nspname != %(nspname_1)s
INFO:sqlalchemy.engine.Engine:[cached since 0.07096s ago] {'table_name': 'document_versions', 'param_1': 'r', 'param_2': 'p', 'param_3': 'f', 'param_4': 'v', 'param_5': 'm', 'nspname_1': 'pg_catalog'}
DEBUG:app.db.session:Query eseguita in 0.01 secondi: SELECT pg_catalog.pg_class.relname 
FROM pg_catalog.pg_class JOIN pg_catalog.pg_namespace ON pg_catalog.pg_namespace.oid = pg_catalog.pg_class.relnamespace 
WHERE pg_catalog.pg_class.relname = %(table_name)s AND pg_catalog.pg_class.relkind = ANY (ARRAY[%(param_1)s, %(param_2)s, %(param_3)s, %(param_4)s, %(param_5)s]) AND pg_catalog.pg_table_is_visible(pg_catalog.pg_class.oid) AND pg_catalog.pg_namespace.nspname != %(nspname_1)s
INFO:sqlalchemy.engine.Engine:SELECT pg_catalog.pg_class.relname 
FROM pg_catalog.pg_class JOIN pg_catalog.pg_namespace ON pg_catalog.pg_namespace.oid = pg_catalog.pg_class.relnamespace 
WHERE pg_catalog.pg_class.relname = %(table_name)s AND pg_catalog.pg_class.relkind = ANY (ARRAY[%(param_1)s, %(param_2)s, %(param_3)s, %(param_4)s, %(param_5)s]) AND pg_catalog.pg_table_is_visible(pg_catalog.pg_class.oid) AND pg_catalog.pg_namespace.nspname != %(nspname_1)s
INFO:sqlalchemy.engine.Engine:[cached since 0.08745s ago] {'table_name': 'houses', 'param_1': 'r', 'param_2': 'p', 'param_3': 'f', 'param_4': 'v', 'param_5': 'm', 'nspname_1': 'pg_catalog'}
DEBUG:app.db.session:Query eseguita in 0.00 secondi: SELECT pg_catalog.pg_class.relname 
FROM pg_catalog.pg_class JOIN pg_catalog.pg_namespace ON pg_catalog.pg_namespace.oid = pg_catalog.pg_class.relnamespace 
WHERE pg_catalog.pg_class.relname = %(table_name)s AND pg_catalog.pg_class.relkind = ANY (ARRAY[%(param_1)s, %(param_2)s, %(param_3)s, %(param_4)s, %(param_5)s]) AND pg_catalog.pg_table_is_visible(pg_catalog.pg_class.oid) AND pg_catalog.pg_namespace.nspname != %(nspname_1)s
INFO:sqlalchemy.engine.Engine:SELECT pg_catalog.pg_class.relname 
FROM pg_catalog.pg_class JOIN pg_catalog.pg_namespace ON pg_catalog.pg_namespace.oid = pg_catalog.pg_class.relnamespace 
WHERE pg_catalog.pg_class.relname = %(table_name)s AND pg_catalog.pg_class.relkind = ANY (ARRAY[%(param_1)s, %(param_2)s, %(param_3)s, %(param_4)s, %(param_5)s]) AND pg_catalog.pg_table_is_visible(pg_catalog.pg_class.oid) AND pg_catalog.pg_namespace.nspname != %(nspname_1)s
INFO:sqlalchemy.engine.Engine:[cached since 0.0946s ago] {'table_name': 'node_areas', 'param_1': 'r', 'param_2': 'p', 'param_3': 'f', 'param_4': 'v', 'param_5': 'm', 'nspname_1': 'pg_catalog'}
DEBUG:app.db.session:Query eseguita in 0.01 secondi: SELECT pg_catalog.pg_class.relname 
FROM pg_catalog.pg_class JOIN pg_catalog.pg_namespace ON pg_catalog.pg_namespace.oid = pg_catalog.pg_class.relnamespace 
WHERE pg_catalog.pg_class.relname = %(table_name)s AND pg_catalog.pg_class.relkind = ANY (ARRAY[%(param_1)s, %(param_2)s, %(param_3)s, %(param_4)s, %(param_5)s]) AND pg_catalog.pg_table_is_visible(pg_catalog.pg_class.oid) AND pg_catalog.pg_namespace.nspname != %(nspname_1)s
INFO:sqlalchemy.engine.Engine:SELECT pg_catalog.pg_class.relname 
FROM pg_catalog.pg_class JOIN pg_catalog.pg_namespace ON pg_catalog.pg_namespace.oid = pg_catalog.pg_class.relnamespace 
WHERE pg_catalog.pg_class.relname = %(table_name)s AND pg_catalog.pg_class.relkind = ANY (ARRAY[%(param_1)s, %(param_2)s, %(param_3)s, %(param_4)s, %(param_5)s]) AND pg_catalog.pg_table_is_visible(pg_catalog.pg_class.oid) AND pg_catalog.pg_namespace.nspname != %(nspname_1)s
INFO:sqlalchemy.engine.Engine:[cached since 0.1002s ago] {'table_name': 'main_areas', 'param_1': 'r', 'param_2': 'p', 'param_3': 'f', 'param_4': 'v', 'param_5': 'm', 'nspname_1': 'pg_catalog'}
DEBUG:app.db.session:Query eseguita in 0.00 secondi: SELECT pg_catalog.pg_class.relname 
FROM pg_catalog.pg_class JOIN pg_catalog.pg_namespace ON pg_catalog.pg_namespace.oid = pg_catalog.pg_class.relnamespace 
WHERE pg_catalog.pg_class.relname = %(table_name)s AND pg_catalog.pg_class.relkind = ANY (ARRAY[%(param_1)s, %(param_2)s, %(param_3)s, %(param_4)s, %(param_5)s]) AND pg_catalog.pg_table_is_visible(pg_catalog.pg_class.oid) AND pg_catalog.pg_namespace.nspname != %(nspname_1)s
INFO:sqlalchemy.engine.Engine:SELECT pg_catalog.pg_class.relname 
FROM pg_catalog.pg_class JOIN pg_catalog.pg_namespace ON pg_catalog.pg_namespace.oid = pg_catalog.pg_class.relnamespace 
WHERE pg_catalog.pg_class.relname = %(table_name)s AND pg_catalog.pg_class.relkind = ANY (ARRAY[%(param_1)s, %(param_2)s, %(param_3)s, %(param_4)s, %(param_5)s]) AND pg_catalog.pg_table_is_visible(pg_catalog.pg_class.oid) AND pg_catalog.pg_namespace.nspname != %(nspname_1)s
INFO:sqlalchemy.engine.Engine:[cached since 0.1056s ago] {'table_name': 'nodes', 'param_1': 'r', 'param_2': 'p', 'param_3': 'f', 'param_4': 'v', 'param_5': 'm', 'nspname_1': 'pg_catalog'}
DEBUG:app.db.session:Query eseguita in 0.00 secondi: SELECT pg_catalog.pg_class.relname 
FROM pg_catalog.pg_class JOIN pg_catalog.pg_namespace ON pg_catalog.pg_namespace.oid = pg_catalog.pg_class.relnamespace 
WHERE pg_catalog.pg_class.relname = %(table_name)s AND pg_catalog.pg_class.relkind = ANY (ARRAY[%(param_1)s, %(param_2)s, %(param_3)s, %(param_4)s, %(param_5)s]) AND pg_catalog.pg_table_is_visible(pg_catalog.pg_class.oid) AND pg_catalog.pg_namespace.nspname != %(nspname_1)s
INFO:sqlalchemy.engine.Engine:SELECT pg_catalog.pg_class.relname 
FROM pg_catalog.pg_class JOIN pg_catalog.pg_namespace ON pg_catalog.pg_namespace.oid = pg_catalog.pg_class.relnamespace 
WHERE pg_catalog.pg_class.relname = %(table_name)s AND pg_catalog.pg_class.relkind = ANY (ARRAY[%(param_1)s, %(param_2)s, %(param_3)s, %(param_4)s, %(param_5)s]) AND pg_catalog.pg_table_is_visible(pg_catalog.pg_class.oid) AND pg_catalog.pg_namespace.nspname != %(nspname_1)s
INFO:sqlalchemy.engine.Engine:[cached since 0.1101s ago] {'table_name': 'rooms', 'param_1': 'r', 'param_2': 'p', 'param_3': 'f', 'param_4': 'v', 'param_5': 'm', 'nspname_1': 'pg_catalog'}
DEBUG:app.db.session:Query eseguita in 0.00 secondi: SELECT pg_catalog.pg_class.relname 
FROM pg_catalog.pg_class JOIN pg_catalog.pg_namespace ON pg_catalog.pg_namespace.oid = pg_catalog.pg_class.relnamespace 
WHERE pg_catalog.pg_class.relname = %(table_name)s AND pg_catalog.pg_class.relkind = ANY (ARRAY[%(param_1)s, %(param_2)s, %(param_3)s, %(param_4)s, %(param_5)s]) AND pg_catalog.pg_table_is_visible(pg_catalog.pg_class.oid) AND pg_catalog.pg_namespace.nspname != %(nspname_1)s
INFO:sqlalchemy.engine.Engine:SELECT pg_catalog.pg_class.relname 
FROM pg_catalog.pg_class JOIN pg_catalog.pg_namespace ON pg_catalog.pg_namespace.oid = pg_catalog.pg_class.relnamespace 
WHERE pg_catalog.pg_class.relname = %(table_name)s AND pg_catalog.pg_class.relkind = ANY (ARRAY[%(param_1)s, %(param_2)s, %(param_3)s, %(param_4)s, %(param_5)s]) AND pg_catalog.pg_table_is_visible(pg_catalog.pg_class.oid) AND pg_catalog.pg_namespace.nspname != %(nspname_1)s
INFO:sqlalchemy.engine.Engine:[cached since 0.1145s ago] {'table_name': 'bookings', 'param_1': 'r', 'param_2': 'p', 'param_3': 'f', 'param_4': 'v', 'param_5': 'm', 'nspname_1': 'pg_catalog'}
DEBUG:app.db.session:Query eseguita in 0.00 secondi: SELECT pg_catalog.pg_class.relname 
FROM pg_catalog.pg_class JOIN pg_catalog.pg_namespace ON pg_catalog.pg_namespace.oid = pg_catalog.pg_class.relnamespace 
WHERE pg_catalog.pg_class.relname = %(table_name)s AND pg_catalog.pg_class.relkind = ANY (ARRAY[%(param_1)s, %(param_2)s, %(param_3)s, %(param_4)s, %(param_5)s]) AND pg_catalog.pg_table_is_visible(pg_catalog.pg_class.oid) AND pg_catalog.pg_namespace.nspname != %(nspname_1)s
INFO:sqlalchemy.engine.Engine:SELECT pg_catalog.pg_class.relname 
FROM pg_catalog.pg_class JOIN pg_catalog.pg_namespace ON pg_catalog.pg_namespace.oid = pg_catalog.pg_class.relnamespace 
WHERE pg_catalog.pg_class.relname = %(table_name)s AND pg_catalog.pg_class.relkind = ANY (ARRAY[%(param_1)s, %(param_2)s, %(param_3)s, %(param_4)s, %(param_5)s]) AND pg_catalog.pg_table_is_visible(pg_catalog.pg_class.oid) AND pg_catalog.pg_namespace.nspname != %(nspname_1)s
INFO:sqlalchemy.engine.Engine:[cached since 0.1196s ago] {'table_name': 'maintenance_records', 'param_1': 'r', 'param_2': 'p', 'param_3': 'f', 'param_4': 'v', 'param_5': 'm', 'nspname_1': 'pg_catalog'}
DEBUG:app.db.session:Query eseguita in 0.01 secondi: SELECT pg_catalog.pg_class.relname 
FROM pg_catalog.pg_class JOIN pg_catalog.pg_namespace ON pg_catalog.pg_namespace.oid = pg_catalog.pg_class.relnamespace 
WHERE pg_catalog.pg_class.relname = %(table_name)s AND pg_catalog.pg_class.relkind = ANY (ARRAY[%(param_1)s, %(param_2)s, %(param_3)s, %(param_4)s, %(param_5)s]) AND pg_catalog.pg_table_is_visible(pg_catalog.pg_class.oid) AND pg_catalog.pg_namespace.nspname != %(nspname_1)s
INFO:sqlalchemy.engine.Engine:SELECT pg_catalog.pg_class.relname 
FROM pg_catalog.pg_class JOIN pg_catalog.pg_namespace ON pg_catalog.pg_namespace.oid = pg_catalog.pg_class.relnamespace 
WHERE pg_catalog.pg_class.relname = %(table_name)s AND pg_catalog.pg_class.relkind = ANY (ARRAY[%(param_1)s, %(param_2)s, %(param_3)s, %(param_4)s, %(param_5)s]) AND pg_catalog.pg_table_is_visible(pg_catalog.pg_class.oid) AND pg_catalog.pg_namespace.nspname != %(nspname_1)s
INFO:sqlalchemy.engine.Engine:[cached since 0.1276s ago] {'table_name': 'bim_model_versions', 'param_1': 'r', 'param_2': 'p', 'param_3': 'f', 'param_4': 'v', 'param_5': 'm', 'nspname_1': 'pg_catalog'}
DEBUG:app.db.session:Query eseguita in 0.01 secondi: SELECT pg_catalog.pg_class.relname 
FROM pg_catalog.pg_class JOIN pg_catalog.pg_namespace ON pg_catalog.pg_namespace.oid = pg_catalog.pg_class.relnamespace 
WHERE pg_catalog.pg_class.relname = %(table_name)s AND pg_catalog.pg_class.relkind = ANY (ARRAY[%(param_1)s, %(param_2)s, %(param_3)s, %(param_4)s, %(param_5)s]) AND pg_catalog.pg_table_is_visible(pg_catalog.pg_class.oid) AND pg_catalog.pg_namespace.nspname != %(nspname_1)s
INFO:sqlalchemy.engine.Engine:SELECT pg_catalog.pg_class.relname 
FROM pg_catalog.pg_class JOIN pg_catalog.pg_namespace ON pg_catalog.pg_namespace.oid = pg_catalog.pg_class.relnamespace 
WHERE pg_catalog.pg_class.relname = %(table_name)s AND pg_catalog.pg_class.relkind = ANY (ARRAY[%(param_1)s, %(param_2)s, %(param_3)s, %(param_4)s, %(param_5)s]) AND pg_catalog.pg_table_is_visible(pg_catalog.pg_class.oid) AND pg_catalog.pg_namespace.nspname != %(nspname_1)s
INFO:sqlalchemy.engine.Engine:[cached since 0.1355s ago] {'table_name': 'bim_models', 'param_1': 'r', 'param_2': 'p', 'param_3': 'f', 'param_4': 'v', 'param_5': 'm', 'nspname_1': 'pg_catalog'}
DEBUG:app.db.session:Query eseguita in 0.00 secondi: SELECT pg_catalog.pg_class.relname 
FROM pg_catalog.pg_class JOIN pg_catalog.pg_namespace ON pg_catalog.pg_namespace.oid = pg_catalog.pg_class.relnamespace 
WHERE pg_catalog.pg_class.relname = %(table_name)s AND pg_catalog.pg_class.relkind = ANY (ARRAY[%(param_1)s, %(param_2)s, %(param_3)s, %(param_4)s, %(param_5)s]) AND pg_catalog.pg_table_is_visible(pg_catalog.pg_class.oid) AND pg_catalog.pg_namespace.nspname != %(nspname_1)s
INFO:sqlalchemy.engine.Engine:SELECT pg_catalog.pg_class.relname 
FROM pg_catalog.pg_class JOIN pg_catalog.pg_namespace ON pg_catalog.pg_namespace.oid = pg_catalog.pg_class.relnamespace 
WHERE pg_catalog.pg_class.relname = %(table_name)s AND pg_catalog.pg_class.relkind = ANY (ARRAY[%(param_1)s, %(param_2)s, %(param_3)s, %(param_4)s, %(param_5)s]) AND pg_catalog.pg_table_is_visible(pg_catalog.pg_class.oid) AND pg_catalog.pg_namespace.nspname != %(nspname_1)s
INFO:sqlalchemy.engine.Engine:[cached since 0.141s ago] {'table_name': 'audio_logs', 'param_1': 'r', 'param_2': 'p', 'param_3': 'f', 'param_4': 'v', 'param_5': 'm', 'nspname_1': 'pg_catalog'}
DEBUG:app.db.session:Query eseguita in 0.01 secondi: SELECT pg_catalog.pg_class.relname 
FROM pg_catalog.pg_class JOIN pg_catalog.pg_namespace ON pg_catalog.pg_namespace.oid = pg_catalog.pg_class.relnamespace 
WHERE pg_catalog.pg_class.relname = %(table_name)s AND pg_catalog.pg_class.relkind = ANY (ARRAY[%(param_1)s, %(param_2)s, %(param_3)s, %(param_4)s, %(param_5)s]) AND pg_catalog.pg_table_is_visible(pg_catalog.pg_class.oid) AND pg_catalog.pg_namespace.nspname != %(nspname_1)s
INFO:sqlalchemy.engine.Engine:SELECT pg_catalog.pg_class.relname 
FROM pg_catalog.pg_class JOIN pg_catalog.pg_namespace ON pg_catalog.pg_namespace.oid = pg_catalog.pg_class.relnamespace 
WHERE pg_catalog.pg_class.relname = %(table_name)s AND pg_catalog.pg_class.relkind = ANY (ARRAY[%(param_1)s, %(param_2)s, %(param_3)s, %(param_4)s, %(param_5)s]) AND pg_catalog.pg_table_is_visible(pg_catalog.pg_class.oid) AND pg_catalog.pg_namespace.nspname != %(nspname_1)s
INFO:sqlalchemy.engine.Engine:[cached since 0.1474s ago] {'table_name': 'ai_interactions', 'param_1': 'r', 'param_2': 'p', 'param_3': 'f', 'param_4': 'v', 'param_5': 'm', 'nspname_1': 'pg_catalog'}
DEBUG:app.db.session:Query eseguita in 0.00 secondi: SELECT pg_catalog.pg_class.relname 
FROM pg_catalog.pg_class JOIN pg_catalog.pg_namespace ON pg_catalog.pg_namespace.oid = pg_catalog.pg_class.relnamespace 
WHERE pg_catalog.pg_class.relname = %(table_name)s AND pg_catalog.pg_class.relkind = ANY (ARRAY[%(param_1)s, %(param_2)s, %(param_3)s, %(param_4)s, %(param_5)s]) AND pg_catalog.pg_table_is_visible(pg_catalog.pg_class.oid) AND pg_catalog.pg_namespace.nspname != %(nspname_1)s
INFO:sqlalchemy.engine.Engine:SELECT pg_catalog.pg_class.relname 
FROM pg_catalog.pg_class JOIN pg_catalog.pg_namespace ON pg_catalog.pg_namespace.oid = pg_catalog.pg_class.relnamespace 
WHERE pg_catalog.pg_class.relname = %(table_name)s AND pg_catalog.pg_class.relkind = ANY (ARRAY[%(param_1)s, %(param_2)s, %(param_3)s, %(param_4)s, %(param_5)s]) AND pg_catalog.pg_table_is_visible(pg_catalog.pg_class.oid) AND pg_catalog.pg_namespace.nspname != %(nspname_1)s
INFO:sqlalchemy.engine.Engine:[cached since 0.1512s ago] {'table_name': 'physical_activators', 'param_1': 'r', 'param_2': 'p', 'param_3': 'f', 'param_4': 'v', 'param_5': 'm', 'nspname_1': 'pg_catalog'}
DEBUG:app.db.session:Query eseguita in 0.00 secondi: SELECT pg_catalog.pg_class.relname 
FROM pg_catalog.pg_class JOIN pg_catalog.pg_namespace ON pg_catalog.pg_namespace.oid = pg_catalog.pg_class.relnamespace 
WHERE pg_catalog.pg_class.relname = %(table_name)s AND pg_catalog.pg_class.relkind = ANY (ARRAY[%(param_1)s, %(param_2)s, %(param_3)s, %(param_4)s, %(param_5)s]) AND pg_catalog.pg_table_is_visible(pg_catalog.pg_class.oid) AND pg_catalog.pg_namespace.nspname != %(nspname_1)s
INFO:sqlalchemy.engine.Engine:SELECT pg_catalog.pg_type.typname 
FROM pg_catalog.pg_type JOIN pg_catalog.pg_namespace ON pg_catalog.pg_namespace.oid = pg_catalog.pg_type.typnamespace 
WHERE pg_catalog.pg_type.typname = %(typname_1)s AND pg_catalog.pg_type_is_visible(pg_catalog.pg_type.oid) AND pg_catalog.pg_namespace.nspname != %(nspname_1)s
INFO:sqlalchemy.engine.Engine:[generated in 0.00148s] {'typname_1': 'bimformat', 'nspname_1': 'pg_catalog'}
DEBUG:app.db.session:Query eseguita in 0.02 secondi: SELECT pg_catalog.pg_type.typname 
FROM pg_catalog.pg_type JOIN pg_catalog.pg_namespace ON pg_catalog.pg_namespace.oid = pg_catalog.pg_type.typnamespace 
WHERE pg_catalog.pg_type.typname = %(typname_1)s AND pg_catalog.pg_type_is_visible(pg_catalog.pg_type.oid) AND pg_catalog.pg_namespace.nspname != %(nspname_1)s
INFO:sqlalchemy.engine.Engine:SELECT pg_catalog.pg_type.typname 
FROM pg_catalog.pg_type JOIN pg_catalog.pg_namespace ON pg_catalog.pg_namespace.oid = pg_catalog.pg_type.typnamespace 
WHERE pg_catalog.pg_type.typname = %(typname_1)s AND pg_catalog.pg_type_is_visible(pg_catalog.pg_type.oid) AND pg_catalog.pg_namespace.nspname != %(nspname_1)s
INFO:sqlalchemy.engine.Engine:[cached since 0.02724s ago] {'typname_1': 'bimsoftware', 'nspname_1': 'pg_catalog'}
DEBUG:app.db.session:Query eseguita in 0.00 secondi: SELECT pg_catalog.pg_type.typname 
FROM pg_catalog.pg_type JOIN pg_catalog.pg_namespace ON pg_catalog.pg_namespace.oid = pg_catalog.pg_type.typnamespace 
WHERE pg_catalog.pg_type.typname = %(typname_1)s AND pg_catalog.pg_type_is_visible(pg_catalog.pg_type.oid) AND pg_catalog.pg_namespace.nspname != %(nspname_1)s
INFO:sqlalchemy.engine.Engine:SELECT pg_catalog.pg_type.typname 
FROM pg_catalog.pg_type JOIN pg_catalog.pg_namespace ON pg_catalog.pg_namespace.oid = pg_catalog.pg_type.typnamespace 
WHERE pg_catalog.pg_type.typname = %(typname_1)s AND pg_catalog.pg_type_is_visible(pg_catalog.pg_type.oid) AND pg_catalog.pg_namespace.nspname != %(nspname_1)s
INFO:sqlalchemy.engine.Engine:[cached since 0.03735s ago] {'typname_1': 'bimlevelofdetail', 'nspname_1': 'pg_catalog'}
DEBUG:app.db.session:Query eseguita in 0.00 secondi: SELECT pg_catalog.pg_type.typname 
FROM pg_catalog.pg_type JOIN pg_catalog.pg_namespace ON pg_catalog.pg_namespace.oid = pg_catalog.pg_type.typnamespace 
WHERE pg_catalog.pg_type.typname = %(typname_1)s AND pg_catalog.pg_type_is_visible(pg_catalog.pg_type.oid) AND pg_catalog.pg_namespace.nspname != %(nspname_1)s
INFO:sqlalchemy.engine.Engine:SELECT pg_catalog.pg_type.typname 
FROM pg_catalog.pg_type JOIN pg_catalog.pg_namespace ON pg_catalog.pg_namespace.oid = pg_catalog.pg_type.typnamespace 
WHERE pg_catalog.pg_type.typname = %(typname_1)s AND pg_catalog.pg_type_is_visible(pg_catalog.pg_type.oid) AND pg_catalog.pg_namespace.nspname != %(nspname_1)s
INFO:sqlalchemy.engine.Engine:[cached since 0.05083s ago] {'typname_1': 'bimconversionstatus', 'nspname_1': 'pg_catalog'}
DEBUG:app.db.session:Query eseguita in 0.01 secondi: SELECT pg_catalog.pg_type.typname 
FROM pg_catalog.pg_type JOIN pg_catalog.pg_namespace ON pg_catalog.pg_namespace.oid = pg_catalog.pg_type.typnamespace 
WHERE pg_catalog.pg_type.typname = %(typname_1)s AND pg_catalog.pg_type_is_visible(pg_catalog.pg_type.oid) AND pg_catalog.pg_namespace.nspname != %(nspname_1)s
INFO:sqlalchemy.engine.Engine:SELECT pg_catalog.pg_type.typname 
FROM pg_catalog.pg_type JOIN pg_catalog.pg_namespace ON pg_catalog.pg_namespace.oid = pg_catalog.pg_type.typnamespace 
WHERE pg_catalog.pg_type.typname = %(typname_1)s AND pg_catalog.pg_type_is_visible(pg_catalog.pg_type.oid) AND pg_catalog.pg_namespace.nspname != %(nspname_1)s
INFO:sqlalchemy.engine.Engine:[cached since 0.05837s ago] {'typname_1': 'activatortype', 'nspname_1': 'pg_catalog'}
DEBUG:app.db.session:Query eseguita in 0.01 secondi: SELECT pg_catalog.pg_type.typname 
FROM pg_catalog.pg_type JOIN pg_catalog.pg_namespace ON pg_catalog.pg_namespace.oid = pg_catalog.pg_type.typnamespace 
WHERE pg_catalog.pg_type.typname = %(typname_1)s AND pg_catalog.pg_type_is_visible(pg_catalog.pg_type.oid) AND pg_catalog.pg_namespace.nspname != %(nspname_1)s
INFO:sqlalchemy.engine.Engine:COMMIT
DEBUG:conftest:[TEST] Tabelle create con successo
DEBUG:conftest:[TEST] Assicurazione esistenza test DB: nessun drop/creazione/migrazione, demandato a script esterno.
DEBUG:tests.conftest_redis:Setting up FakeRedis for tests...
DEBUG:app.core.redis:Connessione Redis stabilita con successo
DEBUG:conftest:Creating test client...
DEBUG:asyncio:Using proactor: IocpProactor
INFO:app.main:{"event_name": "application_startup", "status": "started", "service": "eterna-home-api", "version": "1.0.0", "environment": "test", "event": "Starting up Eterna-Home API", "level": "info", "timestamp": "2025-07-06T16:05:50.448766+00:00", "trace_id": "ea245455-8e72-4214-b4b3-9e329cbe0439", "request_id": "6b015486-2336-4e9b-a07d-d823fab83f0d", "event_type": "general"}
WARNING:app.main:{"event_name": "redis_connection", "status": "failed", "component": "redis", "error": "Redis client not initialized", "event": "Redis connection failed", "level": "warning", "timestamp": "2025-07-06T16:05:50.450058+00:00", "trace_id": "ea245455-8e72-4214-b4b3-9e329cbe0439", "request_id": "6b015486-2336-4e9b-a07d-d823fab83f0d", "service": "eterna-home-api", "version": "1.0.0", "environment": "test", "event_type": "ai_interaction"}
INFO:sqlalchemy.engine.Engine:BEGIN (implicit)
INFO:sqlalchemy.engine.Engine:SELECT 1
INFO:sqlalchemy.engine.Engine:[generated in 0.00442s] {}
DEBUG:app.db.session:Query eseguita in 0.00 secondi: SELECT 1
INFO:sqlalchemy.engine.Engine:ROLLBACK
INFO:app.main:{"event_name": "database_connection", "status": "success", "component": "database", "event": "Database connection successful", "level": "info", "timestamp": "2025-07-06T16:05:50.467577+00:00", "trace_id": "ea245455-8e72-4214-b4b3-9e329cbe0439", "request_id": "6b015486-2336-4e9b-a07d-d823fab83f0d", "service": "eterna-home-api", "version": "1.0.0", "environment": "test", "event_type": "general"}
----------------------------- Captured log setup ------------------------------
DEBUG    faker.factory:factory.py:78 Looking for locale `en_US` in provider `faker.providers.address`.
DEBUG    faker.factory:factory.py:97 Provider `faker.providers.address` has been localized to `en_US`.
DEBUG    faker.factory:factory.py:78 Looking for locale `en_US` in provider `faker.providers.automotive`.
DEBUG    faker.factory:factory.py:97 Provider `faker.providers.automotive` has been localized to `en_US`.
DEBUG    faker.factory:factory.py:78 Looking for locale `en_US` in provider `faker.providers.bank`.
DEBUG    faker.factory:factory.py:88 Specified locale `en_US` is not available for provider `faker.providers.bank`. Locale reset to `en_GB` for this provider.
DEBUG    faker.factory:factory.py:78 Looking for locale `en_US` in provider `faker.providers.barcode`.
DEBUG    faker.factory:factory.py:97 Provider `faker.providers.barcode` has been localized to `en_US`.
DEBUG    faker.factory:factory.py:78 Looking for locale `en_US` in provider `faker.providers.color`.
DEBUG    faker.factory:factory.py:97 Provider `faker.providers.color` has been localized to `en_US`.
DEBUG    faker.factory:factory.py:78 Looking for locale `en_US` in provider `faker.providers.company`.
DEBUG    faker.factory:factory.py:97 Provider `faker.providers.company` has been localized to `en_US`.
DEBUG    faker.factory:factory.py:78 Looking for locale `en_US` in provider `faker.providers.credit_card`.
DEBUG    faker.factory:factory.py:97 Provider `faker.providers.credit_card` has been localized to `en_US`.
DEBUG    faker.factory:factory.py:78 Looking for locale `en_US` in provider `faker.providers.currency`.
DEBUG    faker.factory:factory.py:97 Provider `faker.providers.currency` has been localized to `en_US`.
DEBUG    faker.factory:factory.py:78 Looking for locale `en_US` in provider `faker.providers.date_time`.
DEBUG    faker.factory:factory.py:97 Provider `faker.providers.date_time` has been localized to `en_US`.
DEBUG    faker.factory:factory.py:108 Provider `faker.providers.doi` does not feature localization. Specified locale `en_US` is not utilized for this provider.
DEBUG    faker.factory:factory.py:108 Provider `faker.providers.emoji` does not feature localization. Specified locale `en_US` is not utilized for this provider.
DEBUG    faker.factory:factory.py:108 Provider `faker.providers.file` does not feature localization. Specified locale `en_US` is not utilized for this provider.
DEBUG    faker.factory:factory.py:78 Looking for locale `en_US` in provider `faker.providers.geo`.
DEBUG    faker.factory:factory.py:97 Provider `faker.providers.geo` has been localized to `en_US`.
DEBUG    faker.factory:factory.py:78 Looking for locale `en_US` in provider `faker.providers.internet`.
DEBUG    faker.factory:factory.py:97 Provider `faker.providers.internet` has been localized to `en_US`.
DEBUG    faker.factory:factory.py:78 Looking for locale `en_US` in provider `faker.providers.isbn`.
DEBUG    faker.factory:factory.py:97 Provider `faker.providers.isbn` has been localized to `en_US`.
DEBUG    faker.factory:factory.py:78 Looking for locale `en_US` in provider `faker.providers.job`.
DEBUG    faker.factory:factory.py:97 Provider `faker.providers.job` has been localized to `en_US`.
DEBUG    faker.factory:factory.py:78 Looking for locale `en_US` in provider `faker.providers.lorem`.
DEBUG    faker.factory:factory.py:97 Provider `faker.providers.lorem` has been localized to `en_US`.
DEBUG    faker.factory:factory.py:78 Looking for locale `en_US` in provider `faker.providers.misc`.
DEBUG    faker.factory:factory.py:97 Provider `faker.providers.misc` has been localized to `en_US`.
DEBUG    faker.factory:factory.py:78 Looking for locale `en_US` in provider `faker.providers.passport`.
DEBUG    faker.factory:factory.py:97 Provider `faker.providers.passport` has been localized to `en_US`.
DEBUG    faker.factory:factory.py:78 Looking for locale `en_US` in provider `faker.providers.person`.
DEBUG    faker.factory:factory.py:97 Provider `faker.providers.person` has been localized to `en_US`.
DEBUG    faker.factory:factory.py:78 Looking for locale `en_US` in provider `faker.providers.phone_number`.
DEBUG    faker.factory:factory.py:97 Provider `faker.providers.phone_number` has been localized to `en_US`.
DEBUG    faker.factory:factory.py:108 Provider `faker.providers.profile` does not feature localization. Specified locale `en_US` is not utilized for this provider.
DEBUG    faker.factory:factory.py:108 Provider `faker.providers.python` does not feature localization. Specified locale `en_US` is not utilized for this provider.
DEBUG    faker.factory:factory.py:108 Provider `faker.providers.sbn` does not feature localization. Specified locale `en_US` is not utilized for this provider.
DEBUG    faker.factory:factory.py:78 Looking for locale `en_US` in provider `faker.providers.ssn`.
DEBUG    faker.factory:factory.py:97 Provider `faker.providers.ssn` has been localized to `en_US`.
DEBUG    faker.factory:factory.py:108 Provider `faker.providers.user_agent` does not feature localization. Specified locale `en_US` is not utilized for this provider.
DEBUG    conftest:conftest.py:89 [TEST] Creazione automatica delle tabelle per i test...
INFO     sqlalchemy.engine.Engine:base.py:1842 select pg_catalog.version()
INFO     sqlalchemy.engine.Engine:base.py:1842 [raw sql] {}
INFO     sqlalchemy.engine.Engine:base.py:1842 select current_schema()
INFO     sqlalchemy.engine.Engine:base.py:1842 [raw sql] {}
INFO     sqlalchemy.engine.Engine:base.py:1842 show standard_conforming_strings
INFO     sqlalchemy.engine.Engine:base.py:1842 [raw sql] {}
INFO     sqlalchemy.engine.Engine:base.py:2698 BEGIN (implicit)
INFO     sqlalchemy.engine.Engine:base.py:1842 SELECT pg_catalog.pg_class.relname 
FROM pg_catalog.pg_class JOIN pg_catalog.pg_namespace ON pg_catalog.pg_namespace.oid = pg_catalog.pg_class.relnamespace 
WHERE pg_catalog.pg_class.relname = %(table_name)s AND pg_catalog.pg_class.relkind = ANY (ARRAY[%(param_1)s, %(param_2)s, %(param_3)s, %(param_4)s, %(param_5)s]) AND pg_catalog.pg_table_is_visible(pg_catalog.pg_class.oid) AND pg_catalog.pg_namespace.nspname != %(nspname_1)s
INFO     sqlalchemy.engine.Engine:base.py:1842 [generated in 0.00213s] {'table_name': 'user_roles', 'param_1': 'r', 'param_2': 'p', 'param_3': 'f', 'param_4': 'v', 'param_5': 'm', 'nspname_1': 'pg_catalog'}
DEBUG    app.db.session:session.py:34 Query eseguita in 0.01 secondi: SELECT pg_catalog.pg_class.relname 
FROM pg_catalog.pg_class JOIN pg_catalog.pg_namespace ON pg_catalog.pg_namespace.oid = pg_catalog.pg_class.relnamespace 
WHERE pg_catalog.pg_class.relname = %(table_name)s AND pg_catalog.pg_class.relkind = ANY (ARRAY[%(param_1)s, %(param_2)s, %(param_3)s, %(param_4)s, %(param_5)s]) AND pg_catalog.pg_table_is_visible(pg_catalog.pg_class.oid) AND pg_catalog.pg_namespace.nspname != %(nspname_1)s
INFO     sqlalchemy.engine.Engine:base.py:1842 SELECT pg_catalog.pg_class.relname 
FROM pg_catalog.pg_class JOIN pg_catalog.pg_namespace ON pg_catalog.pg_namespace.oid = pg_catalog.pg_class.relnamespace 
WHERE pg_catalog.pg_class.relname = %(table_name)s AND pg_catalog.pg_class.relkind = ANY (ARRAY[%(param_1)s, %(param_2)s, %(param_3)s, %(param_4)s, %(param_5)s]) AND pg_catalog.pg_table_is_visible(pg_catalog.pg_class.oid) AND pg_catalog.pg_namespace.nspname != %(nspname_1)s
INFO     sqlalchemy.engine.Engine:base.py:1842 [cached since 0.01535s ago] {'table_name': 'role_permissions', 'param_1': 'r', 'param_2': 'p', 'param_3': 'f', 'param_4': 'v', 'param_5': 'm', 'nspname_1': 'pg_catalog'}
DEBUG    app.db.session:session.py:34 Query eseguita in 0.00 secondi: SELECT pg_catalog.pg_class.relname 
FROM pg_catalog.pg_class JOIN pg_catalog.pg_namespace ON pg_catalog.pg_namespace.oid = pg_catalog.pg_class.relnamespace 
WHERE pg_catalog.pg_class.relname = %(table_name)s AND pg_catalog.pg_class.relkind = ANY (ARRAY[%(param_1)s, %(param_2)s, %(param_3)s, %(param_4)s, %(param_5)s]) AND pg_catalog.pg_table_is_visible(pg_catalog.pg_class.oid) AND pg_catalog.pg_namespace.nspname != %(nspname_1)s
INFO     sqlalchemy.engine.Engine:base.py:1842 SELECT pg_catalog.pg_class.relname 
FROM pg_catalog.pg_class JOIN pg_catalog.pg_namespace ON pg_catalog.pg_namespace.oid = pg_catalog.pg_class.relnamespace 
WHERE pg_catalog.pg_class.relname = %(table_name)s AND pg_catalog.pg_class.relkind = ANY (ARRAY[%(param_1)s, %(param_2)s, %(param_3)s, %(param_4)s, %(param_5)s]) AND pg_catalog.pg_table_is_visible(pg_catalog.pg_class.oid) AND pg_catalog.pg_namespace.nspname != %(nspname_1)s
INFO     sqlalchemy.engine.Engine:base.py:1842 [cached since 0.01971s ago] {'table_name': 'roles', 'param_1': 'r', 'param_2': 'p', 'param_3': 'f', 'param_4': 'v', 'param_5': 'm', 'nspname_1': 'pg_catalog'}
DEBUG    app.db.session:session.py:34 Query eseguita in 0.00 secondi: SELECT pg_catalog.pg_class.relname 
FROM pg_catalog.pg_class JOIN pg_catalog.pg_namespace ON pg_catalog.pg_namespace.oid = pg_catalog.pg_class.relnamespace 
WHERE pg_catalog.pg_class.relname = %(table_name)s AND pg_catalog.pg_class.relkind = ANY (ARRAY[%(param_1)s, %(param_2)s, %(param_3)s, %(param_4)s, %(param_5)s]) AND pg_catalog.pg_table_is_visible(pg_catalog.pg_class.oid) AND pg_catalog.pg_namespace.nspname != %(nspname_1)s
INFO     sqlalchemy.engine.Engine:base.py:1842 SELECT pg_catalog.pg_class.relname 
FROM pg_catalog.pg_class JOIN pg_catalog.pg_namespace ON pg_catalog.pg_namespace.oid = pg_catalog.pg_class.relnamespace 
WHERE pg_catalog.pg_class.relname = %(table_name)s AND pg_catalog.pg_class.relkind = ANY (ARRAY[%(param_1)s, %(param_2)s, %(param_3)s, %(param_4)s, %(param_5)s]) AND pg_catalog.pg_table_is_visible(pg_catalog.pg_class.oid) AND pg_catalog.pg_namespace.nspname != %(nspname_1)s
INFO     sqlalchemy.engine.Engine:base.py:1842 [cached since 0.02652s ago] {'table_name': 'user_tenant_roles', 'param_1': 'r', 'param_2': 'p', 'param_3': 'f', 'param_4': 'v', 'param_5': 'm', 'nspname_1': 'pg_catalog'}
DEBUG    app.db.session:session.py:34 Query eseguita in 0.01 secondi: SELECT pg_catalog.pg_class.relname 
FROM pg_catalog.pg_class JOIN pg_catalog.pg_namespace ON pg_catalog.pg_namespace.oid = pg_catalog.pg_class.relnamespace 
WHERE pg_catalog.pg_class.relname = %(table_name)s AND pg_catalog.pg_class.relkind = ANY (ARRAY[%(param_1)s, %(param_2)s, %(param_3)s, %(param_4)s, %(param_5)s]) AND pg_catalog.pg_table_is_visible(pg_catalog.pg_class.oid) AND pg_catalog.pg_namespace.nspname != %(nspname_1)s
INFO     sqlalchemy.engine.Engine:base.py:1842 SELECT pg_catalog.pg_class.relname 
FROM pg_catalog.pg_class JOIN pg_catalog.pg_namespace ON pg_catalog.pg_namespace.oid = pg_catalog.pg_class.relnamespace 
WHERE pg_catalog.pg_class.relname = %(table_name)s AND pg_catalog.pg_class.relkind = ANY (ARRAY[%(param_1)s, %(param_2)s, %(param_3)s, %(param_4)s, %(param_5)s]) AND pg_catalog.pg_table_is_visible(pg_catalog.pg_class.oid) AND pg_catalog.pg_namespace.nspname != %(nspname_1)s
INFO     sqlalchemy.engine.Engine:base.py:1842 [cached since 0.03142s ago] {'table_name': 'user_houses', 'param_1': 'r', 'param_2': 'p', 'param_3': 'f', 'param_4': 'v', 'param_5': 'm', 'nspname_1': 'pg_catalog'}
DEBUG    app.db.session:session.py:34 Query eseguita in 0.00 secondi: SELECT pg_catalog.pg_class.relname 
FROM pg_catalog.pg_class JOIN pg_catalog.pg_namespace ON pg_catalog.pg_namespace.oid = pg_catalog.pg_class.relnamespace 
WHERE pg_catalog.pg_class.relname = %(table_name)s AND pg_catalog.pg_class.relkind = ANY (ARRAY[%(param_1)s, %(param_2)s, %(param_3)s, %(param_4)s, %(param_5)s]) AND pg_catalog.pg_table_is_visible(pg_catalog.pg_class.oid) AND pg_catalog.pg_namespace.nspname != %(nspname_1)s
INFO     sqlalchemy.engine.Engine:base.py:1842 SELECT pg_catalog.pg_class.relname 
FROM pg_catalog.pg_class JOIN pg_catalog.pg_namespace ON pg_catalog.pg_namespace.oid = pg_catalog.pg_class.relnamespace 
WHERE pg_catalog.pg_class.relname = %(table_name)s AND pg_catalog.pg_class.relkind = ANY (ARRAY[%(param_1)s, %(param_2)s, %(param_3)s, %(param_4)s, %(param_5)s]) AND pg_catalog.pg_table_is_visible(pg_catalog.pg_class.oid) AND pg_catalog.pg_namespace.nspname != %(nspname_1)s
INFO     sqlalchemy.engine.Engine:base.py:1842 [cached since 0.0369s ago] {'table_name': 'user_permissions', 'param_1': 'r', 'param_2': 'p', 'param_3': 'f', 'param_4': 'v', 'param_5': 'm', 'nspname_1': 'pg_catalog'}
DEBUG    app.db.session:session.py:34 Query eseguita in 0.01 secondi: SELECT pg_catalog.pg_class.relname 
FROM pg_catalog.pg_class JOIN pg_catalog.pg_namespace ON pg_catalog.pg_namespace.oid = pg_catalog.pg_class.relnamespace 
WHERE pg_catalog.pg_class.relname = %(table_name)s AND pg_catalog.pg_class.relkind = ANY (ARRAY[%(param_1)s, %(param_2)s, %(param_3)s, %(param_4)s, %(param_5)s]) AND pg_catalog.pg_table_is_visible(pg_catalog.pg_class.oid) AND pg_catalog.pg_namespace.nspname != %(nspname_1)s
INFO     sqlalchemy.engine.Engine:base.py:1842 SELECT pg_catalog.pg_class.relname 
FROM pg_catalog.pg_class JOIN pg_catalog.pg_namespace ON pg_catalog.pg_namespace.oid = pg_catalog.pg_class.relnamespace 
WHERE pg_catalog.pg_class.relname = %(table_name)s AND pg_catalog.pg_class.relkind = ANY (ARRAY[%(param_1)s, %(param_2)s, %(param_3)s, %(param_4)s, %(param_5)s]) AND pg_catalog.pg_table_is_visible(pg_catalog.pg_class.oid) AND pg_catalog.pg_namespace.nspname != %(nspname_1)s
INFO     sqlalchemy.engine.Engine:base.py:1842 [cached since 0.04709s ago] {'table_name': 'permissions', 'param_1': 'r', 'param_2': 'p', 'param_3': 'f', 'param_4': 'v', 'param_5': 'm', 'nspname_1': 'pg_catalog'}
DEBUG    app.db.session:session.py:34 Query eseguita in 0.01 secondi: SELECT pg_catalog.pg_class.relname 
FROM pg_catalog.pg_class JOIN pg_catalog.pg_namespace ON pg_catalog.pg_namespace.oid = pg_catalog.pg_class.relnamespace 
WHERE pg_catalog.pg_class.relname = %(table_name)s AND pg_catalog.pg_class.relkind = ANY (ARRAY[%(param_1)s, %(param_2)s, %(param_3)s, %(param_4)s, %(param_5)s]) AND pg_catalog.pg_table_is_visible(pg_catalog.pg_class.oid) AND pg_catalog.pg_namespace.nspname != %(nspname_1)s
INFO     sqlalchemy.engine.Engine:base.py:1842 SELECT pg_catalog.pg_class.relname 
FROM pg_catalog.pg_class JOIN pg_catalog.pg_namespace ON pg_catalog.pg_namespace.oid = pg_catalog.pg_class.relnamespace 
WHERE pg_catalog.pg_class.relname = %(table_name)s AND pg_catalog.pg_class.relkind = ANY (ARRAY[%(param_1)s, %(param_2)s, %(param_3)s, %(param_4)s, %(param_5)s]) AND pg_catalog.pg_table_is_visible(pg_catalog.pg_class.oid) AND pg_catalog.pg_namespace.nspname != %(nspname_1)s
INFO     sqlalchemy.engine.Engine:base.py:1842 [cached since 0.05259s ago] {'table_name': 'users', 'param_1': 'r', 'param_2': 'p', 'param_3': 'f', 'param_4': 'v', 'param_5': 'm', 'nspname_1': 'pg_catalog'}
DEBUG    app.db.session:session.py:34 Query eseguita in 0.00 secondi: SELECT pg_catalog.pg_class.relname 
FROM pg_catalog.pg_class JOIN pg_catalog.pg_namespace ON pg_catalog.pg_namespace.oid = pg_catalog.pg_class.relnamespace 
WHERE pg_catalog.pg_class.relname = %(table_name)s AND pg_catalog.pg_class.relkind = ANY (ARRAY[%(param_1)s, %(param_2)s, %(param_3)s, %(param_4)s, %(param_5)s]) AND pg_catalog.pg_table_is_visible(pg_catalog.pg_class.oid) AND pg_catalog.pg_namespace.nspname != %(nspname_1)s
INFO     sqlalchemy.engine.Engine:base.py:1842 SELECT pg_catalog.pg_class.relname 
FROM pg_catalog.pg_class JOIN pg_catalog.pg_namespace ON pg_catalog.pg_namespace.oid = pg_catalog.pg_class.relnamespace 
WHERE pg_catalog.pg_class.relname = %(table_name)s AND pg_catalog.pg_class.relkind = ANY (ARRAY[%(param_1)s, %(param_2)s, %(param_3)s, %(param_4)s, %(param_5)s]) AND pg_catalog.pg_table_is_visible(pg_catalog.pg_class.oid) AND pg_catalog.pg_namespace.nspname != %(nspname_1)s
INFO     sqlalchemy.engine.Engine:base.py:1842 [cached since 0.05945s ago] {'table_name': 'documents', 'param_1': 'r', 'param_2': 'p', 'param_3': 'f', 'param_4': 'v', 'param_5': 'm', 'nspname_1': 'pg_catalog'}
DEBUG    app.db.session:session.py:34 Query eseguita in 0.01 secondi: SELECT pg_catalog.pg_class.relname 
FROM pg_catalog.pg_class JOIN pg_catalog.pg_namespace ON pg_catalog.pg_namespace.oid = pg_catalog.pg_class.relnamespace 
WHERE pg_catalog.pg_class.relname = %(table_name)s AND pg_catalog.pg_class.relkind = ANY (ARRAY[%(param_1)s, %(param_2)s, %(param_3)s, %(param_4)s, %(param_5)s]) AND pg_catalog.pg_table_is_visible(pg_catalog.pg_class.oid) AND pg_catalog.pg_namespace.nspname != %(nspname_1)s
INFO     sqlalchemy.engine.Engine:base.py:1842 SELECT pg_catalog.pg_class.relname 
FROM pg_catalog.pg_class JOIN pg_catalog.pg_namespace ON pg_catalog.pg_namespace.oid = pg_catalog.pg_class.relnamespace 
WHERE pg_catalog.pg_class.relname = %(table_name)s AND pg_catalog.pg_class.relkind = ANY (ARRAY[%(param_1)s, %(param_2)s, %(param_3)s, %(param_4)s, %(param_5)s]) AND pg_catalog.pg_table_is_visible(pg_catalog.pg_class.oid) AND pg_catalog.pg_namespace.nspname != %(nspname_1)s
INFO     sqlalchemy.engine.Engine:base.py:1842 [cached since 0.07096s ago] {'table_name': 'document_versions', 'param_1': 'r', 'param_2': 'p', 'param_3': 'f', 'param_4': 'v', 'param_5': 'm', 'nspname_1': 'pg_catalog'}
DEBUG    app.db.session:session.py:34 Query eseguita in 0.01 secondi: SELECT pg_catalog.pg_class.relname 
FROM pg_catalog.pg_class JOIN pg_catalog.pg_namespace ON pg_catalog.pg_namespace.oid = pg_catalog.pg_class.relnamespace 
WHERE pg_catalog.pg_class.relname = %(table_name)s AND pg_catalog.pg_class.relkind = ANY (ARRAY[%(param_1)s, %(param_2)s, %(param_3)s, %(param_4)s, %(param_5)s]) AND pg_catalog.pg_table_is_visible(pg_catalog.pg_class.oid) AND pg_catalog.pg_namespace.nspname != %(nspname_1)s
INFO     sqlalchemy.engine.Engine:base.py:1842 SELECT pg_catalog.pg_class.relname 
FROM pg_catalog.pg_class JOIN pg_catalog.pg_namespace ON pg_catalog.pg_namespace.oid = pg_catalog.pg_class.relnamespace 
WHERE pg_catalog.pg_class.relname = %(table_name)s AND pg_catalog.pg_class.relkind = ANY (ARRAY[%(param_1)s, %(param_2)s, %(param_3)s, %(param_4)s, %(param_5)s]) AND pg_catalog.pg_table_is_visible(pg_catalog.pg_class.oid) AND pg_catalog.pg_namespace.nspname != %(nspname_1)s
INFO     sqlalchemy.engine.Engine:base.py:1842 [cached since 0.08745s ago] {'table_name': 'houses', 'param_1': 'r', 'param_2': 'p', 'param_3': 'f', 'param_4': 'v', 'param_5': 'm', 'nspname_1': 'pg_catalog'}
DEBUG    app.db.session:session.py:34 Query eseguita in 0.00 secondi: SELECT pg_catalog.pg_class.relname 
FROM pg_catalog.pg_class JOIN pg_catalog.pg_namespace ON pg_catalog.pg_namespace.oid = pg_catalog.pg_class.relnamespace 
WHERE pg_catalog.pg_class.relname = %(table_name)s AND pg_catalog.pg_class.relkind = ANY (ARRAY[%(param_1)s, %(param_2)s, %(param_3)s, %(param_4)s, %(param_5)s]) AND pg_catalog.pg_table_is_visible(pg_catalog.pg_class.oid) AND pg_catalog.pg_namespace.nspname != %(nspname_1)s
INFO     sqlalchemy.engine.Engine:base.py:1842 SELECT pg_catalog.pg_class.relname 
FROM pg_catalog.pg_class JOIN pg_catalog.pg_namespace ON pg_catalog.pg_namespace.oid = pg_catalog.pg_class.relnamespace 
WHERE pg_catalog.pg_class.relname = %(table_name)s AND pg_catalog.pg_class.relkind = ANY (ARRAY[%(param_1)s, %(param_2)s, %(param_3)s, %(param_4)s, %(param_5)s]) AND pg_catalog.pg_table_is_visible(pg_catalog.pg_class.oid) AND pg_catalog.pg_namespace.nspname != %(nspname_1)s
INFO     sqlalchemy.engine.Engine:base.py:1842 [cached since 0.0946s ago] {'table_name': 'node_areas', 'param_1': 'r', 'param_2': 'p', 'param_3': 'f', 'param_4': 'v', 'param_5': 'm', 'nspname_1': 'pg_catalog'}
DEBUG    app.db.session:session.py:34 Query eseguita in 0.01 secondi: SELECT pg_catalog.pg_class.relname 
FROM pg_catalog.pg_class JOIN pg_catalog.pg_namespace ON pg_catalog.pg_namespace.oid = pg_catalog.pg_class.relnamespace 
WHERE pg_catalog.pg_class.relname = %(table_name)s AND pg_catalog.pg_class.relkind = ANY (ARRAY[%(param_1)s, %(param_2)s, %(param_3)s, %(param_4)s, %(param_5)s]) AND pg_catalog.pg_table_is_visible(pg_catalog.pg_class.oid) AND pg_catalog.pg_namespace.nspname != %(nspname_1)s
INFO     sqlalchemy.engine.Engine:base.py:1842 SELECT pg_catalog.pg_class.relname 
FROM pg_catalog.pg_class JOIN pg_catalog.pg_namespace ON pg_catalog.pg_namespace.oid = pg_catalog.pg_class.relnamespace 
WHERE pg_catalog.pg_class.relname = %(table_name)s AND pg_catalog.pg_class.relkind = ANY (ARRAY[%(param_1)s, %(param_2)s, %(param_3)s, %(param_4)s, %(param_5)s]) AND pg_catalog.pg_table_is_visible(pg_catalog.pg_class.oid) AND pg_catalog.pg_namespace.nspname != %(nspname_1)s
INFO     sqlalchemy.engine.Engine:base.py:1842 [cached since 0.1002s ago] {'table_name': 'main_areas', 'param_1': 'r', 'param_2': 'p', 'param_3': 'f', 'param_4': 'v', 'param_5': 'm', 'nspname_1': 'pg_catalog'}
DEBUG    app.db.session:session.py:34 Query eseguita in 0.00 secondi: SELECT pg_catalog.pg_class.relname 
FROM pg_catalog.pg_class JOIN pg_catalog.pg_namespace ON pg_catalog.pg_namespace.oid = pg_catalog.pg_class.relnamespace 
WHERE pg_catalog.pg_class.relname = %(table_name)s AND pg_catalog.pg_class.relkind = ANY (ARRAY[%(param_1)s, %(param_2)s, %(param_3)s, %(param_4)s, %(param_5)s]) AND pg_catalog.pg_table_is_visible(pg_catalog.pg_class.oid) AND pg_catalog.pg_namespace.nspname != %(nspname_1)s
INFO     sqlalchemy.engine.Engine:base.py:1842 SELECT pg_catalog.pg_class.relname 
FROM pg_catalog.pg_class JOIN pg_catalog.pg_namespace ON pg_catalog.pg_namespace.oid = pg_catalog.pg_class.relnamespace 
WHERE pg_catalog.pg_class.relname = %(table_name)s AND pg_catalog.pg_class.relkind = ANY (ARRAY[%(param_1)s, %(param_2)s, %(param_3)s, %(param_4)s, %(param_5)s]) AND pg_catalog.pg_table_is_visible(pg_catalog.pg_class.oid) AND pg_catalog.pg_namespace.nspname != %(nspname_1)s
INFO     sqlalchemy.engine.Engine:base.py:1842 [cached since 0.1056s ago] {'table_name': 'nodes', 'param_1': 'r', 'param_2': 'p', 'param_3': 'f', 'param_4': 'v', 'param_5': 'm', 'nspname_1': 'pg_catalog'}
DEBUG    app.db.session:session.py:34 Query eseguita in 0.00 secondi: SELECT pg_catalog.pg_class.relname 
FROM pg_catalog.pg_class JOIN pg_catalog.pg_namespace ON pg_catalog.pg_namespace.oid = pg_catalog.pg_class.relnamespace 
WHERE pg_catalog.pg_class.relname = %(table_name)s AND pg_catalog.pg_class.relkind = ANY (ARRAY[%(param_1)s, %(param_2)s, %(param_3)s, %(param_4)s, %(param_5)s]) AND pg_catalog.pg_table_is_visible(pg_catalog.pg_class.oid) AND pg_catalog.pg_namespace.nspname != %(nspname_1)s
INFO     sqlalchemy.engine.Engine:base.py:1842 SELECT pg_catalog.pg_class.relname 
FROM pg_catalog.pg_class JOIN pg_catalog.pg_namespace ON pg_catalog.pg_namespace.oid = pg_catalog.pg_class.relnamespace 
WHERE pg_catalog.pg_class.relname = %(table_name)s AND pg_catalog.pg_class.relkind = ANY (ARRAY[%(param_1)s, %(param_2)s, %(param_3)s, %(param_4)s, %(param_5)s]) AND pg_catalog.pg_table_is_visible(pg_catalog.pg_class.oid) AND pg_catalog.pg_namespace.nspname != %(nspname_1)s
INFO     sqlalchemy.engine.Engine:base.py:1842 [cached since 0.1101s ago] {'table_name': 'rooms', 'param_1': 'r', 'param_2': 'p', 'param_3': 'f', 'param_4': 'v', 'param_5': 'm', 'nspname_1': 'pg_catalog'}
DEBUG    app.db.session:session.py:34 Query eseguita in 0.00 secondi: SELECT pg_catalog.pg_class.relname 
FROM pg_catalog.pg_class JOIN pg_catalog.pg_namespace ON pg_catalog.pg_namespace.oid = pg_catalog.pg_class.relnamespace 
WHERE pg_catalog.pg_class.relname = %(table_name)s AND pg_catalog.pg_class.relkind = ANY (ARRAY[%(param_1)s, %(param_2)s, %(param_3)s, %(param_4)s, %(param_5)s]) AND pg_catalog.pg_table_is_visible(pg_catalog.pg_class.oid) AND pg_catalog.pg_namespace.nspname != %(nspname_1)s
INFO     sqlalchemy.engine.Engine:base.py:1842 SELECT pg_catalog.pg_class.relname 
FROM pg_catalog.pg_class JOIN pg_catalog.pg_namespace ON pg_catalog.pg_namespace.oid = pg_catalog.pg_class.relnamespace 
WHERE pg_catalog.pg_class.relname = %(table_name)s AND pg_catalog.pg_class.relkind = ANY (ARRAY[%(param_1)s, %(param_2)s, %(param_3)s, %(param_4)s, %(param_5)s]) AND pg_catalog.pg_table_is_visible(pg_catalog.pg_class.oid) AND pg_catalog.pg_namespace.nspname != %(nspname_1)s
INFO     sqlalchemy.engine.Engine:base.py:1842 [cached since 0.1145s ago] {'table_name': 'bookings', 'param_1': 'r', 'param_2': 'p', 'param_3': 'f', 'param_4': 'v', 'param_5': 'm', 'nspname_1': 'pg_catalog'}
DEBUG    app.db.session:session.py:34 Query eseguita in 0.00 secondi: SELECT pg_catalog.pg_class.relname 
FROM pg_catalog.pg_class JOIN pg_catalog.pg_namespace ON pg_catalog.pg_namespace.oid = pg_catalog.pg_class.relnamespace 
WHERE pg_catalog.pg_class.relname = %(table_name)s AND pg_catalog.pg_class.relkind = ANY (ARRAY[%(param_1)s, %(param_2)s, %(param_3)s, %(param_4)s, %(param_5)s]) AND pg_catalog.pg_table_is_visible(pg_catalog.pg_class.oid) AND pg_catalog.pg_namespace.nspname != %(nspname_1)s
INFO     sqlalchemy.engine.Engine:base.py:1842 SELECT pg_catalog.pg_class.relname 
FROM pg_catalog.pg_class JOIN pg_catalog.pg_namespace ON pg_catalog.pg_namespace.oid = pg_catalog.pg_class.relnamespace 
WHERE pg_catalog.pg_class.relname = %(table_name)s AND pg_catalog.pg_class.relkind = ANY (ARRAY[%(param_1)s, %(param_2)s, %(param_3)s, %(param_4)s, %(param_5)s]) AND pg_catalog.pg_table_is_visible(pg_catalog.pg_class.oid) AND pg_catalog.pg_namespace.nspname != %(nspname_1)s
INFO     sqlalchemy.engine.Engine:base.py:1842 [cached since 0.1196s ago] {'table_name': 'maintenance_records', 'param_1': 'r', 'param_2': 'p', 'param_3': 'f', 'param_4': 'v', 'param_5': 'm', 'nspname_1': 'pg_catalog'}
DEBUG    app.db.session:session.py:34 Query eseguita in 0.01 secondi: SELECT pg_catalog.pg_class.relname 
FROM pg_catalog.pg_class JOIN pg_catalog.pg_namespace ON pg_catalog.pg_namespace.oid = pg_catalog.pg_class.relnamespace 
WHERE pg_catalog.pg_class.relname = %(table_name)s AND pg_catalog.pg_class.relkind = ANY (ARRAY[%(param_1)s, %(param_2)s, %(param_3)s, %(param_4)s, %(param_5)s]) AND pg_catalog.pg_table_is_visible(pg_catalog.pg_class.oid) AND pg_catalog.pg_namespace.nspname != %(nspname_1)s
INFO     sqlalchemy.engine.Engine:base.py:1842 SELECT pg_catalog.pg_class.relname 
FROM pg_catalog.pg_class JOIN pg_catalog.pg_namespace ON pg_catalog.pg_namespace.oid = pg_catalog.pg_class.relnamespace 
WHERE pg_catalog.pg_class.relname = %(table_name)s AND pg_catalog.pg_class.relkind = ANY (ARRAY[%(param_1)s, %(param_2)s, %(param_3)s, %(param_4)s, %(param_5)s]) AND pg_catalog.pg_table_is_visible(pg_catalog.pg_class.oid) AND pg_catalog.pg_namespace.nspname != %(nspname_1)s
INFO     sqlalchemy.engine.Engine:base.py:1842 [cached since 0.1276s ago] {'table_name': 'bim_model_versions', 'param_1': 'r', 'param_2': 'p', 'param_3': 'f', 'param_4': 'v', 'param_5': 'm', 'nspname_1': 'pg_catalog'}
DEBUG    app.db.session:session.py:34 Query eseguita in 0.01 secondi: SELECT pg_catalog.pg_class.relname 
FROM pg_catalog.pg_class JOIN pg_catalog.pg_namespace ON pg_catalog.pg_namespace.oid = pg_catalog.pg_class.relnamespace 
WHERE pg_catalog.pg_class.relname = %(table_name)s AND pg_catalog.pg_class.relkind = ANY (ARRAY[%(param_1)s, %(param_2)s, %(param_3)s, %(param_4)s, %(param_5)s]) AND pg_catalog.pg_table_is_visible(pg_catalog.pg_class.oid) AND pg_catalog.pg_namespace.nspname != %(nspname_1)s
INFO     sqlalchemy.engine.Engine:base.py:1842 SELECT pg_catalog.pg_class.relname 
FROM pg_catalog.pg_class JOIN pg_catalog.pg_namespace ON pg_catalog.pg_namespace.oid = pg_catalog.pg_class.relnamespace 
WHERE pg_catalog.pg_class.relname = %(table_name)s AND pg_catalog.pg_class.relkind = ANY (ARRAY[%(param_1)s, %(param_2)s, %(param_3)s, %(param_4)s, %(param_5)s]) AND pg_catalog.pg_table_is_visible(pg_catalog.pg_class.oid) AND pg_catalog.pg_namespace.nspname != %(nspname_1)s
INFO     sqlalchemy.engine.Engine:base.py:1842 [cached since 0.1355s ago] {'table_name': 'bim_models', 'param_1': 'r', 'param_2': 'p', 'param_3': 'f', 'param_4': 'v', 'param_5': 'm', 'nspname_1': 'pg_catalog'}
DEBUG    app.db.session:session.py:34 Query eseguita in 0.00 secondi: SELECT pg_catalog.pg_class.relname 
FROM pg_catalog.pg_class JOIN pg_catalog.pg_namespace ON pg_catalog.pg_namespace.oid = pg_catalog.pg_class.relnamespace 
WHERE pg_catalog.pg_class.relname = %(table_name)s AND pg_catalog.pg_class.relkind = ANY (ARRAY[%(param_1)s, %(param_2)s, %(param_3)s, %(param_4)s, %(param_5)s]) AND pg_catalog.pg_table_is_visible(pg_catalog.pg_class.oid) AND pg_catalog.pg_namespace.nspname != %(nspname_1)s
INFO     sqlalchemy.engine.Engine:base.py:1842 SELECT pg_catalog.pg_class.relname 
FROM pg_catalog.pg_class JOIN pg_catalog.pg_namespace ON pg_catalog.pg_namespace.oid = pg_catalog.pg_class.relnamespace 
WHERE pg_catalog.pg_class.relname = %(table_name)s AND pg_catalog.pg_class.relkind = ANY (ARRAY[%(param_1)s, %(param_2)s, %(param_3)s, %(param_4)s, %(param_5)s]) AND pg_catalog.pg_table_is_visible(pg_catalog.pg_class.oid) AND pg_catalog.pg_namespace.nspname != %(nspname_1)s
INFO     sqlalchemy.engine.Engine:base.py:1842 [cached since 0.141s ago] {'table_name': 'audio_logs', 'param_1': 'r', 'param_2': 'p', 'param_3': 'f', 'param_4': 'v', 'param_5': 'm', 'nspname_1': 'pg_catalog'}
DEBUG    app.db.session:session.py:34 Query eseguita in 0.01 secondi: SELECT pg_catalog.pg_class.relname 
FROM pg_catalog.pg_class JOIN pg_catalog.pg_namespace ON pg_catalog.pg_namespace.oid = pg_catalog.pg_class.relnamespace 
WHERE pg_catalog.pg_class.relname = %(table_name)s AND pg_catalog.pg_class.relkind = ANY (ARRAY[%(param_1)s, %(param_2)s, %(param_3)s, %(param_4)s, %(param_5)s]) AND pg_catalog.pg_table_is_visible(pg_catalog.pg_class.oid) AND pg_catalog.pg_namespace.nspname != %(nspname_1)s
INFO     sqlalchemy.engine.Engine:base.py:1842 SELECT pg_catalog.pg_class.relname 
FROM pg_catalog.pg_class JOIN pg_catalog.pg_namespace ON pg_catalog.pg_namespace.oid = pg_catalog.pg_class.relnamespace 
WHERE pg_catalog.pg_class.relname = %(table_name)s AND pg_catalog.pg_class.relkind = ANY (ARRAY[%(param_1)s, %(param_2)s, %(param_3)s, %(param_4)s, %(param_5)s]) AND pg_catalog.pg_table_is_visible(pg_catalog.pg_class.oid) AND pg_catalog.pg_namespace.nspname != %(nspname_1)s
INFO     sqlalchemy.engine.Engine:base.py:1842 [cached since 0.1474s ago] {'table_name': 'ai_interactions', 'param_1': 'r', 'param_2': 'p', 'param_3': 'f', 'param_4': 'v', 'param_5': 'm', 'nspname_1': 'pg_catalog'}
DEBUG    app.db.session:session.py:34 Query eseguita in 0.00 secondi: SELECT pg_catalog.pg_class.relname 
FROM pg_catalog.pg_class JOIN pg_catalog.pg_namespace ON pg_catalog.pg_namespace.oid = pg_catalog.pg_class.relnamespace 
WHERE pg_catalog.pg_class.relname = %(table_name)s AND pg_catalog.pg_class.relkind = ANY (ARRAY[%(param_1)s, %(param_2)s, %(param_3)s, %(param_4)s, %(param_5)s]) AND pg_catalog.pg_table_is_visible(pg_catalog.pg_class.oid) AND pg_catalog.pg_namespace.nspname != %(nspname_1)s
INFO     sqlalchemy.engine.Engine:base.py:1842 SELECT pg_catalog.pg_class.relname 
FROM pg_catalog.pg_class JOIN pg_catalog.pg_namespace ON pg_catalog.pg_namespace.oid = pg_catalog.pg_class.relnamespace 
WHERE pg_catalog.pg_class.relname = %(table_name)s AND pg_catalog.pg_class.relkind = ANY (ARRAY[%(param_1)s, %(param_2)s, %(param_3)s, %(param_4)s, %(param_5)s]) AND pg_catalog.pg_table_is_visible(pg_catalog.pg_class.oid) AND pg_catalog.pg_namespace.nspname != %(nspname_1)s
INFO     sqlalchemy.engine.Engine:base.py:1842 [cached since 0.1512s ago] {'table_name': 'physical_activators', 'param_1': 'r', 'param_2': 'p', 'param_3': 'f', 'param_4': 'v', 'param_5': 'm', 'nspname_1': 'pg_catalog'}
DEBUG    app.db.session:session.py:34 Query eseguita in 0.00 secondi: SELECT pg_catalog.pg_class.relname 
FROM pg_catalog.pg_class JOIN pg_catalog.pg_namespace ON pg_catalog.pg_namespace.oid = pg_catalog.pg_class.relnamespace 
WHERE pg_catalog.pg_class.relname = %(table_name)s AND pg_catalog.pg_class.relkind = ANY (ARRAY[%(param_1)s, %(param_2)s, %(param_3)s, %(param_4)s, %(param_5)s]) AND pg_catalog.pg_table_is_visible(pg_catalog.pg_class.oid) AND pg_catalog.pg_namespace.nspname != %(nspname_1)s
INFO     sqlalchemy.engine.Engine:base.py:1842 SELECT pg_catalog.pg_type.typname 
FROM pg_catalog.pg_type JOIN pg_catalog.pg_namespace ON pg_catalog.pg_namespace.oid = pg_catalog.pg_type.typnamespace 
WHERE pg_catalog.pg_type.typname = %(typname_1)s AND pg_catalog.pg_type_is_visible(pg_catalog.pg_type.oid) AND pg_catalog.pg_namespace.nspname != %(nspname_1)s
INFO     sqlalchemy.engine.Engine:base.py:1842 [generated in 0.00148s] {'typname_1': 'bimformat', 'nspname_1': 'pg_catalog'}
DEBUG    app.db.session:session.py:34 Query eseguita in 0.02 secondi: SELECT pg_catalog.pg_type.typname 
FROM pg_catalog.pg_type JOIN pg_catalog.pg_namespace ON pg_catalog.pg_namespace.oid = pg_catalog.pg_type.typnamespace 
WHERE pg_catalog.pg_type.typname = %(typname_1)s AND pg_catalog.pg_type_is_visible(pg_catalog.pg_type.oid) AND pg_catalog.pg_namespace.nspname != %(nspname_1)s
INFO     sqlalchemy.engine.Engine:base.py:1842 SELECT pg_catalog.pg_type.typname 
FROM pg_catalog.pg_type JOIN pg_catalog.pg_namespace ON pg_catalog.pg_namespace.oid = pg_catalog.pg_type.typnamespace 
WHERE pg_catalog.pg_type.typname = %(typname_1)s AND pg_catalog.pg_type_is_visible(pg_catalog.pg_type.oid) AND pg_catalog.pg_namespace.nspname != %(nspname_1)s
INFO     sqlalchemy.engine.Engine:base.py:1842 [cached since 0.02724s ago] {'typname_1': 'bimsoftware', 'nspname_1': 'pg_catalog'}
DEBUG    app.db.session:session.py:34 Query eseguita in 0.00 secondi: SELECT pg_catalog.pg_type.typname 
FROM pg_catalog.pg_type JOIN pg_catalog.pg_namespace ON pg_catalog.pg_namespace.oid = pg_catalog.pg_type.typnamespace 
WHERE pg_catalog.pg_type.typname = %(typname_1)s AND pg_catalog.pg_type_is_visible(pg_catalog.pg_type.oid) AND pg_catalog.pg_namespace.nspname != %(nspname_1)s
INFO     sqlalchemy.engine.Engine:base.py:1842 SELECT pg_catalog.pg_type.typname 
FROM pg_catalog.pg_type JOIN pg_catalog.pg_namespace ON pg_catalog.pg_namespace.oid = pg_catalog.pg_type.typnamespace 
WHERE pg_catalog.pg_type.typname = %(typname_1)s AND pg_catalog.pg_type_is_visible(pg_catalog.pg_type.oid) AND pg_catalog.pg_namespace.nspname != %(nspname_1)s
INFO     sqlalchemy.engine.Engine:base.py:1842 [cached since 0.03735s ago] {'typname_1': 'bimlevelofdetail', 'nspname_1': 'pg_catalog'}
DEBUG    app.db.session:session.py:34 Query eseguita in 0.00 secondi: SELECT pg_catalog.pg_type.typname 
FROM pg_catalog.pg_type JOIN pg_catalog.pg_namespace ON pg_catalog.pg_namespace.oid = pg_catalog.pg_type.typnamespace 
WHERE pg_catalog.pg_type.typname = %(typname_1)s AND pg_catalog.pg_type_is_visible(pg_catalog.pg_type.oid) AND pg_catalog.pg_namespace.nspname != %(nspname_1)s
INFO     sqlalchemy.engine.Engine:base.py:1842 SELECT pg_catalog.pg_type.typname 
FROM pg_catalog.pg_type JOIN pg_catalog.pg_namespace ON pg_catalog.pg_namespace.oid = pg_catalog.pg_type.typnamespace 
WHERE pg_catalog.pg_type.typname = %(typname_1)s AND pg_catalog.pg_type_is_visible(pg_catalog.pg_type.oid) AND pg_catalog.pg_namespace.nspname != %(nspname_1)s
INFO     sqlalchemy.engine.Engine:base.py:1842 [cached since 0.05083s ago] {'typname_1': 'bimconversionstatus', 'nspname_1': 'pg_catalog'}
DEBUG    app.db.session:session.py:34 Query eseguita in 0.01 secondi: SELECT pg_catalog.pg_type.typname 
FROM pg_catalog.pg_type JOIN pg_catalog.pg_namespace ON pg_catalog.pg_namespace.oid = pg_catalog.pg_type.typnamespace 
WHERE pg_catalog.pg_type.typname = %(typname_1)s AND pg_catalog.pg_type_is_visible(pg_catalog.pg_type.oid) AND pg_catalog.pg_namespace.nspname != %(nspname_1)s
INFO     sqlalchemy.engine.Engine:base.py:1842 SELECT pg_catalog.pg_type.typname 
FROM pg_catalog.pg_type JOIN pg_catalog.pg_namespace ON pg_catalog.pg_namespace.oid = pg_catalog.pg_type.typnamespace 
WHERE pg_catalog.pg_type.typname = %(typname_1)s AND pg_catalog.pg_type_is_visible(pg_catalog.pg_type.oid) AND pg_catalog.pg_namespace.nspname != %(nspname_1)s
INFO     sqlalchemy.engine.Engine:base.py:1842 [cached since 0.05837s ago] {'typname_1': 'activatortype', 'nspname_1': 'pg_catalog'}
DEBUG    app.db.session:session.py:34 Query eseguita in 0.01 secondi: SELECT pg_catalog.pg_type.typname 
FROM pg_catalog.pg_type JOIN pg_catalog.pg_namespace ON pg_catalog.pg_namespace.oid = pg_catalog.pg_type.typnamespace 
WHERE pg_catalog.pg_type.typname = %(typname_1)s AND pg_catalog.pg_type_is_visible(pg_catalog.pg_type.oid) AND pg_catalog.pg_namespace.nspname != %(nspname_1)s
INFO     sqlalchemy.engine.Engine:base.py:2704 COMMIT
DEBUG    conftest:conftest.py:93 [TEST] Tabelle create con successo
DEBUG    conftest:conftest.py:73 [TEST] Assicurazione esistenza test DB: nessun drop/creazione/migrazione, demandato a script esterno.
DEBUG    tests.conftest_redis:conftest_redis.py:18 Setting up FakeRedis for tests...
DEBUG    app.core.redis:redis.py:35 Connessione Redis stabilita con successo
DEBUG    conftest:conftest.py:192 Creating test client...
DEBUG    asyncio:proactor_events.py:631 Using proactor: IocpProactor
INFO     app.main:main.py:49 {"event_name": "application_startup", "status": "started", "service": "eterna-home-api", "version": "1.0.0", "environment": "test", "event": "Starting up Eterna-Home API", "level": "info", "timestamp": "2025-07-06T16:05:50.448766+00:00", "trace_id": "ea245455-8e72-4214-b4b3-9e329cbe0439", "request_id": "6b015486-2336-4e9b-a07d-d823fab83f0d", "event_type": "general"}
WARNING  app.main:main.py:69 {"event_name": "redis_connection", "status": "failed", "component": "redis", "error": "Redis client not initialized", "event": "Redis connection failed", "level": "warning", "timestamp": "2025-07-06T16:05:50.450058+00:00", "trace_id": "ea245455-8e72-4214-b4b3-9e329cbe0439", "request_id": "6b015486-2336-4e9b-a07d-d823fab83f0d", "service": "eterna-home-api", "version": "1.0.0", "environment": "test", "event_type": "ai_interaction"}
INFO     sqlalchemy.engine.Engine:base.py:2698 BEGIN (implicit)
INFO     sqlalchemy.engine.Engine:base.py:1842 SELECT 1
INFO     sqlalchemy.engine.Engine:base.py:1842 [generated in 0.00442s] {}
DEBUG    app.db.session:session.py:34 Query eseguita in 0.00 secondi: SELECT 1
INFO     sqlalchemy.engine.Engine:base.py:2701 ROLLBACK
INFO     app.main:main.py:89 {"event_name": "database_connection", "status": "success", "component": "database", "event": "Database connection successful", "level": "info", "timestamp": "2025-07-06T16:05:50.467577+00:00", "trace_id": "ea245455-8e72-4214-b4b3-9e329cbe0439", "request_id": "6b015486-2336-4e9b-a07d-d823fab83f0d", "service": "eterna-home-api", "version": "1.0.0", "environment": "test", "event_type": "general"}
---------------------------- Captured stdout call -----------------------------
2025-07-06 18:05:50,732 INFO sqlalchemy.engine.Engine BEGIN (implicit)
2025-07-06 18:05:50,743 INFO sqlalchemy.engine.Engine INSERT INTO users (email, username, hashed_password, is_active, is_superuser, tenant_id, role, is_verified, mfa_enabled, mfa_secret, created_at, updated_at, last_login, full_name, phone_number) VALUES (%(email)s, %(username)s, %(hashed_password)s, %(is_active)s, %(is_superuser)s, %(tenant_id)s::UUID, %(role)s, %(is_verified)s, %(mfa_enabled)s, %(mfa_secret)s, %(created_at)s, %(updated_at)s, %(last_login)s, %(full_name)s, %(phone_number)s) RETURNING users.id
2025-07-06 18:05:50,744 INFO sqlalchemy.engine.Engine [generated in 0.00177s] {'email': 'testuser_2a7e05c0@example.com', 'username': 'testuser_078091dc', 'hashed_password': '$2b$12$ZYbqEQzza.6PGxVXY84hIO7LdE9BQ8NhbSuy6ILhNBHyEZ5.AJx6.', 'is_active': True, 'is_superuser': False, 'tenant_id': UUID('8f8edc0d-d289-4bd6-aa58-51623945c53e'), 'role': 'user', 'is_verified': True, 'mfa_enabled': False, 'mfa_secret': None, 'created_at': datetime.datetime(2025, 7, 6, 16, 5, 50, 728889, tzinfo=datetime.timezone.utc), 'updated_at': datetime.datetime(2025, 7, 6, 16, 5, 50, 729022, tzinfo=datetime.timezone.utc), 'last_login': None, 'full_name': 'Test User', 'phone_number': None}
2025-07-06 18:05:50,756 INFO sqlalchemy.engine.Engine COMMIT
2025-07-06 18:05:50,761 INFO sqlalchemy.engine.Engine BEGIN (implicit)
2025-07-06 18:05:50,768 INFO sqlalchemy.engine.Engine SELECT users.id, users.email, users.username, users.hashed_password, users.is_active, users.is_superuser, users.tenant_id, users.role, users.is_verified, users.mfa_enabled, users.mfa_secret, users.created_at, users.updated_at, users.last_login, users.full_name, users.phone_number 
FROM users 
WHERE users.id = %(pk_1)s
2025-07-06 18:05:50,769 INFO sqlalchemy.engine.Engine [generated in 0.00130s] {'pk_1': 244}
2025-07-06 18:05:50,786 INFO sqlalchemy.engine.Engine INSERT INTO user_tenant_roles (user_id, tenant_id, role, is_active, created_at, updated_at) VALUES (%(user_id)s, %(tenant_id)s::UUID, %(role)s, %(is_active)s, %(created_at)s, %(updated_at)s) RETURNING user_tenant_roles.id
2025-07-06 18:05:50,787 INFO sqlalchemy.engine.Engine [generated in 0.00157s] {'user_id': 244, 'tenant_id': UUID('8f8edc0d-d289-4bd6-aa58-51623945c53e'), 'role': 'admin', 'is_active': True, 'created_at': datetime.datetime(2025, 7, 6, 16, 5, 50, 782967, tzinfo=datetime.timezone.utc), 'updated_at': datetime.datetime(2025, 7, 6, 16, 5, 50, 783021, tzinfo=datetime.timezone.utc)}
2025-07-06 18:05:50,796 INFO sqlalchemy.engine.Engine COMMIT
2025-07-06 18:05:50,799 INFO sqlalchemy.engine.Engine BEGIN (implicit)
2025-07-06 18:05:50,804 INFO sqlalchemy.engine.Engine SELECT users.id AS users_id, users.email AS users_email, users.username AS users_username, users.hashed_password AS users_hashed_password, users.is_active AS users_is_active, users.is_superuser AS users_is_superuser, users.tenant_id AS users_tenant_id, users.role AS users_role, users.is_verified AS users_is_verified, users.mfa_enabled AS users_mfa_enabled, users.mfa_secret AS users_mfa_secret, users.created_at AS users_created_at, users.updated_at AS users_updated_at, users.last_login AS users_last_login, users.full_name AS users_full_name, users.phone_number AS users_phone_number 
FROM users 
WHERE users.id = %(pk_1)s
2025-07-06 18:05:50,805 INFO sqlalchemy.engine.Engine [generated in 0.00152s] {'pk_1': 244}
2025-07-06 18:05:50,818 INFO sqlalchemy.engine.Engine INSERT INTO houses (name, address, owner_id, tenant_id, created_at, updated_at) VALUES (%(name)s, %(address)s, %(owner_id)s, %(tenant_id)s::UUID, %(created_at)s, %(updated_at)s) RETURNING houses.id
2025-07-06 18:05:50,819 INFO sqlalchemy.engine.Engine [generated in 0.00119s] {'name': 'Test House', 'address': '123 Test Street', 'owner_id': 244, 'tenant_id': UUID('8f8edc0d-d289-4bd6-aa58-51623945c53e'), 'created_at': datetime.datetime(2025, 7, 6, 16, 5, 50, 814471, tzinfo=datetime.timezone.utc), 'updated_at': datetime.datetime(2025, 7, 6, 16, 5, 50, 814516, tzinfo=datetime.timezone.utc)}
2025-07-06 18:05:50,827 INFO sqlalchemy.engine.Engine COMMIT
2025-07-06 18:05:50,831 INFO sqlalchemy.engine.Engine BEGIN (implicit)
2025-07-06 18:05:50,836 INFO sqlalchemy.engine.Engine SELECT houses.id, houses.name, houses.address, houses.owner_id, houses.tenant_id, houses.created_at, houses.updated_at 
FROM houses 
WHERE houses.id = %(pk_1)s
2025-07-06 18:05:50,837 INFO sqlalchemy.engine.Engine [generated in 0.00179s] {'pk_1': 121}
2025-07-06 18:05:50,846 INFO sqlalchemy.engine.Engine SELECT users.id AS users_id, users.email AS users_email, users.username AS users_username, users.hashed_password AS users_hashed_password, users.is_active AS users_is_active, users.is_superuser AS users_is_superuser, users.tenant_id AS users_tenant_id, users.role AS users_role, users.is_verified AS users_is_verified, users.mfa_enabled AS users_mfa_enabled, users.mfa_secret AS users_mfa_secret, users.created_at AS users_created_at, users.updated_at AS users_updated_at, users.last_login AS users_last_login, users.full_name AS users_full_name, users.phone_number AS users_phone_number 
FROM users 
WHERE users.id = %(pk_1)s
2025-07-06 18:05:50,847 INFO sqlalchemy.engine.Engine [cached since 0.04282s ago] {'pk_1': 244}
DEBUG AUTHENTICATE_USER: email_or_username=testuser_2a7e05c0@example.com, password=TestPassword123!
DEBUG GET_USER_BY_EMAIL: Starting query for email=testuser_2a7e05c0@example.com
DEBUG GET_USER_BY_EMAIL: User model type=<class 'sqlmodel.main.SQLModelMetaclass'>
DEBUG GET_USER_BY_EMAIL: User.__tablename__=users
DEBUG GET_USER_BY_EMAIL: SQL statement=SELECT users.id, users.email, users.username, users.hashed_password, users.is_active, users.is_superuser, users.tenant_id, users.role, users.is_verified, users.mfa_enabled, users.mfa_secret, users.created_at, users.updated_at, users.last_login, users.full_name, users.phone_number 
FROM users 
WHERE users.email = :email_1
2025-07-06 18:05:51,319 INFO sqlalchemy.engine.Engine select pg_catalog.version()
2025-07-06 18:05:51,320 INFO sqlalchemy.engine.Engine [raw sql] {}
2025-07-06 18:05:51,324 INFO sqlalchemy.engine.Engine select current_schema()
2025-07-06 18:05:51,325 INFO sqlalchemy.engine.Engine [raw sql] {}
2025-07-06 18:05:51,327 INFO sqlalchemy.engine.Engine show standard_conforming_strings
2025-07-06 18:05:51,328 INFO sqlalchemy.engine.Engine [raw sql] {}
2025-07-06 18:05:51,329 INFO sqlalchemy.engine.Engine BEGIN (implicit)
2025-07-06 18:05:51,336 INFO sqlalchemy.engine.Engine SELECT users.id, users.email, users.username, users.hashed_password, users.is_active, users.is_superuser, users.tenant_id, users.role, users.is_verified, users.mfa_enabled, users.mfa_secret, users.created_at, users.updated_at, users.last_login, users.full_name, users.phone_number 
FROM users 
WHERE users.email = %(email_1)s
2025-07-06 18:05:51,338 INFO sqlalchemy.engine.Engine [generated in 0.00184s] {'email_1': 'testuser_2a7e05c0@example.com'}
DEBUG GET_USER_BY_EMAIL: Query result type=<class 'sqlalchemy.engine.result.ChunkedIteratorResult'>
DEBUG GET_USER_BY_EMAIL: Number of rows returned: 1
DEBUG GET_USER_BY_EMAIL: First row type: <class 'sqlalchemy.engine.row.Row'>
DEBUG GET_USER_BY_EMAIL: First row content: (<User testuser_078091dc>,)
2025-07-06 18:05:51,350 INFO sqlalchemy.engine.Engine SELECT users.id, users.email, users.username, users.hashed_password, users.is_active, users.is_superuser, users.tenant_id, users.role, users.is_verified, users.mfa_enabled, users.mfa_secret, users.created_at, users.updated_at, users.last_login, users.full_name, users.phone_number 
FROM users 
WHERE users.email = %(email_1)s
2025-07-06 18:05:51,351 INFO sqlalchemy.engine.Engine [cached since 0.01524s ago] {'email_1': 'testuser_2a7e05c0@example.com'}
DEBUG GET_USER_BY_EMAIL: email=testuser_2a7e05c0@example.com, user=username='testuser_078091dc' is_active=True email='testuser_2a7e05c0@example.com' tenant_id=UUID('8f8edc0d-d289-4bd6-aa58-51623945c53e') is_verified=True mfa_secret=None updated_at=datetime.datetime(2025, 7, 6, 18, 5, 50, 729022) full_name='Test User' hashed_password='$2b$12$ZYbqEQzza.6PGxVXY84hIO7LdE9BQ8NhbSuy6ILhNBHyEZ5.AJx6.' id=244 is_superuser=False role='user' mfa_enabled=False created_at=datetime.datetime(2025, 7, 6, 18, 5, 50, 728889) last_login=None phone_number=None, user_type=<class 'app.models.user.User'>
DEBUG GET_USER_BY_EMAIL: user.id=244, user.email=testuser_2a7e05c0@example.com, user.username=testuser_078091dc
DEBUG AUTHENTICATE_USER: after get_user_by_email, user=username='testuser_078091dc' is_active=True email='testuser_2a7e05c0@example.com' tenant_id=UUID('8f8edc0d-d289-4bd6-aa58-51623945c53e') is_verified=True mfa_secret=None updated_at=datetime.datetime(2025, 7, 6, 18, 5, 50, 729022) full_name='Test User' hashed_password='$2b$12$ZYbqEQzza.6PGxVXY84hIO7LdE9BQ8NhbSuy6ILhNBHyEZ5.AJx6.' id=244 is_superuser=False role='user' mfa_enabled=False created_at=datetime.datetime(2025, 7, 6, 18, 5, 50, 728889) last_login=None phone_number=None
DEBUG AUTH: user.id=244, email=testuser_2a7e05c0@example.com, username=testuser_078091dc, hashed_password=$2b$12$ZYbqEQzza.6PGxVXY84hIO7LdE9BQ8NhbSuy6ILhNBHyEZ5.AJx6., password_in_test=TestPassword123!
DEBUG VERIFY_PASSWORD: plain=TestPassword123!, hashed=$2b$12$ZYbqEQzza.6PGxVXY84hIO7LdE9BQ8NhbSuy6ILhNBHyEZ5.AJx6.
2025-07-06 18:05:52,084 INFO sqlalchemy.engine.Engine ROLLBACK
[DEBUG] Token payload: {'sub': 'testuser_2a7e05c0@example.com', 'user_id': 244, 'tenant_id': '8f8edc0d-d289-4bd6-aa58-51623945c53e', 'exp': 1751819752, 'type': 'access'}
[DEBUG] Email from token: testuser_2a7e05c0@example.com
2025-07-06 18:05:52,131 INFO sqlalchemy.engine.Engine BEGIN (implicit)
2025-07-06 18:05:52,135 INFO sqlalchemy.engine.Engine SELECT users.id, users.email, users.username, users.hashed_password, users.is_active, users.is_superuser, users.tenant_id, users.role, users.is_verified, users.mfa_enabled, users.mfa_secret, users.created_at, users.updated_at, users.last_login, users.full_name, users.phone_number 
FROM users 
WHERE users.email = %(email_1)s
2025-07-06 18:05:52,136 INFO sqlalchemy.engine.Engine [generated in 0.00116s] {'email_1': 'testuser_2a7e05c0@example.com'}
[DEBUG] User from database (test mode): username='testuser_078091dc' is_active=True email='testuser_2a7e05c0@example.com' tenant_id=UUID('8f8edc0d-d289-4bd6-aa58-51623945c53e') is_verified=True mfa_secret=None updated_at=datetime.datetime(2025, 7, 6, 18, 5, 50, 729022) full_name='Test User' hashed_password='$2b$12$ZYbqEQzza.6PGxVXY84hIO7LdE9BQ8NhbSuy6ILhNBHyEZ5.AJx6.' id=244 is_superuser=False role='user' mfa_enabled=False created_at=datetime.datetime(2025, 7, 6, 18, 5, 50, 728889) last_login=None phone_number=None
[TENANT] Token contains tenant_id: 8f8edc0d-d289-4bd6-aa58-51623945c53e
2025-07-06 18:05:52,351 INFO sqlalchemy.engine.Engine BEGIN (implicit)
2025-07-06 18:05:52,358 INFO sqlalchemy.engine.Engine SELECT user_tenant_roles.id, user_tenant_roles.user_id, user_tenant_roles.tenant_id, user_tenant_roles.role, user_tenant_roles.is_active, user_tenant_roles.created_at, user_tenant_roles.updated_at 
FROM user_tenant_roles 
WHERE user_tenant_roles.user_id = %(user_id_1)s AND user_tenant_roles.tenant_id = %(tenant_id_1)s::UUID AND user_tenant_roles.role IN (%(role_1_1)s, %(role_1_2)s, %(role_1_3)s) AND user_tenant_roles.is_active = true
2025-07-06 18:05:52,359 INFO sqlalchemy.engine.Engine [generated in 0.00266s] {'user_id_1': 244, 'tenant_id_1': UUID('8f8edc0d-d289-4bd6-aa58-51623945c53e'), 'role_1_1': 'editor', 'role_1_2': 'admin', 'role_1_3': 'super_admin'}
2025-07-06 18:05:52,366 INFO sqlalchemy.engine.Engine ROLLBACK
[RBAC] Access granted for user testuser_2a7e05c0@example.com to tenant 8f8edc0d-d289-4bd6-aa58-51623945c53e with permission: write_documents
2025-07-06 18:05:52,373 INFO sqlalchemy.engine.Engine BEGIN (implicit)
2025-07-06 18:05:52,377 INFO sqlalchemy.engine.Engine SELECT houses.id 
FROM houses 
WHERE houses.id = %(id_1)s AND houses.owner_id = %(owner_id_1)s AND houses.tenant_id = %(tenant_id_1)s::UUID
2025-07-06 18:05:52,377 INFO sqlalchemy.engine.Engine [generated in 0.00109s] {'id_1': 121, 'owner_id_1': 244, 'tenant_id_1': UUID('8f8edc0d-d289-4bd6-aa58-51623945c53e')}
2025-07-06 18:05:52,382 INFO sqlalchemy.engine.Engine ROLLBACK
2025-07-06 18:05:52,389 INFO sqlalchemy.engine.Engine SELECT houses.id AS houses_id, houses.name AS houses_name, houses.address AS houses_address, houses.owner_id AS houses_owner_id, houses.tenant_id AS houses_tenant_id, houses.created_at AS houses_created_at, houses.updated_at AS houses_updated_at 
FROM houses 
WHERE houses.id = %(pk_1)s
2025-07-06 18:05:52,390 INFO sqlalchemy.engine.Engine [generated in 0.00107s] {'pk_1': 121}
2025-07-06 18:05:52,399 INFO sqlalchemy.engine.Engine ROLLBACK
---------------------------- Captured stderr call -----------------------------
INFO:sqlalchemy.engine.Engine:BEGIN (implicit)
INFO:sqlalchemy.engine.Engine:INSERT INTO users (email, username, hashed_password, is_active, is_superuser, tenant_id, role, is_verified, mfa_enabled, mfa_secret, created_at, updated_at, last_login, full_name, phone_number) VALUES (%(email)s, %(username)s, %(hashed_password)s, %(is_active)s, %(is_superuser)s, %(tenant_id)s::UUID, %(role)s, %(is_verified)s, %(mfa_enabled)s, %(mfa_secret)s, %(created_at)s, %(updated_at)s, %(last_login)s, %(full_name)s, %(phone_number)s) RETURNING users.id
INFO:sqlalchemy.engine.Engine:[generated in 0.00177s] {'email': 'testuser_2a7e05c0@example.com', 'username': 'testuser_078091dc', 'hashed_password': '$2b$12$ZYbqEQzza.6PGxVXY84hIO7LdE9BQ8NhbSuy6ILhNBHyEZ5.AJx6.', 'is_active': True, 'is_superuser': False, 'tenant_id': UUID('8f8edc0d-d289-4bd6-aa58-51623945c53e'), 'role': 'user', 'is_verified': True, 'mfa_enabled': False, 'mfa_secret': None, 'created_at': datetime.datetime(2025, 7, 6, 16, 5, 50, 728889, tzinfo=datetime.timezone.utc), 'updated_at': datetime.datetime(2025, 7, 6, 16, 5, 50, 729022, tzinfo=datetime.timezone.utc), 'last_login': None, 'full_name': 'Test User', 'phone_number': None}
DEBUG:app.db.session:Query eseguita in 0.01 secondi: INSERT INTO users (email, username, hashed_password, is_active, is_superuser, tenant_id, role, is_verified, mfa_enabled, mfa_secret, created_at, updated_at, last_login, full_name, phone_number) VALUES (%(email)s, %(username)s, %(hashed_password)s, %(is_active)s, %(is_superuser)s, %(tenant_id)s::UUID, %(role)s, %(is_verified)s, %(mfa_enabled)s, %(mfa_secret)s, %(created_at)s, %(updated_at)s, %(last_login)s, %(full_name)s, %(phone_number)s) RETURNING users.id
INFO:sqlalchemy.engine.Engine:COMMIT
INFO:sqlalchemy.engine.Engine:BEGIN (implicit)
INFO:sqlalchemy.engine.Engine:SELECT users.id, users.email, users.username, users.hashed_password, users.is_active, users.is_superuser, users.tenant_id, users.role, users.is_verified, users.mfa_enabled, users.mfa_secret, users.created_at, users.updated_at, users.last_login, users.full_name, users.phone_number 
FROM users 
WHERE users.id = %(pk_1)s
INFO:sqlalchemy.engine.Engine:[generated in 0.00130s] {'pk_1': 244}
DEBUG:app.db.session:Query eseguita in 0.01 secondi: SELECT users.id, users.email, users.username, users.hashed_password, users.is_active, users.is_superuser, users.tenant_id, users.role, users.is_verified, users.mfa_enabled, users.mfa_secret, users.created_at, users.updated_at, users.last_login, users.full_name, users.phone_number 
FROM users 
WHERE users.id = %(pk_1)s
INFO:sqlalchemy.engine.Engine:INSERT INTO user_tenant_roles (user_id, tenant_id, role, is_active, created_at, updated_at) VALUES (%(user_id)s, %(tenant_id)s::UUID, %(role)s, %(is_active)s, %(created_at)s, %(updated_at)s) RETURNING user_tenant_roles.id
INFO:sqlalchemy.engine.Engine:[generated in 0.00157s] {'user_id': 244, 'tenant_id': UUID('8f8edc0d-d289-4bd6-aa58-51623945c53e'), 'role': 'admin', 'is_active': True, 'created_at': datetime.datetime(2025, 7, 6, 16, 5, 50, 782967, tzinfo=datetime.timezone.utc), 'updated_at': datetime.datetime(2025, 7, 6, 16, 5, 50, 783021, tzinfo=datetime.timezone.utc)}
DEBUG:app.db.session:Query eseguita in 0.01 secondi: INSERT INTO user_tenant_roles (user_id, tenant_id, role, is_active, created_at, updated_at) VALUES (%(user_id)s, %(tenant_id)s::UUID, %(role)s, %(is_active)s, %(created_at)s, %(updated_at)s) RETURNING user_tenant_roles.id
INFO:sqlalchemy.engine.Engine:COMMIT
INFO:sqlalchemy.engine.Engine:BEGIN (implicit)
INFO:sqlalchemy.engine.Engine:SELECT users.id AS users_id, users.email AS users_email, users.username AS users_username, users.hashed_password AS users_hashed_password, users.is_active AS users_is_active, users.is_superuser AS users_is_superuser, users.tenant_id AS users_tenant_id, users.role AS users_role, users.is_verified AS users_is_verified, users.mfa_enabled AS users_mfa_enabled, users.mfa_secret AS users_mfa_secret, users.created_at AS users_created_at, users.updated_at AS users_updated_at, users.last_login AS users_last_login, users.full_name AS users_full_name, users.phone_number AS users_phone_number 
FROM users 
WHERE users.id = %(pk_1)s
INFO:sqlalchemy.engine.Engine:[generated in 0.00152s] {'pk_1': 244}
DEBUG:app.db.session:Query eseguita in 0.00 secondi: SELECT users.id AS users_id, users.email AS users_email, users.username AS users_username, users.hashed_password AS users_hashed_password, users.is_active AS users_is_active, users.is_superuser AS users_is_superuser, users.tenant_id AS users_tenant_id, users.role AS users_role, users.is_verified AS users_is_verified, users.mfa_enabled AS users_mfa_enabled, users.mfa_secret AS users_mfa_secret, users.created_at AS users_created_at, users.updated_at AS users_updated_at, users.last_login AS users_last_login, users.full_name AS users_full_name, users.phone_number AS users_phone_number 
FROM users 
WHERE users.id = %(pk_1)s
INFO:sqlalchemy.engine.Engine:INSERT INTO houses (name, address, owner_id, tenant_id, created_at, updated_at) VALUES (%(name)s, %(address)s, %(owner_id)s, %(tenant_id)s::UUID, %(created_at)s, %(updated_at)s) RETURNING houses.id
INFO:sqlalchemy.engine.Engine:[generated in 0.00119s] {'name': 'Test House', 'address': '123 Test Street', 'owner_id': 244, 'tenant_id': UUID('8f8edc0d-d289-4bd6-aa58-51623945c53e'), 'created_at': datetime.datetime(2025, 7, 6, 16, 5, 50, 814471, tzinfo=datetime.timezone.utc), 'updated_at': datetime.datetime(2025, 7, 6, 16, 5, 50, 814516, tzinfo=datetime.timezone.utc)}
DEBUG:app.db.session:Query eseguita in 0.01 secondi: INSERT INTO houses (name, address, owner_id, tenant_id, created_at, updated_at) VALUES (%(name)s, %(address)s, %(owner_id)s, %(tenant_id)s::UUID, %(created_at)s, %(updated_at)s) RETURNING houses.id
INFO:sqlalchemy.engine.Engine:COMMIT
INFO:sqlalchemy.engine.Engine:BEGIN (implicit)
INFO:sqlalchemy.engine.Engine:SELECT houses.id, houses.name, houses.address, houses.owner_id, houses.tenant_id, houses.created_at, houses.updated_at 
FROM houses 
WHERE houses.id = %(pk_1)s
INFO:sqlalchemy.engine.Engine:[generated in 0.00179s] {'pk_1': 121}
DEBUG:app.db.session:Query eseguita in 0.00 secondi: SELECT houses.id, houses.name, houses.address, houses.owner_id, houses.tenant_id, houses.created_at, houses.updated_at 
FROM houses 
WHERE houses.id = %(pk_1)s
INFO:sqlalchemy.engine.Engine:SELECT users.id AS users_id, users.email AS users_email, users.username AS users_username, users.hashed_password AS users_hashed_password, users.is_active AS users_is_active, users.is_superuser AS users_is_superuser, users.tenant_id AS users_tenant_id, users.role AS users_role, users.is_verified AS users_is_verified, users.mfa_enabled AS users_mfa_enabled, users.mfa_secret AS users_mfa_secret, users.created_at AS users_created_at, users.updated_at AS users_updated_at, users.last_login AS users_last_login, users.full_name AS users_full_name, users.phone_number AS users_phone_number 
FROM users 
WHERE users.id = %(pk_1)s
INFO:sqlalchemy.engine.Engine:[cached since 0.04282s ago] {'pk_1': 244}
DEBUG:app.db.session:Query eseguita in 0.00 secondi: SELECT users.id AS users_id, users.email AS users_email, users.username AS users_username, users.hashed_password AS users_hashed_password, users.is_active AS users_is_active, users.is_superuser AS users_is_superuser, users.tenant_id AS users_tenant_id, users.role AS users_role, users.is_verified AS users_is_verified, users.mfa_enabled AS users_mfa_enabled, users.mfa_secret AS users_mfa_secret, users.created_at AS users_created_at, users.updated_at AS users_updated_at, users.last_login AS users_last_login, users.full_name AS users_full_name, users.phone_number AS users_phone_number 
FROM users 
WHERE users.id = %(pk_1)s
INFO:app.core.middleware:{"method": "POST", "url": "http://testserver/api/v1/auth/token", "client_ip": "testclient", "user_agent": "testclient", "event_name": "request_started", "status": "started", "event": "Request started", "level": "info", "timestamp": "2025-07-06T16:05:50.853306+00:00", "trace_id": "4964da18-fc8c-4de9-93b4-e30b2d723f6d", "request_id": "a1562039-ef60-44f2-bf5c-b1fd13855c5f", "service": "eterna-home-api", "version": "1.0.0", "environment": "test", "event_type": "general"}
DEBUG:python_multipart.multipart:Calling on_field_start with no data
DEBUG:python_multipart.multipart:Calling on_field_name with data[0:8]
DEBUG:python_multipart.multipart:Calling on_field_data with data[9:40]
DEBUG:python_multipart.multipart:Calling on_field_end with no data
DEBUG:python_multipart.multipart:Calling on_field_start with no data
DEBUG:python_multipart.multipart:Calling on_field_name with data[41:49]
DEBUG:python_multipart.multipart:Calling on_field_data with data[50:68]
DEBUG:python_multipart.multipart:Calling on_field_end with no data
DEBUG:python_multipart.multipart:Calling on_end with no data
DEBUG:app.db.session:Sessione creata in 0.00 secondi
DEBUG:app.db.session:Session type in get_session: <class 'sqlmodel.orm.session.Session'>
DEBUG:app.db.session:Yielding session from get_session
INFO:app.routers.auth:{"username": "testuser_2a7e05c0@example.com", "client_ip": "testclient", "event": "Login attempt", "level": "info", "timestamp": "2025-07-06T16:05:50.891076+00:00", "trace_id": "4964da18-fc8c-4de9-93b4-e30b2d723f6d", "request_id": "a1562039-ef60-44f2-bf5c-b1fd13855c5f", "service": "eterna-home-api", "version": "1.0.0", "environment": "test", "event_type": "authentication"}
INFO:sqlalchemy.engine.Engine:select pg_catalog.version()
INFO:sqlalchemy.engine.Engine:[raw sql] {}
INFO:sqlalchemy.engine.Engine:select current_schema()
INFO:sqlalchemy.engine.Engine:[raw sql] {}
INFO:sqlalchemy.engine.Engine:show standard_conforming_strings
INFO:sqlalchemy.engine.Engine:[raw sql] {}
INFO:sqlalchemy.engine.Engine:BEGIN (implicit)
INFO:sqlalchemy.engine.Engine:SELECT users.id, users.email, users.username, users.hashed_password, users.is_active, users.is_superuser, users.tenant_id, users.role, users.is_verified, users.mfa_enabled, users.mfa_secret, users.created_at, users.updated_at, users.last_login, users.full_name, users.phone_number 
FROM users 
WHERE users.email = %(email_1)s
INFO:sqlalchemy.engine.Engine:[generated in 0.00184s] {'email_1': 'testuser_2a7e05c0@example.com'}
DEBUG:app.db.session:Query eseguita in 0.01 secondi: SELECT users.id, users.email, users.username, users.hashed_password, users.is_active, users.is_superuser, users.tenant_id, users.role, users.is_verified, users.mfa_enabled, users.mfa_secret, users.created_at, users.updated_at, users.last_login, users.full_name, users.phone_number 
FROM users 
WHERE users.email = %(email_1)s
INFO:sqlalchemy.engine.Engine:SELECT users.id, users.email, users.username, users.hashed_password, users.is_active, users.is_superuser, users.tenant_id, users.role, users.is_verified, users.mfa_enabled, users.mfa_secret, users.created_at, users.updated_at, users.last_login, users.full_name, users.phone_number 
FROM users 
WHERE users.email = %(email_1)s
INFO:sqlalchemy.engine.Engine:[cached since 0.01524s ago] {'email_1': 'testuser_2a7e05c0@example.com'}
DEBUG:app.db.session:Query eseguita in 0.00 secondi: SELECT users.id, users.email, users.username, users.hashed_password, users.is_active, users.is_superuser, users.tenant_id, users.role, users.is_verified, users.mfa_enabled, users.mfa_secret, users.created_at, users.updated_at, users.last_login, users.full_name, users.phone_number 
FROM users 
WHERE users.email = %(email_1)s
WARNING:passlib.handlers.bcrypt:(trapped) error reading bcrypt version
Traceback (most recent call last):
  File "C:\Users\flavi\Eterna-Home\venv\Lib\site-packages\passlib\handlers\bcrypt.py", line 620, in _load_backend_mixin
    version = _bcrypt.__about__.__version__
              ^^^^^^^^^^^^^^^^^
AttributeError: module 'bcrypt' has no attribute '__about__'
DEBUG:passlib.handlers.bcrypt:detected 'bcrypt' backend, version '<unknown>'
DEBUG:passlib.handlers.bcrypt:'bcrypt' backend lacks $2$ support, enabling workaround
INFO:app.routers.auth:{"user_id": 244, "email": "testuser_2a7e05c0@example.com", "username": "testuser_078091dc", "event": "Login successful", "level": "info", "timestamp": "2025-07-06T16:05:52.083323+00:00", "trace_id": "4964da18-fc8c-4de9-93b4-e30b2d723f6d", "request_id": "a1562039-ef60-44f2-bf5c-b1fd13855c5f", "service": "eterna-home-api", "version": "1.0.0", "environment": "test", "event_type": "authentication"}
INFO:sqlalchemy.engine.Engine:ROLLBACK
DEBUG:app.db.session:Sessione chiusa in 1.20 secondi
INFO:app.core.middleware:{"method": "POST", "url": "http://testserver/api/v1/auth/token", "status_code": 200, "duration": 1.234302043914795, "event_name": "request_completed", "status": "success", "event": "Request completed", "level": "info", "timestamp": "2025-07-06T16:05:52.087496+00:00", "trace_id": "4964da18-fc8c-4de9-93b4-e30b2d723f6d", "request_id": "a1562039-ef60-44f2-bf5c-b1fd13855c5f", "service": "eterna-home-api", "version": "1.0.0", "environment": "test", "event_type": "general"}
INFO:httpx:HTTP Request: POST http://testserver/api/v1/auth/token "HTTP/1.1 200 OK"
INFO:app.core.middleware:{"method": "POST", "url": "http://testserver/api/v1/documents/upload", "client_ip": "testclient", "user_agent": "testclient", "event_name": "request_started", "status": "started", "event": "Request started", "level": "info", "timestamp": "2025-07-06T16:05:52.094148+00:00", "trace_id": "c2cf4ccf-78ab-42fe-9c5a-405c2b3be00e", "request_id": "9fa42eea-a8cd-4afc-aa1b-61f98479e90e", "service": "eterna-home-api", "version": "1.0.0", "environment": "test", "event_type": "general"}
DEBUG:python_multipart.multipart:Calling on_part_begin with no data
DEBUG:python_multipart.multipart:Calling on_header_field with data[36:55]
DEBUG:python_multipart.multipart:Calling on_header_value with data[57:80]
DEBUG:python_multipart.multipart:Calling on_header_end with no data
DEBUG:python_multipart.multipart:Calling on_headers_finished with no data
DEBUG:python_multipart.multipart:Calling on_part_data with data[84:97]
DEBUG:python_multipart.multipart:Calling on_part_end with no data
DEBUG:python_multipart.multipart:Calling on_part_begin with no data
DEBUG:python_multipart.multipart:Calling on_header_field with data[135:154]
DEBUG:python_multipart.multipart:Calling on_header_value with data[156:185]
DEBUG:python_multipart.multipart:Calling on_header_end with no data
DEBUG:python_multipart.multipart:Calling on_headers_finished with no data
DEBUG:python_multipart.multipart:Calling on_part_data with data[189:214]
DEBUG:python_multipart.multipart:Calling on_part_end with no data
DEBUG:python_multipart.multipart:Calling on_part_begin with no data
DEBUG:python_multipart.multipart:Calling on_header_field with data[252:271]
DEBUG:python_multipart.multipart:Calling on_header_value with data[273:304]
DEBUG:python_multipart.multipart:Calling on_header_end with no data
DEBUG:python_multipart.multipart:Calling on_headers_finished with no data
DEBUG:python_multipart.multipart:Calling on_part_data with data[308:315]
DEBUG:python_multipart.multipart:Calling on_part_end with no data
DEBUG:python_multipart.multipart:Calling on_part_begin with no data
DEBUG:python_multipart.multipart:Calling on_header_field with data[353:372]
DEBUG:python_multipart.multipart:Calling on_header_value with data[374:400]
DEBUG:python_multipart.multipart:Calling on_header_end with no data
DEBUG:python_multipart.multipart:Calling on_headers_finished with no data
DEBUG:python_multipart.multipart:Calling on_part_data with data[404:407]
DEBUG:python_multipart.multipart:Calling on_part_end with no data
DEBUG:python_multipart.multipart:Calling on_part_begin with no data
DEBUG:python_multipart.multipart:Calling on_header_field with data[445:464]
DEBUG:python_multipart.multipart:Calling on_header_value with data[466:518]
DEBUG:python_multipart.multipart:Calling on_header_end with no data
DEBUG:python_multipart.multipart:Calling on_header_field with data[520:532]
DEBUG:python_multipart.multipart:Calling on_header_value with data[534:549]
DEBUG:python_multipart.multipart:Calling on_header_end with no data
DEBUG:python_multipart.multipart:Calling on_headers_finished with no data
DEBUG:python_multipart.multipart:Calling on_part_data with data[553:570]
DEBUG:python_multipart.multipart:Calling on_part_end with no data
DEBUG:python_multipart.multipart:Calling on_end with no data
DEBUG:app.db.session:Sessione creata in 0.00 secondi
DEBUG:app.db.session:Session type in get_session: <class 'sqlmodel.orm.session.Session'>
DEBUG:app.db.session:Yielding session from get_session
INFO:sqlalchemy.engine.Engine:BEGIN (implicit)
INFO:sqlalchemy.engine.Engine:SELECT users.id, users.email, users.username, users.hashed_password, users.is_active, users.is_superuser, users.tenant_id, users.role, users.is_verified, users.mfa_enabled, users.mfa_secret, users.created_at, users.updated_at, users.last_login, users.full_name, users.phone_number 
FROM users 
WHERE users.email = %(email_1)s
INFO:sqlalchemy.engine.Engine:[generated in 0.00116s] {'email_1': 'testuser_2a7e05c0@example.com'}
DEBUG:app.db.session:Query eseguita in 0.00 secondi: SELECT users.id, users.email, users.username, users.hashed_password, users.is_active, users.is_superuser, users.tenant_id, users.role, users.is_verified, users.mfa_enabled, users.mfa_secret, users.created_at, users.updated_at, users.last_login, users.full_name, users.phone_number 
FROM users 
WHERE users.email = %(email_1)s
DEBUG:app.db.session:Sessione creata in 0.00 secondi
DEBUG:app.db.session:Session type in get_session: <class 'sqlmodel.orm.session.Session'>
DEBUG:app.db.session:Yielding session from get_session
DEBUG:app.db.session:Sessione chiusa in 0.00 secondi
INFO:sqlalchemy.engine.Engine:BEGIN (implicit)
INFO:sqlalchemy.engine.Engine:SELECT user_tenant_roles.id, user_tenant_roles.user_id, user_tenant_roles.tenant_id, user_tenant_roles.role, user_tenant_roles.is_active, user_tenant_roles.created_at, user_tenant_roles.updated_at 
FROM user_tenant_roles 
WHERE user_tenant_roles.user_id = %(user_id_1)s AND user_tenant_roles.tenant_id = %(tenant_id_1)s::UUID AND user_tenant_roles.role IN (%(role_1_1)s, %(role_1_2)s, %(role_1_3)s) AND user_tenant_roles.is_active = true
INFO:sqlalchemy.engine.Engine:[generated in 0.00266s] {'user_id_1': 244, 'tenant_id_1': UUID('8f8edc0d-d289-4bd6-aa58-51623945c53e'), 'role_1_1': 'editor', 'role_1_2': 'admin', 'role_1_3': 'super_admin'}
DEBUG:app.db.session:Query eseguita in 0.01 secondi: SELECT user_tenant_roles.id, user_tenant_roles.user_id, user_tenant_roles.tenant_id, user_tenant_roles.role, user_tenant_roles.is_active, user_tenant_roles.created_at, user_tenant_roles.updated_at 
FROM user_tenant_roles 
WHERE user_tenant_roles.user_id = %(user_id_1)s AND user_tenant_roles.tenant_id = %(tenant_id_1)s::UUID AND user_tenant_roles.role IN (%(role_1_1)s, %(role_1_2)s, %(role_1_3)s) AND user_tenant_roles.is_active = true
INFO:sqlalchemy.engine.Engine:ROLLBACK
DEBUG:app.db.session:Sessione creata in 0.00 secondi
DEBUG:app.db.session:Session type in get_session: <class 'sqlmodel.orm.session.Session'>
DEBUG:app.db.session:Yielding session from get_session
DEBUG:app.db.session:Sessione chiusa in 0.00 secondi
INFO:sqlalchemy.engine.Engine:BEGIN (implicit)
INFO:sqlalchemy.engine.Engine:SELECT houses.id 
FROM houses 
WHERE houses.id = %(id_1)s AND houses.owner_id = %(owner_id_1)s AND houses.tenant_id = %(tenant_id_1)s::UUID
INFO:sqlalchemy.engine.Engine:[generated in 0.00109s] {'id_1': 121, 'owner_id_1': 244, 'tenant_id_1': UUID('8f8edc0d-d289-4bd6-aa58-51623945c53e')}
DEBUG:app.db.session:Query eseguita in 0.00 secondi: SELECT houses.id 
FROM houses 
WHERE houses.id = %(id_1)s AND houses.owner_id = %(owner_id_1)s AND houses.tenant_id = %(tenant_id_1)s::UUID
INFO:sqlalchemy.engine.Engine:ROLLBACK
INFO:app.core.auth.rbac:{"extra": {"user_id": 244, "house_id": 121, "tenant_id": "UUID('8f8edc0d-d289-4bd6-aa58-51623945c53e')", "endpoint": "upload_document"}, "event": "Accesso a casa verificato", "level": "info", "timestamp": "2025-07-06T16:05:52.383648+00:00", "trace_id": "c2cf4ccf-78ab-42fe-9c5a-405c2b3be00e", "request_id": "9fa42eea-a8cd-4afc-aa1b-61f98479e90e", "service": "eterna-home-api", "version": "1.0.0", "environment": "test", "event_type": "general"}
INFO:sqlalchemy.engine.Engine:SELECT houses.id AS houses_id, houses.name AS houses_name, houses.address AS houses_address, houses.owner_id AS houses_owner_id, houses.tenant_id AS houses_tenant_id, houses.created_at AS houses_created_at, houses.updated_at AS houses_updated_at 
FROM houses 
WHERE houses.id = %(pk_1)s
INFO:sqlalchemy.engine.Engine:[generated in 0.00107s] {'pk_1': 121}
DEBUG:app.db.session:Query eseguita in 0.00 secondi: SELECT houses.id AS houses_id, houses.name AS houses_name, houses.address AS houses_address, houses.owner_id AS houses_owner_id, houses.tenant_id AS houses_tenant_id, houses.created_at AS houses_created_at, houses.updated_at AS houses_updated_at 
FROM houses 
WHERE houses.id = %(pk_1)s
ERROR:app.routers.document:{"user_id": 244, "house_id": 121, "tenant_id": "UUID('8f8edc0d-d289-4bd6-aa58-51623945c53e')", "error": "'coroutine' object is not subscriptable", "event": "Errore durante upload documento", "level": "error", "timestamp": "2025-07-06T16:05:52.396579+00:00", "trace_id": "c2cf4ccf-78ab-42fe-9c5a-405c2b3be00e", "request_id": "9fa42eea-a8cd-4afc-aa1b-61f98479e90e", "service": "eterna-home-api", "version": "1.0.0", "environment": "test", "event_type": "file_operation"}
INFO:sqlalchemy.engine.Engine:ROLLBACK
DEBUG:app.db.session:Sessione chiusa in 0.28 secondi
ERROR:app.db.session:Errore durante la creazione della sessione dopo 0.28 secondi: 500: Errore durante il caricamento del documento
INFO:app.core.middleware:{"method": "POST", "url": "http://testserver/api/v1/documents/upload", "status_code": 500, "duration": 0.31409406661987305, "event_name": "request_completed", "status": "failed", "event": "Request completed", "level": "info", "timestamp": "2025-07-06T16:05:52.408198+00:00", "trace_id": "c2cf4ccf-78ab-42fe-9c5a-405c2b3be00e", "request_id": "9fa42eea-a8cd-4afc-aa1b-61f98479e90e", "service": "eterna-home-api", "version": "1.0.0", "environment": "test", "event_type": "general"}
WARNING:operations:{"operation_type": "document_upload", "status": "failed", "event_type": "file_operation", "metadata": {"endpoint": "/api/v1/documents/upload"}, "event": "Operation Failed: document_upload", "level": "warning", "timestamp": "2025-07-06T16:05:52.409343+00:00", "trace_id": "c2cf4ccf-78ab-42fe-9c5a-405c2b3be00e", "request_id": "9fa42eea-a8cd-4afc-aa1b-61f98479e90e", "service": "eterna-home-api", "version": "1.0.0", "environment": "test"}
INFO:httpx:HTTP Request: POST http://testserver/api/v1/documents/upload "HTTP/1.1 500 Internal Server Error"
------------------------------ Captured log call ------------------------------
INFO     sqlalchemy.engine.Engine:base.py:2698 BEGIN (implicit)
INFO     sqlalchemy.engine.Engine:base.py:1842 INSERT INTO users (email, username, hashed_password, is_active, is_superuser, tenant_id, role, is_verified, mfa_enabled, mfa_secret, created_at, updated_at, last_login, full_name, phone_number) VALUES (%(email)s, %(username)s, %(hashed_password)s, %(is_active)s, %(is_superuser)s, %(tenant_id)s::UUID, %(role)s, %(is_verified)s, %(mfa_enabled)s, %(mfa_secret)s, %(created_at)s, %(updated_at)s, %(last_login)s, %(full_name)s, %(phone_number)s) RETURNING users.id
INFO     sqlalchemy.engine.Engine:base.py:1842 [generated in 0.00177s] {'email': 'testuser_2a7e05c0@example.com', 'username': 'testuser_078091dc', 'hashed_password': '$2b$12$ZYbqEQzza.6PGxVXY84hIO7LdE9BQ8NhbSuy6ILhNBHyEZ5.AJx6.', 'is_active': True, 'is_superuser': False, 'tenant_id': UUID('8f8edc0d-d289-4bd6-aa58-51623945c53e'), 'role': 'user', 'is_verified': True, 'mfa_enabled': False, 'mfa_secret': None, 'created_at': datetime.datetime(2025, 7, 6, 16, 5, 50, 728889, tzinfo=datetime.timezone.utc), 'updated_at': datetime.datetime(2025, 7, 6, 16, 5, 50, 729022, tzinfo=datetime.timezone.utc), 'last_login': None, 'full_name': 'Test User', 'phone_number': None}
DEBUG    app.db.session:session.py:34 Query eseguita in 0.01 secondi: INSERT INTO users (email, username, hashed_password, is_active, is_superuser, tenant_id, role, is_verified, mfa_enabled, mfa_secret, created_at, updated_at, last_login, full_name, phone_number) VALUES (%(email)s, %(username)s, %(hashed_password)s, %(is_active)s, %(is_superuser)s, %(tenant_id)s::UUID, %(role)s, %(is_verified)s, %(mfa_enabled)s, %(mfa_secret)s, %(created_at)s, %(updated_at)s, %(last_login)s, %(full_name)s, %(phone_number)s) RETURNING users.id
INFO     sqlalchemy.engine.Engine:base.py:2704 COMMIT
INFO     sqlalchemy.engine.Engine:base.py:2698 BEGIN (implicit)
INFO     sqlalchemy.engine.Engine:base.py:1842 SELECT users.id, users.email, users.username, users.hashed_password, users.is_active, users.is_superuser, users.tenant_id, users.role, users.is_verified, users.mfa_enabled, users.mfa_secret, users.created_at, users.updated_at, users.last_login, users.full_name, users.phone_number 
FROM users 
WHERE users.id = %(pk_1)s
INFO     sqlalchemy.engine.Engine:base.py:1842 [generated in 0.00130s] {'pk_1': 244}
DEBUG    app.db.session:session.py:34 Query eseguita in 0.01 secondi: SELECT users.id, users.email, users.username, users.hashed_password, users.is_active, users.is_superuser, users.tenant_id, users.role, users.is_verified, users.mfa_enabled, users.mfa_secret, users.created_at, users.updated_at, users.last_login, users.full_name, users.phone_number 
FROM users 
WHERE users.id = %(pk_1)s
INFO     sqlalchemy.engine.Engine:base.py:1842 INSERT INTO user_tenant_roles (user_id, tenant_id, role, is_active, created_at, updated_at) VALUES (%(user_id)s, %(tenant_id)s::UUID, %(role)s, %(is_active)s, %(created_at)s, %(updated_at)s) RETURNING user_tenant_roles.id
INFO     sqlalchemy.engine.Engine:base.py:1842 [generated in 0.00157s] {'user_id': 244, 'tenant_id': UUID('8f8edc0d-d289-4bd6-aa58-51623945c53e'), 'role': 'admin', 'is_active': True, 'created_at': datetime.datetime(2025, 7, 6, 16, 5, 50, 782967, tzinfo=datetime.timezone.utc), 'updated_at': datetime.datetime(2025, 7, 6, 16, 5, 50, 783021, tzinfo=datetime.timezone.utc)}
DEBUG    app.db.session:session.py:34 Query eseguita in 0.01 secondi: INSERT INTO user_tenant_roles (user_id, tenant_id, role, is_active, created_at, updated_at) VALUES (%(user_id)s, %(tenant_id)s::UUID, %(role)s, %(is_active)s, %(created_at)s, %(updated_at)s) RETURNING user_tenant_roles.id
INFO     sqlalchemy.engine.Engine:base.py:2704 COMMIT
INFO     sqlalchemy.engine.Engine:base.py:2698 BEGIN (implicit)
INFO     sqlalchemy.engine.Engine:base.py:1842 SELECT users.id AS users_id, users.email AS users_email, users.username AS users_username, users.hashed_password AS users_hashed_password, users.is_active AS users_is_active, users.is_superuser AS users_is_superuser, users.tenant_id AS users_tenant_id, users.role AS users_role, users.is_verified AS users_is_verified, users.mfa_enabled AS users_mfa_enabled, users.mfa_secret AS users_mfa_secret, users.created_at AS users_created_at, users.updated_at AS users_updated_at, users.last_login AS users_last_login, users.full_name AS users_full_name, users.phone_number AS users_phone_number 
FROM users 
WHERE users.id = %(pk_1)s
INFO     sqlalchemy.engine.Engine:base.py:1842 [generated in 0.00152s] {'pk_1': 244}
DEBUG    app.db.session:session.py:34 Query eseguita in 0.00 secondi: SELECT users.id AS users_id, users.email AS users_email, users.username AS users_username, users.hashed_password AS users_hashed_password, users.is_active AS users_is_active, users.is_superuser AS users_is_superuser, users.tenant_id AS users_tenant_id, users.role AS users_role, users.is_verified AS users_is_verified, users.mfa_enabled AS users_mfa_enabled, users.mfa_secret AS users_mfa_secret, users.created_at AS users_created_at, users.updated_at AS users_updated_at, users.last_login AS users_last_login, users.full_name AS users_full_name, users.phone_number AS users_phone_number 
FROM users 
WHERE users.id = %(pk_1)s
INFO     sqlalchemy.engine.Engine:base.py:1842 INSERT INTO houses (name, address, owner_id, tenant_id, created_at, updated_at) VALUES (%(name)s, %(address)s, %(owner_id)s, %(tenant_id)s::UUID, %(created_at)s, %(updated_at)s) RETURNING houses.id
INFO     sqlalchemy.engine.Engine:base.py:1842 [generated in 0.00119s] {'name': 'Test House', 'address': '123 Test Street', 'owner_id': 244, 'tenant_id': UUID('8f8edc0d-d289-4bd6-aa58-51623945c53e'), 'created_at': datetime.datetime(2025, 7, 6, 16, 5, 50, 814471, tzinfo=datetime.timezone.utc), 'updated_at': datetime.datetime(2025, 7, 6, 16, 5, 50, 814516, tzinfo=datetime.timezone.utc)}
DEBUG    app.db.session:session.py:34 Query eseguita in 0.01 secondi: INSERT INTO houses (name, address, owner_id, tenant_id, created_at, updated_at) VALUES (%(name)s, %(address)s, %(owner_id)s, %(tenant_id)s::UUID, %(created_at)s, %(updated_at)s) RETURNING houses.id
INFO     sqlalchemy.engine.Engine:base.py:2704 COMMIT
INFO     sqlalchemy.engine.Engine:base.py:2698 BEGIN (implicit)
INFO     sqlalchemy.engine.Engine:base.py:1842 SELECT houses.id, houses.name, houses.address, houses.owner_id, houses.tenant_id, houses.created_at, houses.updated_at 
FROM houses 
WHERE houses.id = %(pk_1)s
INFO     sqlalchemy.engine.Engine:base.py:1842 [generated in 0.00179s] {'pk_1': 121}
DEBUG    app.db.session:session.py:34 Query eseguita in 0.00 secondi: SELECT houses.id, houses.name, houses.address, houses.owner_id, houses.tenant_id, houses.created_at, houses.updated_at 
FROM houses 
WHERE houses.id = %(pk_1)s
INFO     sqlalchemy.engine.Engine:base.py:1842 SELECT users.id AS users_id, users.email AS users_email, users.username AS users_username, users.hashed_password AS users_hashed_password, users.is_active AS users_is_active, users.is_superuser AS users_is_superuser, users.tenant_id AS users_tenant_id, users.role AS users_role, users.is_verified AS users_is_verified, users.mfa_enabled AS users_mfa_enabled, users.mfa_secret AS users_mfa_secret, users.created_at AS users_created_at, users.updated_at AS users_updated_at, users.last_login AS users_last_login, users.full_name AS users_full_name, users.phone_number AS users_phone_number 
FROM users 
WHERE users.id = %(pk_1)s
INFO     sqlalchemy.engine.Engine:base.py:1842 [cached since 0.04282s ago] {'pk_1': 244}
DEBUG    app.db.session:session.py:34 Query eseguita in 0.00 secondi: SELECT users.id AS users_id, users.email AS users_email, users.username AS users_username, users.hashed_password AS users_hashed_password, users.is_active AS users_is_active, users.is_superuser AS users_is_superuser, users.tenant_id AS users_tenant_id, users.role AS users_role, users.is_verified AS users_is_verified, users.mfa_enabled AS users_mfa_enabled, users.mfa_secret AS users_mfa_secret, users.created_at AS users_created_at, users.updated_at AS users_updated_at, users.last_login AS users_last_login, users.full_name AS users_full_name, users.phone_number AS users_phone_number 
FROM users 
WHERE users.id = %(pk_1)s
INFO     app.core.middleware:middleware.py:54 {"method": "POST", "url": "http://testserver/api/v1/auth/token", "client_ip": "testclient", "user_agent": "testclient", "event_name": "request_started", "status": "started", "event": "Request started", "level": "info", "timestamp": "2025-07-06T16:05:50.853306+00:00", "trace_id": "4964da18-fc8c-4de9-93b4-e30b2d723f6d", "request_id": "a1562039-ef60-44f2-bf5c-b1fd13855c5f", "service": "eterna-home-api", "version": "1.0.0", "environment": "test", "event_type": "general"}
DEBUG    python_multipart.multipart:multipart.py:628 Calling on_field_start with no data
DEBUG    python_multipart.multipart:multipart.py:625 Calling on_field_name with data[0:8]
DEBUG    python_multipart.multipart:multipart.py:625 Calling on_field_data with data[9:40]
DEBUG    python_multipart.multipart:multipart.py:628 Calling on_field_end with no data
DEBUG    python_multipart.multipart:multipart.py:628 Calling on_field_start with no data
DEBUG    python_multipart.multipart:multipart.py:625 Calling on_field_name with data[41:49]
DEBUG    python_multipart.multipart:multipart.py:625 Calling on_field_data with data[50:68]
DEBUG    python_multipart.multipart:multipart.py:628 Calling on_field_end with no data
DEBUG    python_multipart.multipart:multipart.py:628 Calling on_end with no data
DEBUG    app.db.session:session.py:41 Sessione creata in 0.00 secondi
DEBUG    app.db.session:session.py:42 Session type in get_session: <class 'sqlmodel.orm.session.Session'>
DEBUG    app.db.session:session.py:44 Yielding session from get_session
INFO     app.routers.auth:auth.py:77 {"username": "testuser_2a7e05c0@example.com", "client_ip": "testclient", "event": "Login attempt", "level": "info", "timestamp": "2025-07-06T16:05:50.891076+00:00", "trace_id": "4964da18-fc8c-4de9-93b4-e30b2d723f6d", "request_id": "a1562039-ef60-44f2-bf5c-b1fd13855c5f", "service": "eterna-home-api", "version": "1.0.0", "environment": "test", "event_type": "authentication"}
INFO     sqlalchemy.engine.Engine:base.py:1842 select pg_catalog.version()
INFO     sqlalchemy.engine.Engine:base.py:1842 [raw sql] {}
INFO     sqlalchemy.engine.Engine:base.py:1842 select current_schema()
INFO     sqlalchemy.engine.Engine:base.py:1842 [raw sql] {}
INFO     sqlalchemy.engine.Engine:base.py:1842 show standard_conforming_strings
INFO     sqlalchemy.engine.Engine:base.py:1842 [raw sql] {}
INFO     sqlalchemy.engine.Engine:base.py:2698 BEGIN (implicit)
INFO     sqlalchemy.engine.Engine:base.py:1842 SELECT users.id, users.email, users.username, users.hashed_password, users.is_active, users.is_superuser, users.tenant_id, users.role, users.is_verified, users.mfa_enabled, users.mfa_secret, users.created_at, users.updated_at, users.last_login, users.full_name, users.phone_number 
FROM users 
WHERE users.email = %(email_1)s
INFO     sqlalchemy.engine.Engine:base.py:1842 [generated in 0.00184s] {'email_1': 'testuser_2a7e05c0@example.com'}
DEBUG    app.db.session:session.py:34 Query eseguita in 0.01 secondi: SELECT users.id, users.email, users.username, users.hashed_password, users.is_active, users.is_superuser, users.tenant_id, users.role, users.is_verified, users.mfa_enabled, users.mfa_secret, users.created_at, users.updated_at, users.last_login, users.full_name, users.phone_number 
FROM users 
WHERE users.email = %(email_1)s
INFO     sqlalchemy.engine.Engine:base.py:1842 SELECT users.id, users.email, users.username, users.hashed_password, users.is_active, users.is_superuser, users.tenant_id, users.role, users.is_verified, users.mfa_enabled, users.mfa_secret, users.created_at, users.updated_at, users.last_login, users.full_name, users.phone_number 
FROM users 
WHERE users.email = %(email_1)s
INFO     sqlalchemy.engine.Engine:base.py:1842 [cached since 0.01524s ago] {'email_1': 'testuser_2a7e05c0@example.com'}
DEBUG    app.db.session:session.py:34 Query eseguita in 0.00 secondi: SELECT users.id, users.email, users.username, users.hashed_password, users.is_active, users.is_superuser, users.tenant_id, users.role, users.is_verified, users.mfa_enabled, users.mfa_secret, users.created_at, users.updated_at, users.last_login, users.full_name, users.phone_number 
FROM users 
WHERE users.email = %(email_1)s
WARNING  passlib.handlers.bcrypt:bcrypt.py:622 (trapped) error reading bcrypt version
Traceback (most recent call last):
  File "C:\Users\flavi\Eterna-Home\venv\Lib\site-packages\passlib\handlers\bcrypt.py", line 620, in _load_backend_mixin
    version = _bcrypt.__about__.__version__
              ^^^^^^^^^^^^^^^^^
AttributeError: module 'bcrypt' has no attribute '__about__'
DEBUG    passlib.handlers.bcrypt:bcrypt.py:625 detected 'bcrypt' backend, version '<unknown>'
DEBUG    passlib.handlers.bcrypt:bcrypt.py:406 'bcrypt' backend lacks $2$ support, enabling workaround
INFO     app.routers.auth:auth.py:117 {"user_id": 244, "email": "testuser_2a7e05c0@example.com", "username": "testuser_078091dc", "event": "Login successful", "level": "info", "timestamp": "2025-07-06T16:05:52.083323+00:00", "trace_id": "4964da18-fc8c-4de9-93b4-e30b2d723f6d", "request_id": "a1562039-ef60-44f2-bf5c-b1fd13855c5f", "service": "eterna-home-api", "version": "1.0.0", "environment": "test", "event_type": "authentication"}
INFO     sqlalchemy.engine.Engine:base.py:2701 ROLLBACK
DEBUG    app.db.session:session.py:48 Sessione chiusa in 1.20 secondi
INFO     app.core.middleware:middleware.py:72 {"method": "POST", "url": "http://testserver/api/v1/auth/token", "status_code": 200, "duration": 1.234302043914795, "event_name": "request_completed", "status": "success", "event": "Request completed", "level": "info", "timestamp": "2025-07-06T16:05:52.087496+00:00", "trace_id": "4964da18-fc8c-4de9-93b4-e30b2d723f6d", "request_id": "a1562039-ef60-44f2-bf5c-b1fd13855c5f", "service": "eterna-home-api", "version": "1.0.0", "environment": "test", "event_type": "general"}
INFO     httpx:_client.py:1025 HTTP Request: POST http://testserver/api/v1/auth/token "HTTP/1.1 200 OK"
INFO     app.core.middleware:middleware.py:54 {"method": "POST", "url": "http://testserver/api/v1/documents/upload", "client_ip": "testclient", "user_agent": "testclient", "event_name": "request_started", "status": "started", "event": "Request started", "level": "info", "timestamp": "2025-07-06T16:05:52.094148+00:00", "trace_id": "c2cf4ccf-78ab-42fe-9c5a-405c2b3be00e", "request_id": "9fa42eea-a8cd-4afc-aa1b-61f98479e90e", "service": "eterna-home-api", "version": "1.0.0", "environment": "test", "event_type": "general"}
DEBUG    python_multipart.multipart:multipart.py:628 Calling on_part_begin with no data
DEBUG    python_multipart.multipart:multipart.py:625 Calling on_header_field with data[36:55]
DEBUG    python_multipart.multipart:multipart.py:625 Calling on_header_value with data[57:80]
DEBUG    python_multipart.multipart:multipart.py:628 Calling on_header_end with no data
DEBUG    python_multipart.multipart:multipart.py:628 Calling on_headers_finished with no data
DEBUG    python_multipart.multipart:multipart.py:625 Calling on_part_data with data[84:97]
DEBUG    python_multipart.multipart:multipart.py:628 Calling on_part_end with no data
DEBUG    python_multipart.multipart:multipart.py:628 Calling on_part_begin with no data
DEBUG    python_multipart.multipart:multipart.py:625 Calling on_header_field with data[135:154]
DEBUG    python_multipart.multipart:multipart.py:625 Calling on_header_value with data[156:185]
DEBUG    python_multipart.multipart:multipart.py:628 Calling on_header_end with no data
DEBUG    python_multipart.multipart:multipart.py:628 Calling on_headers_finished with no data
DEBUG    python_multipart.multipart:multipart.py:625 Calling on_part_data with data[189:214]
DEBUG    python_multipart.multipart:multipart.py:628 Calling on_part_end with no data
DEBUG    python_multipart.multipart:multipart.py:628 Calling on_part_begin with no data
DEBUG    python_multipart.multipart:multipart.py:625 Calling on_header_field with data[252:271]
DEBUG    python_multipart.multipart:multipart.py:625 Calling on_header_value with data[273:304]
DEBUG    python_multipart.multipart:multipart.py:628 Calling on_header_end with no data
DEBUG    python_multipart.multipart:multipart.py:628 Calling on_headers_finished with no data
DEBUG    python_multipart.multipart:multipart.py:625 Calling on_part_data with data[308:315]
DEBUG    python_multipart.multipart:multipart.py:628 Calling on_part_end with no data
DEBUG    python_multipart.multipart:multipart.py:628 Calling on_part_begin with no data
DEBUG    python_multipart.multipart:multipart.py:625 Calling on_header_field with data[353:372]
DEBUG    python_multipart.multipart:multipart.py:625 Calling on_header_value with data[374:400]
DEBUG    python_multipart.multipart:multipart.py:628 Calling on_header_end with no data
DEBUG    python_multipart.multipart:multipart.py:628 Calling on_headers_finished with no data
DEBUG    python_multipart.multipart:multipart.py:625 Calling on_part_data with data[404:407]
DEBUG    python_multipart.multipart:multipart.py:628 Calling on_part_end with no data
DEBUG    python_multipart.multipart:multipart.py:628 Calling on_part_begin with no data
DEBUG    python_multipart.multipart:multipart.py:625 Calling on_header_field with data[445:464]
DEBUG    python_multipart.multipart:multipart.py:625 Calling on_header_value with data[466:518]
DEBUG    python_multipart.multipart:multipart.py:628 Calling on_header_end with no data
DEBUG    python_multipart.multipart:multipart.py:625 Calling on_header_field with data[520:532]
DEBUG    python_multipart.multipart:multipart.py:625 Calling on_header_value with data[534:549]
DEBUG    python_multipart.multipart:multipart.py:628 Calling on_header_end with no data
DEBUG    python_multipart.multipart:multipart.py:628 Calling on_headers_finished with no data
DEBUG    python_multipart.multipart:multipart.py:625 Calling on_part_data with data[553:570]
DEBUG    python_multipart.multipart:multipart.py:628 Calling on_part_end with no data
DEBUG    python_multipart.multipart:multipart.py:628 Calling on_end with no data
DEBUG    app.db.session:session.py:41 Sessione creata in 0.00 secondi
DEBUG    app.db.session:session.py:42 Session type in get_session: <class 'sqlmodel.orm.session.Session'>
DEBUG    app.db.session:session.py:44 Yielding session from get_session
INFO     sqlalchemy.engine.Engine:base.py:2698 BEGIN (implicit)
INFO     sqlalchemy.engine.Engine:base.py:1842 SELECT users.id, users.email, users.username, users.hashed_password, users.is_active, users.is_superuser, users.tenant_id, users.role, users.is_verified, users.mfa_enabled, users.mfa_secret, users.created_at, users.updated_at, users.last_login, users.full_name, users.phone_number 
FROM users 
WHERE users.email = %(email_1)s
INFO     sqlalchemy.engine.Engine:base.py:1842 [generated in 0.00116s] {'email_1': 'testuser_2a7e05c0@example.com'}
DEBUG    app.db.session:session.py:34 Query eseguita in 0.00 secondi: SELECT users.id, users.email, users.username, users.hashed_password, users.is_active, users.is_superuser, users.tenant_id, users.role, users.is_verified, users.mfa_enabled, users.mfa_secret, users.created_at, users.updated_at, users.last_login, users.full_name, users.phone_number 
FROM users 
WHERE users.email = %(email_1)s
DEBUG    app.db.session:session.py:41 Sessione creata in 0.00 secondi
DEBUG    app.db.session:session.py:42 Session type in get_session: <class 'sqlmodel.orm.session.Session'>
DEBUG    app.db.session:session.py:44 Yielding session from get_session
DEBUG    app.db.session:session.py:48 Sessione chiusa in 0.00 secondi
INFO     sqlalchemy.engine.Engine:base.py:2698 BEGIN (implicit)
INFO     sqlalchemy.engine.Engine:base.py:1842 SELECT user_tenant_roles.id, user_tenant_roles.user_id, user_tenant_roles.tenant_id, user_tenant_roles.role, user_tenant_roles.is_active, user_tenant_roles.created_at, user_tenant_roles.updated_at 
FROM user_tenant_roles 
WHERE user_tenant_roles.user_id = %(user_id_1)s AND user_tenant_roles.tenant_id = %(tenant_id_1)s::UUID AND user_tenant_roles.role IN (%(role_1_1)s, %(role_1_2)s, %(role_1_3)s) AND user_tenant_roles.is_active = true
INFO     sqlalchemy.engine.Engine:base.py:1842 [generated in 0.00266s] {'user_id_1': 244, 'tenant_id_1': UUID('8f8edc0d-d289-4bd6-aa58-51623945c53e'), 'role_1_1': 'editor', 'role_1_2': 'admin', 'role_1_3': 'super_admin'}
DEBUG    app.db.session:session.py:34 Query eseguita in 0.01 secondi: SELECT user_tenant_roles.id, user_tenant_roles.user_id, user_tenant_roles.tenant_id, user_tenant_roles.role, user_tenant_roles.is_active, user_tenant_roles.created_at, user_tenant_roles.updated_at 
FROM user_tenant_roles 
WHERE user_tenant_roles.user_id = %(user_id_1)s AND user_tenant_roles.tenant_id = %(tenant_id_1)s::UUID AND user_tenant_roles.role IN (%(role_1_1)s, %(role_1_2)s, %(role_1_3)s) AND user_tenant_roles.is_active = true
INFO     sqlalchemy.engine.Engine:base.py:2701 ROLLBACK
DEBUG    app.db.session:session.py:41 Sessione creata in 0.00 secondi
DEBUG    app.db.session:session.py:42 Session type in get_session: <class 'sqlmodel.orm.session.Session'>
DEBUG    app.db.session:session.py:44 Yielding session from get_session
DEBUG    app.db.session:session.py:48 Sessione chiusa in 0.00 secondi
INFO     sqlalchemy.engine.Engine:base.py:2698 BEGIN (implicit)
INFO     sqlalchemy.engine.Engine:base.py:1842 SELECT houses.id 
FROM houses 
WHERE houses.id = %(id_1)s AND houses.owner_id = %(owner_id_1)s AND houses.tenant_id = %(tenant_id_1)s::UUID
INFO     sqlalchemy.engine.Engine:base.py:1842 [generated in 0.00109s] {'id_1': 121, 'owner_id_1': 244, 'tenant_id_1': UUID('8f8edc0d-d289-4bd6-aa58-51623945c53e')}
DEBUG    app.db.session:session.py:34 Query eseguita in 0.00 secondi: SELECT houses.id 
FROM houses 
WHERE houses.id = %(id_1)s AND houses.owner_id = %(owner_id_1)s AND houses.tenant_id = %(tenant_id_1)s::UUID
INFO     sqlalchemy.engine.Engine:base.py:2701 ROLLBACK
INFO     app.core.auth.rbac:rbac.py:351 {"extra": {"user_id": 244, "house_id": 121, "tenant_id": "UUID('8f8edc0d-d289-4bd6-aa58-51623945c53e')", "endpoint": "upload_document"}, "event": "Accesso a casa verificato", "level": "info", "timestamp": "2025-07-06T16:05:52.383648+00:00", "trace_id": "c2cf4ccf-78ab-42fe-9c5a-405c2b3be00e", "request_id": "9fa42eea-a8cd-4afc-aa1b-61f98479e90e", "service": "eterna-home-api", "version": "1.0.0", "environment": "test", "event_type": "general"}
INFO     sqlalchemy.engine.Engine:base.py:1842 SELECT houses.id AS houses_id, houses.name AS houses_name, houses.address AS houses_address, houses.owner_id AS houses_owner_id, houses.tenant_id AS houses_tenant_id, houses.created_at AS houses_created_at, houses.updated_at AS houses_updated_at 
FROM houses 
WHERE houses.id = %(pk_1)s
INFO     sqlalchemy.engine.Engine:base.py:1842 [generated in 0.00107s] {'pk_1': 121}
DEBUG    app.db.session:session.py:34 Query eseguita in 0.00 secondi: SELECT houses.id AS houses_id, houses.name AS houses_name, houses.address AS houses_address, houses.owner_id AS houses_owner_id, houses.tenant_id AS houses_tenant_id, houses.created_at AS houses_created_at, houses.updated_at AS houses_updated_at 
FROM houses 
WHERE houses.id = %(pk_1)s
ERROR    app.routers.document:document.py:123 {"user_id": 244, "house_id": 121, "tenant_id": "UUID('8f8edc0d-d289-4bd6-aa58-51623945c53e')", "error": "'coroutine' object is not subscriptable", "event": "Errore durante upload documento", "level": "error", "timestamp": "2025-07-06T16:05:52.396579+00:00", "trace_id": "c2cf4ccf-78ab-42fe-9c5a-405c2b3be00e", "request_id": "9fa42eea-a8cd-4afc-aa1b-61f98479e90e", "service": "eterna-home-api", "version": "1.0.0", "environment": "test", "event_type": "file_operation"}
INFO     sqlalchemy.engine.Engine:base.py:2701 ROLLBACK
DEBUG    app.db.session:session.py:48 Sessione chiusa in 0.28 secondi
ERROR    app.db.session:session.py:52 Errore durante la creazione della sessione dopo 0.28 secondi: 500: Errore durante il caricamento del documento
INFO     app.core.middleware:middleware.py:72 {"method": "POST", "url": "http://testserver/api/v1/documents/upload", "status_code": 500, "duration": 0.31409406661987305, "event_name": "request_completed", "status": "failed", "event": "Request completed", "level": "info", "timestamp": "2025-07-06T16:05:52.408198+00:00", "trace_id": "c2cf4ccf-78ab-42fe-9c5a-405c2b3be00e", "request_id": "9fa42eea-a8cd-4afc-aa1b-61f98479e90e", "service": "eterna-home-api", "version": "1.0.0", "environment": "test", "event_type": "general"}
WARNING  operations:logging_config.py:321 {"operation_type": "document_upload", "status": "failed", "event_type": "file_operation", "metadata": {"endpoint": "/api/v1/documents/upload"}, "event": "Operation Failed: document_upload", "level": "warning", "timestamp": "2025-07-06T16:05:52.409343+00:00", "trace_id": "c2cf4ccf-78ab-42fe-9c5a-405c2b3be00e", "request_id": "9fa42eea-a8cd-4afc-aa1b-61f98479e90e", "service": "eterna-home-api", "version": "1.0.0", "environment": "test"}
INFO     httpx:_client.py:1025 HTTP Request: POST http://testserver/api/v1/documents/upload "HTTP/1.1 500 Internal Server Error"
-------------------------- Captured stdout teardown ---------------------------
2025-07-06 18:05:53,205 INFO sqlalchemy.engine.Engine ROLLBACK
2025-07-06 18:05:53,213 INFO sqlalchemy.engine.Engine BEGIN (implicit)
2025-07-06 18:05:53,214 INFO sqlalchemy.engine.Engine DELETE FROM user_roles
2025-07-06 18:05:53,215 INFO sqlalchemy.engine.Engine [generated in 0.00101s] {}
2025-07-06 18:05:53,219 INFO sqlalchemy.engine.Engine DELETE FROM user_tenant_roles
2025-07-06 18:05:53,220 INFO sqlalchemy.engine.Engine [generated in 0.00106s] {}
2025-07-06 18:05:53,224 INFO sqlalchemy.engine.Engine DELETE FROM role_permissions
2025-07-06 18:05:53,225 INFO sqlalchemy.engine.Engine [generated in 0.00120s] {}
2025-07-06 18:05:53,231 INFO sqlalchemy.engine.Engine DELETE FROM roles
2025-07-06 18:05:53,234 INFO sqlalchemy.engine.Engine [generated in 0.00354s] {}
2025-07-06 18:05:53,243 INFO sqlalchemy.engine.Engine DELETE FROM maintenance_records
2025-07-06 18:05:53,246 INFO sqlalchemy.engine.Engine [generated in 0.00311s] {}
2025-07-06 18:05:53,255 INFO sqlalchemy.engine.Engine DELETE FROM bookings
2025-07-06 18:05:53,256 INFO sqlalchemy.engine.Engine [generated in 0.00107s] {}
2025-07-06 18:05:53,259 INFO sqlalchemy.engine.Engine DELETE FROM rooms
2025-07-06 18:05:53,260 INFO sqlalchemy.engine.Engine [generated in 0.00095s] {}
2025-07-06 18:05:53,264 INFO sqlalchemy.engine.Engine DELETE FROM nodes
2025-07-06 18:05:53,265 INFO sqlalchemy.engine.Engine [generated in 0.00098s] {}
2025-07-06 18:05:53,273 INFO sqlalchemy.engine.Engine DELETE FROM documents
2025-07-06 18:05:53,275 INFO sqlalchemy.engine.Engine [generated in 0.00248s] {}
2025-07-06 18:05:53,286 INFO sqlalchemy.engine.Engine DELETE FROM document_versions
2025-07-06 18:05:53,287 INFO sqlalchemy.engine.Engine [generated in 0.00156s] {}
2025-07-06 18:05:53,295 INFO sqlalchemy.engine.Engine DELETE FROM user_houses
2025-07-06 18:05:53,298 INFO sqlalchemy.engine.Engine [generated in 0.00366s] {}
2025-07-06 18:05:53,303 INFO sqlalchemy.engine.Engine DELETE FROM user_tenant_roles
2025-07-06 18:05:53,306 INFO sqlalchemy.engine.Engine [cached since 0.0871s ago] {}
2025-07-06 18:05:53,314 INFO sqlalchemy.engine.Engine DELETE FROM houses
2025-07-06 18:05:53,315 INFO sqlalchemy.engine.Engine [generated in 0.00132s] {}
2025-07-06 18:05:53,331 INFO sqlalchemy.engine.Engine ROLLBACK
-------------------------- Captured stderr teardown ---------------------------
INFO:sqlalchemy.engine.Engine:ROLLBACK
DEBUG:conftest:Test client closed
INFO:app.main:{"event_name": "application_shutdown", "status": "shutdown", "service": "eterna-home-api", "event": "Shutting down Eterna-Home API", "level": "info", "timestamp": "2025-07-06T16:05:53.208433+00:00", "trace_id": "ea245455-8e72-4214-b4b3-9e329cbe0439", "request_id": "6b015486-2336-4e9b-a07d-d823fab83f0d", "version": "1.0.0", "environment": "test", "event_type": "general"}
DEBUG:tests.conftest_redis:Restored original Redis client
INFO:sqlalchemy.engine.Engine:BEGIN (implicit)
INFO:sqlalchemy.engine.Engine:DELETE FROM user_roles
INFO:sqlalchemy.engine.Engine:[generated in 0.00101s] {}
DEBUG:app.db.session:Query eseguita in 0.00 secondi: DELETE FROM user_roles
INFO:sqlalchemy.engine.Engine:DELETE FROM user_tenant_roles
INFO:sqlalchemy.engine.Engine:[generated in 0.00106s] {}
DEBUG:app.db.session:Query eseguita in 0.00 secondi: DELETE FROM user_tenant_roles
INFO:sqlalchemy.engine.Engine:DELETE FROM role_permissions
INFO:sqlalchemy.engine.Engine:[generated in 0.00120s] {}
DEBUG:app.db.session:Query eseguita in 0.00 secondi: DELETE FROM role_permissions
INFO:sqlalchemy.engine.Engine:DELETE FROM roles
INFO:sqlalchemy.engine.Engine:[generated in 0.00354s] {}
DEBUG:app.db.session:Query eseguita in 0.01 secondi: DELETE FROM roles
INFO:sqlalchemy.engine.Engine:DELETE FROM maintenance_records
INFO:sqlalchemy.engine.Engine:[generated in 0.00311s] {}
DEBUG:app.db.session:Query eseguita in 0.01 secondi: DELETE FROM maintenance_records
INFO:sqlalchemy.engine.Engine:DELETE FROM bookings
INFO:sqlalchemy.engine.Engine:[generated in 0.00107s] {}
DEBUG:app.db.session:Query eseguita in 0.00 secondi: DELETE FROM bookings
INFO:sqlalchemy.engine.Engine:DELETE FROM rooms
INFO:sqlalchemy.engine.Engine:[generated in 0.00095s] {}
DEBUG:app.db.session:Query eseguita in 0.00 secondi: DELETE FROM rooms
INFO:sqlalchemy.engine.Engine:DELETE FROM nodes
INFO:sqlalchemy.engine.Engine:[generated in 0.00098s] {}
DEBUG:app.db.session:Query eseguita in 0.00 secondi: DELETE FROM nodes
INFO:sqlalchemy.engine.Engine:DELETE FROM documents
INFO:sqlalchemy.engine.Engine:[generated in 0.00248s] {}
DEBUG:app.db.session:Query eseguita in 0.01 secondi: DELETE FROM documents
INFO:sqlalchemy.engine.Engine:DELETE FROM document_versions
INFO:sqlalchemy.engine.Engine:[generated in 0.00156s] {}
DEBUG:app.db.session:Query eseguita in 0.01 secondi: DELETE FROM document_versions
INFO:sqlalchemy.engine.Engine:DELETE FROM user_houses
INFO:sqlalchemy.engine.Engine:[generated in 0.00366s] {}
DEBUG:app.db.session:Query eseguita in 0.01 secondi: DELETE FROM user_houses
INFO:sqlalchemy.engine.Engine:DELETE FROM user_tenant_roles
INFO:sqlalchemy.engine.Engine:[cached since 0.0871s ago] {}
DEBUG:app.db.session:Query eseguita in 0.01 secondi: DELETE FROM user_tenant_roles
INFO:sqlalchemy.engine.Engine:DELETE FROM houses
INFO:sqlalchemy.engine.Engine:[generated in 0.00132s] {}
INFO:sqlalchemy.engine.Engine:ROLLBACK
ERROR:conftest:[TEST] Errore durante la pulizia del database: (psycopg2.errors.ForeignKeyViolation) ERRORE:  l'istruzione UPDATE o DELETE sulla tabella "houses" viola il vincolo di chiave esterna "bim_models_house_id_fkey" sulla tabella "bim_models"
DETAIL:  La chiave (id)=(4) Þ ancora referenziata dalla tabella "bim_models".

[SQL: DELETE FROM houses]
(Background on this error at: https://sqlalche.me/e/20/gkpj)
---------------------------- Captured log teardown ----------------------------
INFO     sqlalchemy.engine.Engine:base.py:2701 ROLLBACK
DEBUG    conftest:conftest.py:197 Test client closed
INFO     app.main:main.py:107 {"event_name": "application_shutdown", "status": "shutdown", "service": "eterna-home-api", "event": "Shutting down Eterna-Home API", "level": "info", "timestamp": "2025-07-06T16:05:53.208433+00:00", "trace_id": "ea245455-8e72-4214-b4b3-9e329cbe0439", "request_id": "6b015486-2336-4e9b-a07d-d823fab83f0d", "version": "1.0.0", "environment": "test", "event_type": "general"}
DEBUG    tests.conftest_redis:conftest_redis.py:29 Restored original Redis client
INFO     sqlalchemy.engine.Engine:base.py:2698 BEGIN (implicit)
INFO     sqlalchemy.engine.Engine:base.py:1842 DELETE FROM user_roles
INFO     sqlalchemy.engine.Engine:base.py:1842 [generated in 0.00101s] {}
DEBUG    app.db.session:session.py:34 Query eseguita in 0.00 secondi: DELETE FROM user_roles
INFO     sqlalchemy.engine.Engine:base.py:1842 DELETE FROM user_tenant_roles
INFO     sqlalchemy.engine.Engine:base.py:1842 [generated in 0.00106s] {}
DEBUG    app.db.session:session.py:34 Query eseguita in 0.00 secondi: DELETE FROM user_tenant_roles
INFO     sqlalchemy.engine.Engine:base.py:1842 DELETE FROM role_permissions
INFO     sqlalchemy.engine.Engine:base.py:1842 [generated in 0.00120s] {}
DEBUG    app.db.session:session.py:34 Query eseguita in 0.00 secondi: DELETE FROM role_permissions
INFO     sqlalchemy.engine.Engine:base.py:1842 DELETE FROM roles
INFO     sqlalchemy.engine.Engine:base.py:1842 [generated in 0.00354s] {}
DEBUG    app.db.session:session.py:34 Query eseguita in 0.01 secondi: DELETE FROM roles
INFO     sqlalchemy.engine.Engine:base.py:1842 DELETE FROM maintenance_records
INFO     sqlalchemy.engine.Engine:base.py:1842 [generated in 0.00311s] {}
DEBUG    app.db.session:session.py:34 Query eseguita in 0.01 secondi: DELETE FROM maintenance_records
INFO     sqlalchemy.engine.Engine:base.py:1842 DELETE FROM bookings
INFO     sqlalchemy.engine.Engine:base.py:1842 [generated in 0.00107s] {}
DEBUG    app.db.session:session.py:34 Query eseguita in 0.00 secondi: DELETE FROM bookings
INFO     sqlalchemy.engine.Engine:base.py:1842 DELETE FROM rooms
INFO     sqlalchemy.engine.Engine:base.py:1842 [generated in 0.00095s] {}
DEBUG    app.db.session:session.py:34 Query eseguita in 0.00 secondi: DELETE FROM rooms
INFO     sqlalchemy.engine.Engine:base.py:1842 DELETE FROM nodes
INFO     sqlalchemy.engine.Engine:base.py:1842 [generated in 0.00098s] {}
DEBUG    app.db.session:session.py:34 Query eseguita in 0.00 secondi: DELETE FROM nodes
INFO     sqlalchemy.engine.Engine:base.py:1842 DELETE FROM documents
INFO     sqlalchemy.engine.Engine:base.py:1842 [generated in 0.00248s] {}
DEBUG    app.db.session:session.py:34 Query eseguita in 0.01 secondi: DELETE FROM documents
INFO     sqlalchemy.engine.Engine:base.py:1842 DELETE FROM document_versions
INFO     sqlalchemy.engine.Engine:base.py:1842 [generated in 0.00156s] {}
DEBUG    app.db.session:session.py:34 Query eseguita in 0.01 secondi: DELETE FROM document_versions
INFO     sqlalchemy.engine.Engine:base.py:1842 DELETE FROM user_houses
INFO     sqlalchemy.engine.Engine:base.py:1842 [generated in 0.00366s] {}
DEBUG    app.db.session:session.py:34 Query eseguita in 0.01 secondi: DELETE FROM user_houses
INFO     sqlalchemy.engine.Engine:base.py:1842 DELETE FROM user_tenant_roles
INFO     sqlalchemy.engine.Engine:base.py:1842 [cached since 0.0871s ago] {}
DEBUG    app.db.session:session.py:34 Query eseguita in 0.01 secondi: DELETE FROM user_tenant_roles
INFO     sqlalchemy.engine.Engine:base.py:1842 DELETE FROM houses
INFO     sqlalchemy.engine.Engine:base.py:1842 [generated in 0.00132s] {}
INFO     sqlalchemy.engine.Engine:base.py:2701 ROLLBACK
ERROR    conftest:conftest.py:123 [TEST] Errore durante la pulizia del database: (psycopg2.errors.ForeignKeyViolation) ERRORE:  l'istruzione UPDATE o DELETE sulla tabella "houses" viola il vincolo di chiave esterna "bim_models_house_id_fkey" sulla tabella "bim_models"
DETAIL:  La chiave (id)=(4) Þ ancora referenziata dalla tabella "bim_models".

[SQL: DELETE FROM houses]
(Background on this error at: https://sqlalche.me/e/20/gkpj)
============================== warnings summary ===============================
venv\Lib\site-packages\aio_pika\abc.py:41
  C:\Users\flavi\Eterna-Home\venv\Lib\site-packages\aio_pika\abc.py:41: DeprecationWarning: datetime.datetime.utcfromtimestamp() is deprecated and scheduled for removal in a future version. Use timezone-aware objects to represent datetimes in UTC: datetime.datetime.fromtimestamp(timestamp, datetime.UTC).
    ZERO_TIME = datetime.utcfromtimestamp(0)

tests/api/test_documents.py::test_upload_document_file
  C:\Users\flavi\Eterna-Home\venv\Lib\site-packages\starlette\_exception_handler.py:63: RuntimeWarning: coroutine 'mock_minio_service.<locals>.mock_upload_file' was never awaited
    await response(scope, receive, sender)
  Enable tracemalloc to get traceback where the object was allocated.
  See https://docs.pytest.org/en/stable/how-to/capture-warnings.html#resource-warnings for more info.

-- Docs: https://docs.pytest.org/en/stable/how-to/capture-warnings.html
=========================== short test summary info ===========================
FAILED tests/api/test_documents.py::test_upload_document_file - AssertionError: Errore creazione documento: {"detail":"Errore durante il caricamento del documento"}
assert 500 == 200
 +  where 500 = <Response [500 Internal Server Error]>.status_code
!!!!!!!!!!!!!!!!!!!!!!!!!! stopping after 1 failures !!!!!!!!!!!!!!!!!!!!!!!!!!
======================== 1 failed, 2 warnings in 9.76s ========================
